Microchip MPLAB XC8 Compiler V2.20

Linker command line:

-W-3 --edf=C:\Program Files\Microchip\xc8\v2.20\pic\dat\en_msgs.txt -cn \
  -h+dist/default/production\Lab3.X.production.sym \
  --cmf=dist/default/production\Lab3.X.production.cmf -z -Q16F887 \
  -oC:\Users\galic\AppData\Local\Temp\sbdg.2 --defsym=__MPLAB_BUILD=1 \
  -Mdist/default/production/Lab3.X.production.map -E1 -ver=XC8 Compiler \
  --acfsm=1493 -ASTACK=0110h-016Fh -pstack=STACK -ACODE=00h-07FFhx4 \
  -ASTRCODE=00h-01FFFh -ASTRING=00h-0FFhx32 -ACONST=00h-0FFhx32 \
  -AENTRY=00h-0FFhx32 -ACOMMON=070h-07Fh -ABANK0=020h-06Fh \
  -ABANK1=0A0h-0EFh -ABANK2=0110h-016Fh -ABANK3=0190h-01EFh \
  -ARAM=020h-06Fh,0A0h-0EFh,0110h-016Fh,0190h-01EFh \
  -AABS1=020h-07Fh,0A0h-0EFh,0110h-016Fh,0190h-01EFh -ASFR0=00h-01Fh \
  -ASFR1=080h-09Fh -ASFR2=0100h-010Fh -ASFR3=0180h-018Fh \
  -ACONFIG=02007h-02008h -DCONFIG=2 -AIDLOC=02000h-02003h -DIDLOC=2 \
  -preset_vec=00h,intentry=04h,init,end_init -ppowerup=CODE -pcinit=CODE \
  -pfunctab=ENTRY -AEEDATA=00h-0FFh/02100h -peeprom_data=EEDATA -DEEDATA=2 \
  -DCODE=2 -DSTRCODE=2 -DSTRING=2 -DCONST=2 -DENTRY=2 -k \
  C:\Users\galic\AppData\Local\Temp\sbdg.o \
  dist/default/production\Lab3.X.production.o 

Object code version is 3.11

Machine type is 16F887



                Name                               Link     Load   Length Selector   Space Scale
C:\Users\galic\AppData\Local\Temp\sbdg.o
                end_init                             12       12        3        8       0
                reset_vec                             0        0        3        0       0
                config                             2007     2007        2        0       4
dist/default/production\Lab3.X.production.o
                cinit                                15       15       1E        8       0
                intentry                              4        4        E        8       0
                config                             2007     2007        2        0       4
                text24                              B15      B15       BA     162A       0
                text23                              6A4      6A4       BF        8       0
                text22                             1725     1725        B     2E4A       0
                text21                              763      763       9D        8       0
                text20                              A0A      A0A       6D     1414       0
                text19                             1730     1730       10     2E60       0
                text18                             1754     1754       17     2EA8       0
                text17                              893      893       31     1126       0
                text16                             176B     176B       18     2ED6       0
                text15                             17D3     17D3       2D     2FA6       0
                text14                              863      863       30     10C6       0
                text13                              9A1      9A1       69     1342       0
                text12                              946      946       5B     128C       0
                text11                              D68      D68      298     1AD0       0
                text10                             17AA     17AA       29     2F54       0
                text9                                33       33      361        8       0
                text8                               A77      A77       9E     14EE       0
                text7                              1716     1716        7     2E2C       0
                text6                               850      850       13     10A0       0
                text5                               900      900       46     1200       0
                text4                               8C4      8C4       3C     1188       0
                text3                              1783     1783       27     2F06       0
                text2                              1740     1740       14     2E80       0
                text1                               BCF      BCF      199     179E       0
                maintext                            394      394      310        8       0
                cstackBANK0                          20       20       3E       20       1
                cstackCOMMON                         70       70        E       70       1
                cstackBANK1                          CA       CA       1D       A0       1
                clrtext                            171D     171D        8     2E3A       0
                bssBANK3                            190      190       3C      190       1
                bssBANK1                             A0       A0       2A       A0       1
                bssBANK0                             5E       5E        8       20       1
                strings                             800      800       50     1000       0

TOTAL           Name                               Link     Load   Length     Space
        CLASS   STACK          

        CLASS   CODE           
                end_init                             12       12        3         0
                cinit                                15       15       1E         0
                intentry                              4        4        E         0
                reset_vec                             0        0        3         0
                text24                              B15      B15       BA         0
                text23                              6A4      6A4       BF         0
                text22                             1725     1725        B         0
                text21                              763      763       9D         0
                text20                              A0A      A0A       6D         0
                text19                             1730     1730       10         0
                text18                             1754     1754       17         0
                text17                              893      893       31         0
                text16                             176B     176B       18         0
                text15                             17D3     17D3       2D         0
                text14                              863      863       30         0
                text13                              9A1      9A1       69         0
                text12                              946      946       5B         0
                text11                              D68      D68      298         0
                text10                             17AA     17AA       29         0
                text9                                33       33      361         0
                text8                               A77      A77       9E         0
                text7                              1716     1716        7         0
                text6                               850      850       13         0
                text5                               900      900       46         0
                text4                               8C4      8C4       3C         0
                text3                              1783     1783       27         0
                text2                              1740     1740       14         0
                text1                               BCF      BCF      199         0
                maintext                            394      394      310         0
                clrtext                            171D     171D        8         0

        CLASS   STRCODE        

        CLASS   STRING         
                strings                             800      800       50         0

        CLASS   CONST          

        CLASS   ENTRY          

        CLASS   COMMON         
                cstackCOMMON                         70       70        E         1

        CLASS   BANK0          
                cstackBANK0                          20       20       3E         1
                bssBANK0                             5E       5E        8         1

        CLASS   BANK1          
                cstackBANK1                          CA       CA       1D         1
                bssBANK1                             A0       A0       2A         1

        CLASS   BANK2          

        CLASS   BANK3          
                bssBANK3                            190      190       3C         1

        CLASS   RAM            

        CLASS   ABS1           
                abs_s1                               7E       7E        2         1

        CLASS   SFR0           

        CLASS   SFR1           

        CLASS   SFR2           

        CLASS   SFR3           

        CLASS   CONFIG         
                config                             2007     2007        2         4

        CLASS   IDLOC          

        CLASS   EEDATA         



SEGMENTS        Name                           Load    Length   Top    Selector   Space  Class     Delta

                reset_vec                      000000  000003  000003         0       0  CODE        2
                intentry                       000004  0007FC  000800         8       0  CODE        2
                cstackBANK0                    000020  000046  000066        20       1  BANK0       1
                cstackCOMMON                   000070  00000E  00007E        70       1  COMMON      1
                bssBANK1                       0000A0  000047  0000E7        A0       1  BANK1       1
                bssBANK3                       000190  00003C  0001CC       190       1  BANK3       1
                strings                        000800  000050  000850      1000       0  STRING      2
                text6                          000850  000013  000863      10A0       0  CODE        2
                text14                         000863  000030  000893      10C6       0  CODE        2
                text17                         000893  000031  0008C4      1126       0  CODE        2
                text4                          0008C4  00003C  000900      1188       0  CODE        2
                text5                          000900  000046  000946      1200       0  CODE        2
                text12                         000946  00005B  0009A1      128C       0  CODE        2
                text13                         0009A1  000069  000A0A      1342       0  CODE        2
                text20                         000A0A  00006D  000A77      1414       0  CODE        2
                text8                          000A77  00009E  000B15      14EE       0  CODE        2
                text24                         000B15  0000BA  000BCF      162A       0  CODE        2
                text1                          000BCF  000199  000D68      179E       0  CODE        2
                text11                         000D68  000298  001000      1AD0       0  CODE        2
                text7                          001716  000007  00171D      2E2C       0  CODE        2
                clrtext                        00171D  000008  001725      2E3A       0  CODE        2
                text22                         001725  00000B  001730      2E4A       0  CODE        2
                text19                         001730  000010  001740      2E60       0  CODE        2
                text2                          001740  000014  001754      2E80       0  CODE        2
                text18                         001754  000017  00176B      2EA8       0  CODE        2
                text16                         00176B  000018  001783      2ED6       0  CODE        2
                text3                          001783  000027  0017AA      2F06       0  CODE        2
                text10                         0017AA  000029  0017D3      2F54       0  CODE        2
                text15                         0017D3  00002D  001800      2FA6       0  CODE        2


UNUSED ADDRESS RANGES

        Name                Unused          Largest block    Delta
        BANK0            0066-006F              A           1
        BANK1            00E7-00EF              9           1
        BANK2            0110-016F             60           1
        BANK3            01CC-01EF             24           1
        CODE             0003-0003              1           2
                         1000-1715            716
                         1800-1FFF            800
        CONST            0003-0003              1           2
                         1000-1715            100
                         1800-1FFF            100
        EEDATA           2100-21FF            100           2
        ENTRY            0003-0003              1           2
                         1000-1715            100
                         1800-1FFF            100
        IDLOC            2000-2003              4           2
        RAM              0066-006F              A           1
                         00E7-00EF              9
                         0110-016F             60
                         01CC-01EF             24
        SFR0             0000-001F             20           1
        SFR1             0080-009F             20           1
        SFR2             0100-010F             10           1
        SFR3             0180-018F             10           1
        STACK            0110-016F             60           1
        STRCODE          0003-0003              1           2
                         1000-1715            716
                         1800-1FFF            800
        STRING           0003-0003              1           2
                         1000-1715            100
                         1800-1FFF            100

                                  Symbol Table

?__Umul8_16              cstackBANK0  0028
?___aldiv                cstackBANK0  0028
?___awdiv                cstackBANK0  0028
?___awmod                cstackBANK0  0028
?___fldiv                cstackBANK0  004B
?___flmul                cstackBANK0  0031
?___fltol                cstackBANK1  00D7
?___lwdiv                cstackBANK0  0028
?___lwmod                cstackBANK0  002F
?___wmul                 cstackBANK0  0028
?___xxtofl               cstackCOMMON 0070
?_sprintf                cstackBANK0  0034
CONUSART@baudrate        cstackBANK0  0037
CONUSART@p               cstackBANK0  0047
LCDChar@ch               cstackBANK0  002C
LCDCmd@ch                cstackBANK0  002C
LCDGoto@ln               cstackBANK0  002D
LCDGoto@pos              cstackBANK0  0032
LCDStr@i                 cstackBANK0  002F
LCDStr@str               cstackBANK0  002D
LCDWrite@ch              cstackBANK0  0029
LCDWrite@rs              cstackBANK0  0028
_ADCL_con                text22       1725
_ADCON0                  (abs)        001F
_ADCON0bits              (abs)        001F
_ADCON1                  (abs)        009F
_ADRESH                  (abs)        001E
_ANSEL                   (abs)        0188
_ANSELH                  (abs)        0189
_BAUDCTLbits             (abs)        0187
_CONUSART                text20       0A0A
_INTCONbits              (abs)        000B
_LCDChar                 text16       176B
_LCDCmd                  text18       1754
_LCDGoto                 text17       0893
_LCDGoto$97              cstackBANK0  0030
_LCDStr                  text15       17D3
_LCDWrite                text19       1730
_LCD_Initialize          text14       0863
_PIE1bits                (abs)        008C
_PIR1bits                (abs)        000C
_PORTA                   (abs)        0005
_PORTB                   (abs)        0006
_PORTD                   (abs)        0008
_PORTE                   (abs)        0009
_PORTEbits               (abs)        0009
_RCREG                   (abs)        001A
_RCSTA                   (abs)        0018
_SPBRG                   (abs)        0099
_TRISA                   (abs)        0085
_TRISB                   (abs)        0086
_TRISD                   (abs)        0088
_TRISE                   (abs)        0089
_TXREG                   (abs)        0019
_TXSTA                   (abs)        0098
__Habs1                  abs1         0000
__Hbank0                 bank0        0000
__Hbank1                 bank1        0000
__Hbank2                 bank2        0000
__Hbank3                 bank3        0000
__HbssBANK0              bssBANK0     0000
__HbssBANK1              bssBANK1     0000
__HbssBANK3              bssBANK3     0000
__Hcinit                 cinit        0033
__Hclrtext               clrtext      0000
__Hcode                  code         0000
__Hcommon                common       0000
__Hconfig                config       2009
__HcstackBANK0           cstackBANK0  0000
__HcstackBANK1           cstackBANK1  0000
__HcstackCOMMON          cstackCOMMON 0000
__Heeprom_data           eeprom_data  0000
__Hend_init              end_init     0015
__Hfunctab               functab      0000
__Hinit                  init         0012
__Hintentry              intentry     0012
__Hmaintext              maintext     0000
__Hpowerup               powerup      0000
__Hram                   ram          0000
__Hreset_vec             reset_vec    0003
__Hsfr0                  sfr0         0000
__Hsfr1                  sfr1         0000
__Hsfr2                  sfr2         0000
__Hsfr3                  sfr3         0000
__Hspace_0               (abs)        1800
__Hspace_1               (abs)        01CC
__Hspace_2               (abs)        0000
__Hspace_3               (abs)        0000
__Hspace_4               (abs)        4010
__Hstack                 stack        0000
__Hstrings               strings      0000
__Htext                  text         0000
__Labs1                  abs1         0000
__Lbank0                 bank0        0000
__Lbank1                 bank1        0000
__Lbank2                 bank2        0000
__Lbank3                 bank3        0000
__LbssBANK0              bssBANK0     0000
__LbssBANK1              bssBANK1     0000
__LbssBANK3              bssBANK3     0000
__Lcinit                 cinit        0015
__Lclrtext               clrtext      0000
__Lcode                  code         0000
__Lcommon                common       0000
__Lconfig                config       0000
__LcstackBANK0           cstackBANK0  0000
__LcstackBANK1           cstackBANK1  0000
__LcstackCOMMON          cstackCOMMON 0000
__Leeprom_data           eeprom_data  0000
__Lend_init              end_init     0012
__Lfunctab               functab      0000
__Linit                  init         0012
__Lintentry              intentry     0004
__Lmaintext              maintext     0000
__Lpowerup               powerup      0000
__Lram                   ram          0000
__Lreset_vec             reset_vec    0000
__Lsfr0                  sfr0         0000
__Lsfr1                  sfr1         0000
__Lsfr2                  sfr2         0000
__Lsfr3                  sfr3         0000
__Lspace_0               (abs)        0000
__Lspace_1               (abs)        0000
__Lspace_2               (abs)        0000
__Lspace_3               (abs)        0000
__Lspace_4               (abs)        0000
__Lstack                 stack        0000
__Lstrings               strings      0000
__Ltext                  text         0000
__S0                     (abs)        1800
__S1                     (abs)        01CC
__S2                     (abs)        0000
__S3                     (abs)        0000
__Umul8_16               text10       17AA
__Umul8_16@multiplicand  cstackBANK0  0028
__Umul8_16@multiplier    cstackBANK0  0030
__Umul8_16@product       cstackBANK0  002C
__Umul8_16@word_mpld     cstackBANK0  002E
___aldiv                 text21       0763
___aldiv@counter         cstackBANK0  0031
___aldiv@dividend        cstackBANK0  002C
___aldiv@divisor         cstackBANK0  0028
___aldiv@quotient        cstackBANK0  0033
___aldiv@sign            cstackBANK0  0032
___awdiv                 text13       09A1
___awdiv@counter         cstackBANK0  002C
___awdiv@dividend        cstackBANK0  002A
___awdiv@divisor         cstackBANK0  0028
___awdiv@quotient        cstackBANK0  002E
___awdiv@sign            cstackBANK0  002D
___awmod                 text12       0946
___awmod@counter         cstackBANK0  002C
___awmod@dividend        cstackBANK0  002A
___awmod@divisor         cstackBANK0  0028
___awmod@sign            cstackBANK0  002D
___fldiv                 text11       0D68
___fldiv@a               cstackBANK0  004B
___fldiv@aexp            cstackBANK1  00D6
___fldiv@b               cstackBANK0  004F
___fldiv@bexp            cstackBANK1  00D5
___fldiv@grs             cstackBANK1  00D1
___fldiv@new_exp         cstackBANK1  00CF
___fldiv@rem             cstackBANK1  00CA
___fldiv@sign            cstackBANK1  00CE
___flmul                 text9        0033
___flmul@a               cstackBANK0  0035
___flmul@aexp            cstackBANK0  0043
___flmul@b               cstackBANK0  0031
___flmul@bexp            cstackBANK0  0044
___flmul@grs             cstackBANK0  003F
___flmul@prod            cstackBANK0  0045
___flmul@sign            cstackBANK0  003E
___flmul@temp            cstackBANK0  0049
___fltol                 text8        0A77
___fltol@exp1            cstackBANK0  005D
___fltol@f1              cstackBANK1  00D7
___fltol@sign1           cstackBANK0  005C
___int_sp                stack        0000
___latbits               (abs)        0002
___lwdiv                 text5        0900
___lwdiv@counter         cstackBANK0  002E
___lwdiv@dividend        cstackBANK0  002A
___lwdiv@divisor         cstackBANK0  0028
___lwdiv@quotient        cstackBANK0  002C
___lwmod                 text4        08C4
___lwmod@counter         cstackBANK0  0033
___lwmod@dividend        cstackBANK0  0031
___lwmod@divisor         cstackBANK0  002F
___sp                    stack        0000
___stackhi               (abs)        0000
___stacklo               (abs)        0000
___wmul                  text3        1783
___wmul@multiplicand     cstackBANK0  002A
___wmul@multiplier       cstackBANK0  0028
___wmul@product          cstackBANK0  002C
___xxtofl                text24       0B15
___xxtofl@arg            cstackCOMMON 007A
___xxtofl@exp            cstackCOMMON 0079
___xxtofl@sign           cstackCOMMON 0078
___xxtofl@val            cstackCOMMON 0070
__end_of_ADCL_con        text22       1730
__end_of_CONUSART        text20       0A77
__end_of_LCDChar         text16       1783
__end_of_LCDCmd          text18       176B
__end_of_LCDGoto         text17       08C4
__end_of_LCDStr          text15       1800
__end_of_LCDWrite        text19       1740
__end_of_LCD_Initialize  text14       0893
__end_of__Umul8_16       text10       17D3
__end_of___aldiv         text21       0800
__end_of___awdiv         text13       0A0A
__end_of___awmod         text12       09A1
__end_of___fldiv         text11       1000
__end_of___flmul         text9        0394
__end_of___fltol         text8        0B15
__end_of___lwdiv         text5        0946
__end_of___lwmod         text4        0900
__end_of___wmul          text3        17AA
__end_of___xxtofl        text24       0BCF
__end_of__initialization cinit        002F
__end_of__stringtab      strings      0810
__end_of_dpowers         strings      081A
__end_of_intac           text23       0763
__end_of_intr            text7        171D
__end_of_isdigit         text2        1754
__end_of_main            maintext     06A4
__end_of_setup           text6        0863
__end_of_sprintf         text1        0D68
__initialization         cinit        0015
__pbssBANK0              bssBANK0     005E
__pbssBANK1              bssBANK1     00A0
__pbssBANK3              bssBANK3     0190
__pcstackBANK0           cstackBANK0  0020
__pcstackBANK1           cstackBANK1  00CA
__pcstackCOMMON          cstackCOMMON 0070
__pintentry              intentry     0004
__pmaintext              maintext     0394
__pstrings               strings      0800
__ptext1                 text1        0BCF
__ptext10                text10       17AA
__ptext11                text11       0D68
__ptext12                text12       0946
__ptext13                text13       09A1
__ptext14                text14       0863
__ptext15                text15       17D3
__ptext16                text16       176B
__ptext17                text17       0893
__ptext18                text18       1754
__ptext19                text19       1730
__ptext2                 text2        1740
__ptext20                text20       0A0A
__ptext21                text21       0763
__ptext22                text22       1725
__ptext23                text23       06A4
__ptext24                text24       0B15
__ptext3                 text3        1783
__ptext4                 text4        08C4
__ptext5                 text5        0900
__ptext6                 text6        0850
__ptext7                 text7        1716
__ptext8                 text8        0A77
__ptext9                 text9        0033
__size_of_ADCL_con       (abs)        0000
__size_of_CONUSART       (abs)        0000
__size_of_LCDChar        (abs)        0000
__size_of_LCDCmd         (abs)        0000
__size_of_LCDGoto        (abs)        0000
__size_of_LCDStr         (abs)        0000
__size_of_LCDWrite       (abs)        0000
__size_of_LCD_Initialize (abs)        0000
__size_of__Umul8_16      (abs)        0000
__size_of___aldiv        (abs)        0000
__size_of___awdiv        (abs)        0000
__size_of___awmod        (abs)        0000
__size_of___fldiv        (abs)        0000
__size_of___flmul        (abs)        0000
__size_of___fltol        (abs)        0000
__size_of___lwdiv        (abs)        0000
__size_of___lwmod        (abs)        0000
__size_of___wmul         (abs)        0000
__size_of___xxtofl       (abs)        0000
__size_of_intac          (abs)        0000
__size_of_intr           (abs)        0000
__size_of_isdigit        (abs)        0000
__size_of_main           (abs)        0000
__size_of_setup          (abs)        0000
__size_of_sprintf        (abs)        0000
__stringbase             strings      080F
__stringtab              strings      0800
_buffer                  bssBANK1     00B6
_buffer2                 bssBANK3     01B8
_cons                    bssBANK0     0062
_datos                   bssBANK3     01A4
_datos2                  bssBANK3     0190
_digitos                 bssBANK1     00AB
_digitos2                bssBANK1     00A8
_dpowers                 strings      0810
_fla                     bssBANK1     00B2
_i                       bssBANK0     005E
_incre                   bssBANK1     00B0
_incre2                  bssBANK1     00AE
_intac                   text23       06A4
_intr                    text7        1716
_isdigit                 text2        1740
_isdigit$787             cstackBANK0  0028
_leer                    bssBANK0     0064
_main                    maintext     0394
_setup                   text6        0850
_sprintf                 text1        0BCF
_voltage1                bssBANK1     00A4
_voltage2                bssBANK1     00A0
_voltage_int1            bssBANK0     0060
_voltage_int2            bssBANK1     00B4
btemp                    (abs)        007E
clear_ram0               clrtext      171D
end_of_initialization    cinit        002F
interrupt_function       intentry     0004
intlevel0                functab      0000
intlevel1                functab      0000
intlevel2                functab      0000
intlevel3                functab      0000
intlevel4                functab      0000
intlevel5                functab      0000
isdigit@c                cstackBANK0  0029
reset_vec                reset_vec    0000
saved_w                  (abs)        007E
sprintf@ap               cstackBANK0  0048
sprintf@c                cstackBANK0  004F
sprintf@f                cstackBANK0  0036
sprintf@flag             cstackBANK0  004A
sprintf@prec             cstackBANK0  0049
sprintf@sp               cstackBANK0  0034
sprintf@val              cstackBANK0  004B
sprintf@width            cstackBANK0  004D
start                    init         0012
start_initialization     cinit        0015
wtemp0                   (abs)        007E


FUNCTION INFORMATION:

 *************** function _main *****************
 Defined at:
		line 75 in file "Lab3.c"
 Parameters:    Size  Location     Type
		None
 Auto vars:     Size  Location     Type
		None
 Return value:  Size  Location     Type
                  1    wreg      void 
 Registers used:
		wreg, fsr0l, fsr0h, status,2, status,0, btemp+1, pclath, cstack
 Tracked objects:
		On entry : 
		On exit  : 
		Unchanged: 
 Data sizes:     COMMON   BANK0   BANK1   BANK3   BANK2
      Params:         0       0       0       0       0
      Locals:         0       0       0       0       0
      Temps:          0       0      12       0       0
      Totals:         0       0      12       0       0
Total ram usage:       12 bytes
 Hardware stack levels required when called:    5
 This function calls:
		_ADCL_con
		_CONUSART
		_LCDGoto
		_LCDStr
		_LCD_Initialize
		___awdiv
		___awmod
		___fldiv
		___flmul
		___fltol
		_intr
		_setup
		_sprintf
 This function is called by:
		Startup code after reset
 This function uses a non-reentrant model


 *************** function _sprintf *****************
 Defined at:
		line 505 in file "C:\Program Files\Microchip\xc8\v2.20\pic\sources\c90\common\doprnt.c"
 Parameters:    Size  Location     Type
  sp              2   20[BANK0 ] PTR unsigned char 
		 -> buffer2(20), buffer(20), datos2(20), datos(20), 
  f               1   22[BANK0 ] PTR const unsigned char 
		 -> STR_5(23), STR_4(9), STR_3(9), STR_2(4), 
 Auto vars:     Size  Location     Type
  tmpval          4    0        struct .
  width           2   45[BANK0 ] int 
  val             2   43[BANK0 ] unsigned int 
  cp              2    0        PTR const unsigned char 
  len             2    0        unsigned int 
  c               1   47[BANK0 ] unsigned char 
  flag            1   42[BANK0 ] unsigned char 
  prec            1   41[BANK0 ] char 
  ap              1   40[BANK0 ] PTR void [1]
		 -> ?_sprintf(2), 
 Return value:  Size  Location     Type
                  2   20[BANK0 ] int 
 Registers used:
		wreg, fsr0l, fsr0h, status,2, status,0, btemp+1, pclath, cstack
 Tracked objects:
		On entry : 
		On exit  : 
		Unchanged: 
 Data sizes:     COMMON   BANK0   BANK1   BANK3   BANK2
      Params:         0      17       0       0       0
      Locals:         0       8       0       0       0
      Temps:          0       3       0       0       0
      Totals:         0      28       0       0       0
Total ram usage:       28 bytes
 Hardware stack levels used:    1
 Hardware stack levels required when called:    3
 This function calls:
		___lwdiv
		___lwmod
		___wmul
		_isdigit
 This function is called by:
		_main
 This function uses a non-reentrant model


 *************** function _isdigit *****************
 Defined at:
		line 8 in file "C:\Program Files\Microchip\xc8\v2.20\pic\sources\c90\common\isdigit.c"
 Parameters:    Size  Location     Type
  c               1    wreg     unsigned char 
 Auto vars:     Size  Location     Type
  c               1    9[BANK0 ] unsigned char 
 Return value:  Size  Location     Type
		None               void
 Registers used:
		wreg, status,2, status,0
 Tracked objects:
		On entry : 
		On exit  : 
		Unchanged: 
 Data sizes:     COMMON   BANK0   BANK1   BANK3   BANK2
      Params:         0       0       0       0       0
      Locals:         0       2       0       0       0
      Temps:          0       0       0       0       0
      Totals:         0       2       0       0       0
Total ram usage:        2 bytes
 Hardware stack levels used:    1
 Hardware stack levels required when called:    2
 This function calls:
		Nothing
 This function is called by:
		_sprintf
 This function uses a non-reentrant model


 *************** function ___wmul *****************
 Defined at:
		line 15 in file "C:\Program Files\Microchip\xc8\v2.20\pic\sources\c90\common\Umul16.c"
 Parameters:    Size  Location     Type
  multiplier      2    8[BANK0 ] unsigned int 
  multiplicand    2   10[BANK0 ] unsigned int 
 Auto vars:     Size  Location     Type
  product         2   12[BANK0 ] unsigned int 
 Return value:  Size  Location     Type
                  2    8[BANK0 ] unsigned int 
 Registers used:
		wreg, status,2, status,0
 Tracked objects:
		On entry : 
		On exit  : 
		Unchanged: 
 Data sizes:     COMMON   BANK0   BANK1   BANK3   BANK2
      Params:         0       4       0       0       0
      Locals:         0       2       0       0       0
      Temps:          0       0       0       0       0
      Totals:         0       6       0       0       0
Total ram usage:        6 bytes
 Hardware stack levels used:    1
 Hardware stack levels required when called:    2
 This function calls:
		Nothing
 This function is called by:
		_sprintf
 This function uses a non-reentrant model


 *************** function ___lwmod *****************
 Defined at:
		line 5 in file "C:\Program Files\Microchip\xc8\v2.20\pic\sources\c90\common\lwmod.c"
 Parameters:    Size  Location     Type
  divisor         2   15[BANK0 ] unsigned int 
  dividend        2   17[BANK0 ] unsigned int 
 Auto vars:     Size  Location     Type
  counter         1   19[BANK0 ] unsigned char 
 Return value:  Size  Location     Type
                  2   15[BANK0 ] unsigned int 
 Registers used:
		wreg, status,2, status,0, btemp+1
 Tracked objects:
		On entry : 
		On exit  : 
		Unchanged: 
 Data sizes:     COMMON   BANK0   BANK1   BANK3   BANK2
      Params:         0       4       0       0       0
      Locals:         0       1       0       0       0
      Temps:          0       0       0       0       0
      Totals:         0       5       0       0       0
Total ram usage:        5 bytes
 Hardware stack levels used:    1
 Hardware stack levels required when called:    2
 This function calls:
		Nothing
 This function is called by:
		_sprintf
 This function uses a non-reentrant model


 *************** function ___lwdiv *****************
 Defined at:
		line 5 in file "C:\Program Files\Microchip\xc8\v2.20\pic\sources\c90\common\lwdiv.c"
 Parameters:    Size  Location     Type
  divisor         2    8[BANK0 ] unsigned int 
  dividend        2   10[BANK0 ] unsigned int 
 Auto vars:     Size  Location     Type
  quotient        2   12[BANK0 ] unsigned int 
  counter         1   14[BANK0 ] unsigned char 
 Return value:  Size  Location     Type
                  2    8[BANK0 ] unsigned int 
 Registers used:
		wreg, status,2, status,0, btemp+1
 Tracked objects:
		On entry : 
		On exit  : 
		Unchanged: 
 Data sizes:     COMMON   BANK0   BANK1   BANK3   BANK2
      Params:         0       4       0       0       0
      Locals:         0       3       0       0       0
      Temps:          0       0       0       0       0
      Totals:         0       7       0       0       0
Total ram usage:        7 bytes
 Hardware stack levels used:    1
 Hardware stack levels required when called:    2
 This function calls:
		Nothing
 This function is called by:
		_sprintf
 This function uses a non-reentrant model


 *************** function _setup *****************
 Defined at:
		line 11 in file "CONFIG.c"
 Parameters:    Size  Location     Type
		None
 Auto vars:     Size  Location     Type
		None
 Return value:  Size  Location     Type
                  1    wreg      void 
 Registers used:
		wreg, status,2
 Tracked objects:
		On entry : 
		On exit  : 
		Unchanged: 
 Data sizes:     COMMON   BANK0   BANK1   BANK3   BANK2
      Params:         0       0       0       0       0
      Locals:         0       0       0       0       0
      Temps:          0       0       0       0       0
      Totals:         0       0       0       0       0
Total ram usage:        0 bytes
 Hardware stack levels used:    1
 Hardware stack levels required when called:    2
 This function calls:
		Nothing
 This function is called by:
		_main
 This function uses a non-reentrant model


 *************** function _intr *****************
 Defined at:
		line 12 in file "INT.c"
 Parameters:    Size  Location     Type
		None
 Auto vars:     Size  Location     Type
		None
 Return value:  Size  Location     Type
                  1    wreg      void 
 Registers used:
		None
 Tracked objects:
		On entry : 
		On exit  : 
		Unchanged: 
 Data sizes:     COMMON   BANK0   BANK1   BANK3   BANK2
      Params:         0       0       0       0       0
      Locals:         0       0       0       0       0
      Temps:          0       0       0       0       0
      Totals:         0       0       0       0       0
Total ram usage:        0 bytes
 Hardware stack levels used:    1
 Hardware stack levels required when called:    2
 This function calls:
		Nothing
 This function is called by:
		_main
 This function uses a non-reentrant model


 *************** function ___fltol *****************
 Defined at:
		line 43 in file "C:\Program Files\Microchip\xc8\v2.20\pic\sources\c90\common\fltol.c"
 Parameters:    Size  Location     Type
  f1              4   13[BANK1 ] void 
 Auto vars:     Size  Location     Type
  exp1            1   61[BANK0 ] unsigned char 
  sign1           1   60[BANK0 ] unsigned char 
 Return value:  Size  Location     Type
                  4   13[BANK1 ] long 
 Registers used:
		wreg, status,2, status,0, btemp+1
 Tracked objects:
		On entry : 
		On exit  : 
		Unchanged: 
 Data sizes:     COMMON   BANK0   BANK1   BANK3   BANK2
      Params:         0       0       4       0       0
      Locals:         0       2       0       0       0
      Temps:          0       4       0       0       0
      Totals:         0       6       4       0       0
Total ram usage:       10 bytes
 Hardware stack levels used:    1
 Hardware stack levels required when called:    2
 This function calls:
		Nothing
 This function is called by:
		_main
 This function uses a non-reentrant model


 *************** function ___flmul *****************
 Defined at:
		line 8 in file "C:\Program Files\Microchip\xc8\v2.20\pic\sources\c90\common\sprcmul.c"
 Parameters:    Size  Location     Type
  b               4   17[BANK0 ] long 
  a               4   21[BANK0 ] long 
 Auto vars:     Size  Location     Type
  prod            4   37[BANK0 ] struct .
  grs             4   31[BANK0 ] unsigned long 
  temp            2   41[BANK0 ] struct .
  bexp            1   36[BANK0 ] unsigned char 
  aexp            1   35[BANK0 ] unsigned char 
  sign            1   30[BANK0 ] unsigned char 
 Return value:  Size  Location     Type
                  4   17[BANK0 ] unsigned char 
 Registers used:
		wreg, status,2, status,0, btemp+1, pclath, cstack
 Tracked objects:
		On entry : 
		On exit  : 
		Unchanged: 
 Data sizes:     COMMON   BANK0   BANK1   BANK3   BANK2
      Params:         0       8       0       0       0
      Locals:         0      13       0       0       0
      Temps:          0       5       0       0       0
      Totals:         0      26       0       0       0
Total ram usage:       26 bytes
 Hardware stack levels used:    1
 Hardware stack levels required when called:    3
 This function calls:
		__Umul8_16
 This function is called by:
		_main
 This function uses a non-reentrant model


 *************** function __Umul8_16 *****************
 Defined at:
		line 4 in file "C:\Program Files\Microchip\xc8\v2.20\pic\sources\c90\common\Umul8_16.c"
 Parameters:    Size  Location     Type
  multiplier      1    wreg     unsigned char 
  multiplicand    1    8[BANK0 ] unsigned char 
 Auto vars:     Size  Location     Type
  multiplier      1   16[BANK0 ] unsigned char 
  word_mpld       2   14[BANK0 ] unsigned int 
  product         2   12[BANK0 ] unsigned int 
 Return value:  Size  Location     Type
                  2    8[BANK0 ] unsigned int 
 Registers used:
		wreg, status,2, status,0
 Tracked objects:
		On entry : 
		On exit  : 
		Unchanged: 
 Data sizes:     COMMON   BANK0   BANK1   BANK3   BANK2
      Params:         0       2       0       0       0
      Locals:         0       5       0       0       0
      Temps:          0       2       0       0       0
      Totals:         0       9       0       0       0
Total ram usage:        9 bytes
 Hardware stack levels used:    1
 Hardware stack levels required when called:    2
 This function calls:
		Nothing
 This function is called by:
		___flmul
 This function uses a non-reentrant model


 *************** function ___fldiv *****************
 Defined at:
		line 8 in file "C:\Program Files\Microchip\xc8\v2.20\pic\sources\c90\common\sprcdiv.c"
 Parameters:    Size  Location     Type
  a               4   43[BANK0 ] unsigned int 
  b               4   47[BANK0 ] unsigned int 
 Auto vars:     Size  Location     Type
  grs             4    7[BANK1 ] unsigned long 
  rem             4    0[BANK1 ] unsigned long 
  new_exp         2    5[BANK1 ] int 
  aexp            1   12[BANK1 ] unsigned char 
  bexp            1   11[BANK1 ] unsigned char 
  sign            1    4[BANK1 ] unsigned char 
 Return value:  Size  Location     Type
                  4   43[BANK0 ] unsigned char 
 Registers used:
		wreg, status,2, status,0, btemp+1
 Tracked objects:
		On entry : 
		On exit  : 
		Unchanged: 
 Data sizes:     COMMON   BANK0   BANK1   BANK3   BANK2
      Params:         0       8       0       0       0
      Locals:         0       0      13       0       0
      Temps:          0       5       0       0       0
      Totals:         0      13      13       0       0
Total ram usage:       26 bytes
 Hardware stack levels used:    1
 Hardware stack levels required when called:    2
 This function calls:
		Nothing
 This function is called by:
		_main
 This function uses a non-reentrant model


 *************** function ___awmod *****************
 Defined at:
		line 5 in file "C:\Program Files\Microchip\xc8\v2.20\pic\sources\c90\common\awmod.c"
 Parameters:    Size  Location     Type
  divisor         2    8[BANK0 ] int 
  dividend        2   10[BANK0 ] int 
 Auto vars:     Size  Location     Type
  sign            1   13[BANK0 ] unsigned char 
  counter         1   12[BANK0 ] unsigned char 
 Return value:  Size  Location     Type
                  2    8[BANK0 ] int 
 Registers used:
		wreg, status,2, status,0, btemp+1
 Tracked objects:
		On entry : 
		On exit  : 
		Unchanged: 
 Data sizes:     COMMON   BANK0   BANK1   BANK3   BANK2
      Params:         0       4       0       0       0
      Locals:         0       2       0       0       0
      Temps:          0       0       0       0       0
      Totals:         0       6       0       0       0
Total ram usage:        6 bytes
 Hardware stack levels used:    1
 Hardware stack levels required when called:    2
 This function calls:
		Nothing
 This function is called by:
		_main
 This function uses a non-reentrant model


 *************** function ___awdiv *****************
 Defined at:
		line 5 in file "C:\Program Files\Microchip\xc8\v2.20\pic\sources\c90\common\awdiv.c"
 Parameters:    Size  Location     Type
  divisor         2    8[BANK0 ] int 
  dividend        2   10[BANK0 ] int 
 Auto vars:     Size  Location     Type
  quotient        2   14[BANK0 ] int 
  sign            1   13[BANK0 ] unsigned char 
  counter         1   12[BANK0 ] unsigned char 
 Return value:  Size  Location     Type
                  2    8[BANK0 ] int 
 Registers used:
		wreg, status,2, status,0, btemp+1
 Tracked objects:
		On entry : 
		On exit  : 
		Unchanged: 
 Data sizes:     COMMON   BANK0   BANK1   BANK3   BANK2
      Params:         0       4       0       0       0
      Locals:         0       4       0       0       0
      Temps:          0       0       0       0       0
      Totals:         0       8       0       0       0
Total ram usage:        8 bytes
 Hardware stack levels used:    1
 Hardware stack levels required when called:    2
 This function calls:
		Nothing
 This function is called by:
		_main
 This function uses a non-reentrant model


 *************** function _LCD_Initialize *****************
 Defined at:
		line 22 in file "LCD.c"
 Parameters:    Size  Location     Type
		None
 Auto vars:     Size  Location     Type
		None
 Return value:  Size  Location     Type
                  1    wreg      void 
 Registers used:
		wreg, status,2, status,0, pclath, cstack
 Tracked objects:
		On entry : 
		On exit  : 
		Unchanged: 
 Data sizes:     COMMON   BANK0   BANK1   BANK3   BANK2
      Params:         0       0       0       0       0
      Locals:         0       0       0       0       0
      Temps:          0       2       0       0       0
      Totals:         0       2       0       0       0
Total ram usage:        2 bytes
 Hardware stack levels used:    1
 Hardware stack levels required when called:    4
 This function calls:
		_LCDCmd
 This function is called by:
		_main
 This function uses a non-reentrant model


 *************** function _LCDStr *****************
 Defined at:
		line 85 in file "LCD.c"
 Parameters:    Size  Location     Type
  str             2   13[BANK0 ] PTR const unsigned char 
		 -> buffer2(20), buffer(20), datos2(20), STR_1(18), 
 Auto vars:     Size  Location     Type
  i               1   15[BANK0 ] unsigned char 
 Return value:  Size  Location     Type
                  1    wreg      void 
 Registers used:
		wreg, fsr0l, fsr0h, status,2, status,0, btemp+1, pclath, cstack
 Tracked objects:
		On entry : 
		On exit  : 
		Unchanged: 
 Data sizes:     COMMON   BANK0   BANK1   BANK3   BANK2
      Params:         0       2       0       0       0
      Locals:         0       1       0       0       0
      Temps:          0       0       0       0       0
      Totals:         0       3       0       0       0
Total ram usage:        3 bytes
 Hardware stack levels used:    1
 Hardware stack levels required when called:    4
 This function calls:
		_LCDChar
 This function is called by:
		_main
 This function uses a non-reentrant model


 *************** function _LCDChar *****************
 Defined at:
		line 69 in file "LCD.c"
 Parameters:    Size  Location     Type
  ch              1    wreg     unsigned char 
 Auto vars:     Size  Location     Type
  ch              1   12[BANK0 ] unsigned char 
 Return value:  Size  Location     Type
                  1    wreg      void 
 Registers used:
		wreg, status,2, status,0, pclath, cstack
 Tracked objects:
		On entry : 
		On exit  : 
		Unchanged: 
 Data sizes:     COMMON   BANK0   BANK1   BANK3   BANK2
      Params:         0       0       0       0       0
      Locals:         0       1       0       0       0
      Temps:          0       2       0       0       0
      Totals:         0       3       0       0       0
Total ram usage:        3 bytes
 Hardware stack levels used:    1
 Hardware stack levels required when called:    3
 This function calls:
		_LCDWrite
 This function is called by:
		_LCDStr
 This function uses a non-reentrant model


 *************** function _LCDGoto *****************
 Defined at:
		line 97 in file "LCD.c"
 Parameters:    Size  Location     Type
  pos             1    wreg     unsigned char 
  ln              1   13[BANK0 ] unsigned char 
 Auto vars:     Size  Location     Type
  pos             1   18[BANK0 ] unsigned char 
 Return value:  Size  Location     Type
                  1    wreg      void 
 Registers used:
		wreg, status,2, status,0, pclath, cstack
 Tracked objects:
		On entry : 
		On exit  : 
		Unchanged: 
 Data sizes:     COMMON   BANK0   BANK1   BANK3   BANK2
      Params:         0       1       0       0       0
      Locals:         0       3       0       0       0
      Temps:          0       2       0       0       0
      Totals:         0       6       0       0       0
Total ram usage:        6 bytes
 Hardware stack levels used:    1
 Hardware stack levels required when called:    4
 This function calls:
		_LCDCmd
 This function is called by:
		_main
 This function uses a non-reentrant model


 *************** function _LCDCmd *****************
 Defined at:
		line 77 in file "LCD.c"
 Parameters:    Size  Location     Type
  ch              1    wreg     unsigned char 
 Auto vars:     Size  Location     Type
  ch              1   12[BANK0 ] unsigned char 
 Return value:  Size  Location     Type
                  1    wreg      void 
 Registers used:
		wreg, status,2, status,0, pclath, cstack
 Tracked objects:
		On entry : 
		On exit  : 
		Unchanged: 
 Data sizes:     COMMON   BANK0   BANK1   BANK3   BANK2
      Params:         0       0       0       0       0
      Locals:         0       1       0       0       0
      Temps:          0       2       0       0       0
      Totals:         0       3       0       0       0
Total ram usage:        3 bytes
 Hardware stack levels used:    1
 Hardware stack levels required when called:    3
 This function calls:
		_LCDWrite
 This function is called by:
		_LCD_Initialize
		_LCDGoto
 This function uses a non-reentrant model


 *************** function _LCDWrite *****************
 Defined at:
		line 48 in file "LCD.c"
 Parameters:    Size  Location     Type
  ch              1    wreg     unsigned char 
  rs              1    8[BANK0 ] unsigned char 
 Auto vars:     Size  Location     Type
  ch              1    9[BANK0 ] unsigned char 
 Return value:  Size  Location     Type
                  1    wreg      void 
 Registers used:
		wreg, status,2, status,0
 Tracked objects:
		On entry : 
		On exit  : 
		Unchanged: 
 Data sizes:     COMMON   BANK0   BANK1   BANK3   BANK2
      Params:         0       1       0       0       0
      Locals:         0       1       0       0       0
      Temps:          0       0       0       0       0
      Totals:         0       2       0       0       0
Total ram usage:        2 bytes
 Hardware stack levels used:    1
 Hardware stack levels required when called:    2
 This function calls:
		Nothing
 This function is called by:
		_LCDChar
		_LCDCmd
 This function uses a non-reentrant model


 *************** function _CONUSART *****************
 Defined at:
		line 4 in file "EUSCON.c"
 Parameters:    Size  Location     Type
  baudrate        4   23[BANK0 ] const long 
 Auto vars:     Size  Location     Type
  p               4   39[BANK0 ] long 
 Return value:  Size  Location     Type
                  1    wreg      void 
 Registers used:
		wreg, status,2, status,0, btemp+1, pclath, cstack
 Tracked objects:
		On entry : 
		On exit  : 
		Unchanged: 
 Data sizes:     COMMON   BANK0   BANK1   BANK3   BANK2
      Params:         0       4       0       0       0
      Locals:         0       4       0       0       0
      Temps:          0      12       0       0       0
      Totals:         0      20       0       0       0
Total ram usage:       20 bytes
 Hardware stack levels used:    1
 Hardware stack levels required when called:    3
 This function calls:
		___aldiv
 This function is called by:
		_main
 This function uses a non-reentrant model


 *************** function ___aldiv *****************
 Defined at:
		line 5 in file "C:\Program Files\Microchip\xc8\v2.20\pic\sources\c90\common\aldiv.c"
 Parameters:    Size  Location     Type
  divisor         4    8[BANK0 ] long 
  dividend        4   12[BANK0 ] long 
 Auto vars:     Size  Location     Type
  quotient        4   19[BANK0 ] long 
  sign            1   18[BANK0 ] unsigned char 
  counter         1   17[BANK0 ] unsigned char 
 Return value:  Size  Location     Type
                  4    8[BANK0 ] long 
 Registers used:
		wreg, status,2, status,0, btemp+1
 Tracked objects:
		On entry : 
		On exit  : 
		Unchanged: 
 Data sizes:     COMMON   BANK0   BANK1   BANK3   BANK2
      Params:         0       8       0       0       0
      Locals:         0       6       0       0       0
      Temps:          0       1       0       0       0
      Totals:         0      15       0       0       0
Total ram usage:       15 bytes
 Hardware stack levels used:    1
 Hardware stack levels required when called:    2
 This function calls:
		Nothing
 This function is called by:
		_CONUSART
 This function uses a non-reentrant model


 *************** function _ADCL_con *****************
 Defined at:
		line 10 in file "adc.c"
 Parameters:    Size  Location     Type
		None
 Auto vars:     Size  Location     Type
		None
 Return value:  Size  Location     Type
                  1    wreg      void 
 Registers used:
		wreg, status,2
 Tracked objects:
		On entry : 
		On exit  : 
		Unchanged: 
 Data sizes:     COMMON   BANK0   BANK1   BANK3   BANK2
      Params:         0       0       0       0       0
      Locals:         0       0       0       0       0
      Temps:          0       0       0       0       0
      Totals:         0       0       0       0       0
Total ram usage:        0 bytes
 Hardware stack levels used:    1
 Hardware stack levels required when called:    2
 This function calls:
		Nothing
 This function is called by:
		_main
 This function uses a non-reentrant model


 *************** function _intac *****************
 Defined at:
		line 37 in file "Lab3.c"
 Parameters:    Size  Location     Type
		None
 Auto vars:     Size  Location     Type
		None
 Return value:  Size  Location     Type
                  1    wreg      void 
 Registers used:
		wreg, fsr0l, fsr0h, status,2, status,0, btemp+1, pclath, cstack
 Tracked objects:
		On entry : 
		On exit  : 
		Unchanged: 
 Data sizes:     COMMON   BANK0   BANK1   BANK3   BANK2
      Params:         0       0       0       0       0
      Locals:         0       0       0       0       0
      Temps:          0       8       0       0       0
      Totals:         0       8       0       0       0
Total ram usage:        8 bytes
 Hardware stack levels used:    1
 Hardware stack levels required when called:    1
 This function calls:
		___xxtofl
 This function is called by:
		Interrupt level 1
 This function uses a non-reentrant model


 *************** function ___xxtofl *****************
 Defined at:
		line 10 in file "C:\Program Files\Microchip\xc8\v2.20\pic\sources\c90\common\xxtofl.c"
 Parameters:    Size  Location     Type
  sign            1    wreg     unsigned char 
  val             4    0[COMMON] long 
 Auto vars:     Size  Location     Type
  sign            1    8[COMMON] unsigned char 
  arg             4   10[COMMON] unsigned long 
  exp             1    9[COMMON] unsigned char 
 Return value:  Size  Location     Type
                  4    0[COMMON] unsigned char 
 Registers used:
		wreg, status,2, status,0, btemp+1
 Tracked objects:
		On entry : 
		On exit  : 
		Unchanged: 
 Data sizes:     COMMON   BANK0   BANK1   BANK3   BANK2
      Params:         4       0       0       0       0
      Locals:         6       0       0       0       0
      Temps:          4       0       0       0       0
      Totals:        14       0       0       0       0
Total ram usage:       14 bytes
 Hardware stack levels used:    1
 This function calls:
		Nothing
 This function is called by:
		_intac
 This function uses a non-reentrant model



MODULE INFORMATION

Module		Function		Class		Link	Load	Size
C:\Program Files\Microchip\xc8\v2.20\pic\sources\c90\common\aldiv.c
		___aldiv       		CODE           	0763	0000	158

C:\Program Files\Microchip\xc8\v2.20\pic\sources\c90\common\aldiv.c estimated size: 158

C:\Program Files\Microchip\xc8\v2.20\pic\sources\c90\common\isdigit.c
		_isdigit       		CODE           	1740	0000	21

C:\Program Files\Microchip\xc8\v2.20\pic\sources\c90\common\isdigit.c estimated size: 21

C:\Program Files\Microchip\xc8\v2.20\pic\sources\c90\common\Umul8_16.c
		__Umul8_16     		CODE           	17AA	0000	42

C:\Program Files\Microchip\xc8\v2.20\pic\sources\c90\common\Umul8_16.c estimated size: 42

EUSCON.c
		_CONUSART      		CODE           	0A0A	0000	110

EUSCON.c estimated size: 110

C:\Program Files\Microchip\xc8\v2.20\pic\sources\c90\common\xxtofl.c
		___xxtofl      		CODE           	0B15	0000	187

C:\Program Files\Microchip\xc8\v2.20\pic\sources\c90\common\xxtofl.c estimated size: 187

Lab3.c
		_main          		CODE           	0394	0000	785
		_intac         		CODE           	06A4	0000	192

Lab3.c estimated size: 977

C:\Program Files\Microchip\xc8\v2.20\pic\sources\c90\common\lwmod.c
		___lwmod       		CODE           	08C4	0000	61

C:\Program Files\Microchip\xc8\v2.20\pic\sources\c90\common\lwmod.c estimated size: 61

adc.c
		_ADCL_con      		CODE           	1725	0000	12

adc.c estimated size: 12

C:\Program Files\Microchip\xc8\v2.20\pic\sources\c90\common\doprnt.c
		_sprintf       		CODE           	0BCF	0000	410

C:\Program Files\Microchip\xc8\v2.20\pic\sources\c90\common\doprnt.c estimated size: 410

CONFIG.c
		_setup         		CODE           	0850	0000	20

CONFIG.c estimated size: 20

C:\Program Files\Microchip\xc8\v2.20\pic\sources\c90\common\awmod.c
		___awmod       		CODE           	0946	0000	92

C:\Program Files\Microchip\xc8\v2.20\pic\sources\c90\common\awmod.c estimated size: 92

shared
		__stringtab    		STRING         	0800	0000	17
		_dpowers       		STRING         	0810	0000	11
		__initialization		CODE           	0015	0000	27

shared estimated size: 55

C:\Program Files\Microchip\xc8\v2.20\pic\sources\c90\common\Umul16.c
		___wmul        		CODE           	1783	0000	40

C:\Program Files\Microchip\xc8\v2.20\pic\sources\c90\common\Umul16.c estimated size: 40

C:\Program Files\Microchip\xc8\v2.20\pic\sources\c90\common\lwdiv.c
		___lwdiv       		CODE           	0900	0000	71

C:\Program Files\Microchip\xc8\v2.20\pic\sources\c90\common\lwdiv.c estimated size: 71

C:\Program Files\Microchip\xc8\v2.20\pic\sources\c90\common\fltol.c
		___fltol       		CODE           	0A77	0000	159

C:\Program Files\Microchip\xc8\v2.20\pic\sources\c90\common\fltol.c estimated size: 159

INT.c
		_intr          		CODE           	1716	0000	8

INT.c estimated size: 8

C:\Program Files\Microchip\xc8\v2.20\pic\sources\c90\common\sprcmul.c
		___flmul       		CODE           	0033	0000	866

C:\Program Files\Microchip\xc8\v2.20\pic\sources\c90\common\sprcmul.c estimated size: 866

C:\Program Files\Microchip\xc8\v2.20\pic\sources\c90\common\sprcdiv.c
		___fldiv       		CODE           	0D68	0000	665

C:\Program Files\Microchip\xc8\v2.20\pic\sources\c90\common\sprcdiv.c estimated size: 665

C:\Program Files\Microchip\xc8\v2.20\pic\sources\c90\common\awdiv.c
		___awdiv       		CODE           	09A1	0000	106

C:\Program Files\Microchip\xc8\v2.20\pic\sources\c90\common\awdiv.c estimated size: 106

LCD.c
		_LCDCmd        		CODE           	1754	0000	24
		_LCDWrite      		CODE           	1730	0000	17
		_LCD_Initialize		CODE           	0863	0000	49
		_LCDStr        		CODE           	17D3	0000	46
		_LCDChar       		CODE           	176B	0000	25
		_LCDGoto       		CODE           	0893	0000	50

LCD.c estimated size: 211

