<?xml version="1.0" encoding="ISO-8859-1" ?>
<link_info>
   <banner>TI ARM Linker PC v20.2.5.LTS</banner>
   <copyright>Copyright (c) 1996-2018 Texas Instruments Incorporated</copyright>
   <link_time>0x60a48407</link_time>
   <link_errors>0x0</link_errors>
   <output_file>Laboratorio 7.out</output_file>
   <entry_point>
      <name>_c_int00_noargs</name>
      <address>0xa69</address>
   </entry_point>
   <input_file_list>
      <input_file id="fl-2">
         <path>.\</path>
         <kind>object</kind>
         <file>main.obj</file>
         <name>main.obj</name>
      </input_file>
      <input_file id="fl-3">
         <path>.\</path>
         <kind>object</kind>
         <file>tm4c123gh6pm_startup_ccs.obj</file>
         <name>tm4c123gh6pm_startup_ccs.obj</name>
      </input_file>
      <input_file id="fl-8">
         <kind>object</kind>
         <file>&lt;internal&gt;</file>
         <name>&lt;internal&gt;</name>
      </input_file>
      <input_file id="fl-9">
         <path>C:\ti\TivaWare_C_Series-2.1.4.178\driverlib\ccs\Debug\</path>
         <kind>archive</kind>
         <file>driverlib.lib</file>
         <name>gpio.obj</name>
      </input_file>
      <input_file id="fl-a">
         <path>C:\ti\TivaWare_C_Series-2.1.4.178\driverlib\ccs\Debug\</path>
         <kind>archive</kind>
         <file>driverlib.lib</file>
         <name>interrupt.obj</name>
      </input_file>
      <input_file id="fl-b">
         <path>C:\ti\TivaWare_C_Series-2.1.4.178\driverlib\ccs\Debug\</path>
         <kind>archive</kind>
         <file>driverlib.lib</file>
         <name>sysctl.obj</name>
      </input_file>
      <input_file id="fl-c">
         <path>C:\ti\TivaWare_C_Series-2.1.4.178\driverlib\ccs\Debug\</path>
         <kind>archive</kind>
         <file>driverlib.lib</file>
         <name>timer.obj</name>
      </input_file>
      <input_file id="fl-d">
         <path>C:\ti\TivaWare_C_Series-2.1.4.178\driverlib\ccs\Debug\</path>
         <kind>archive</kind>
         <file>driverlib.lib</file>
         <name>uart.obj</name>
      </input_file>
      <input_file id="fl-e">
         <path>C:\ti\TivaWare_C_Series-2.1.4.178\driverlib\ccs\Debug\</path>
         <kind>archive</kind>
         <file>driverlib.lib</file>
         <name>cpu.obj</name>
      </input_file>
      <input_file id="fl-c4">
         <path>C:\ti\ccs1031\ccs\tools\compiler\ti-cgt-arm_20.2.5.LTS\lib\</path>
         <kind>archive</kind>
         <file>rtsv7M4_T_le_v4SPD16_eabi.lib</file>
         <name>copy_zero_init.c.obj</name>
      </input_file>
      <input_file id="fl-c5">
         <path>C:\ti\ccs1031\ccs\tools\compiler\ti-cgt-arm_20.2.5.LTS\lib\</path>
         <kind>archive</kind>
         <file>rtsv7M4_T_le_v4SPD16_eabi.lib</file>
         <name>copy_decompress_none.c.obj</name>
      </input_file>
      <input_file id="fl-c6">
         <path>C:\ti\ccs1031\ccs\tools\compiler\ti-cgt-arm_20.2.5.LTS\lib\</path>
         <kind>archive</kind>
         <file>rtsv7M4_T_le_v4SPD16_eabi.lib</file>
         <name>copy_decompress_lzss.c.obj</name>
      </input_file>
      <input_file id="fl-c7">
         <path>C:\ti\ccs1031\ccs\tools\compiler\ti-cgt-arm_20.2.5.LTS\lib\</path>
         <kind>archive</kind>
         <file>rtsv7M4_T_le_v4SPD16_eabi.lib</file>
         <name>boot_cortex_m.c.obj</name>
      </input_file>
      <input_file id="fl-c8">
         <path>C:\ti\ccs1031\ccs\tools\compiler\ti-cgt-arm_20.2.5.LTS\lib\</path>
         <kind>archive</kind>
         <file>rtsv7M4_T_le_v4SPD16_eabi.lib</file>
         <name>memcpy_t2.asm.obj</name>
      </input_file>
      <input_file id="fl-c9">
         <path>C:\ti\ccs1031\ccs\tools\compiler\ti-cgt-arm_20.2.5.LTS\lib\</path>
         <kind>archive</kind>
         <file>rtsv7M4_T_le_v4SPD16_eabi.lib</file>
         <name>memset_t2.asm.obj</name>
      </input_file>
      <input_file id="fl-ca">
         <path>C:\ti\ccs1031\ccs\tools\compiler\ti-cgt-arm_20.2.5.LTS\lib\</path>
         <kind>archive</kind>
         <file>rtsv7M4_T_le_v4SPD16_eabi.lib</file>
         <name>autoinit.c.obj</name>
      </input_file>
      <input_file id="fl-cb">
         <path>C:\ti\ccs1031\ccs\tools\compiler\ti-cgt-arm_20.2.5.LTS\lib\</path>
         <kind>archive</kind>
         <file>rtsv7M4_T_le_v4SPD16_eabi.lib</file>
         <name>pre_init.c.obj</name>
      </input_file>
      <input_file id="fl-cc">
         <path>C:\ti\ccs1031\ccs\tools\compiler\ti-cgt-arm_20.2.5.LTS\lib\</path>
         <kind>archive</kind>
         <file>rtsv7M4_T_le_v4SPD16_eabi.lib</file>
         <name>cpy_tbl.c.obj</name>
      </input_file>
      <input_file id="fl-cd">
         <path>C:\ti\ccs1031\ccs\tools\compiler\ti-cgt-arm_20.2.5.LTS\lib\</path>
         <kind>archive</kind>
         <file>rtsv7M4_T_le_v4SPD16_eabi.lib</file>
         <name>exit.c.obj</name>
      </input_file>
      <input_file id="fl-ce">
         <path>C:\ti\ccs1031\ccs\tools\compiler\ti-cgt-arm_20.2.5.LTS\lib\</path>
         <kind>archive</kind>
         <file>rtsv7M4_T_le_v4SPD16_eabi.lib</file>
         <name>_lock.c.obj</name>
      </input_file>
      <input_file id="fl-cf">
         <path>C:\ti\ccs1031\ccs\tools\compiler\ti-cgt-arm_20.2.5.LTS\lib\</path>
         <kind>archive</kind>
         <file>rtsv7M4_T_le_v4SPD16_eabi.lib</file>
         <name>args_main.c.obj</name>
      </input_file>
   </input_file_list>
   <object_component_list>
      <object_component id="oc-12">
         <name>.intvecs</name>
         <load_address>0x0</load_address>
         <run_address>0x0</run_address>
         <size>0x26c</size>
         <input_file_ref idref="fl-3"/>
      </object_component>
      <object_component id="oc-2d">
         <name>.text</name>
         <load_address>0x26c</load_address>
         <run_address>0x26c</run_address>
         <size>0x17c</size>
         <input_file_ref idref="fl-2"/>
      </object_component>
      <object_component id="oc-14f">
         <name>.text:GPIOPadConfigSet</name>
         <load_address>0x3e8</load_address>
         <run_address>0x3e8</run_address>
         <size>0x132</size>
         <input_file_ref idref="fl-9"/>
      </object_component>
      <object_component id="oc-92">
         <name>.text:SysCtlClockGet</name>
         <load_address>0x51c</load_address>
         <run_address>0x51c</run_address>
         <size>0x110</size>
         <input_file_ref idref="fl-b"/>
      </object_component>
      <object_component id="oc-74">
         <name>.text:SysCtlClockSet</name>
         <load_address>0x62c</load_address>
         <run_address>0x62c</run_address>
         <size>0xf4</size>
         <input_file_ref idref="fl-b"/>
      </object_component>
      <object_component id="oc-41">
         <name>.text</name>
         <load_address>0x720</load_address>
         <run_address>0x720</run_address>
         <size>0x9c</size>
         <input_file_ref idref="fl-c8"/>
      </object_component>
      <object_component id="oc-b6">
         <name>.text:IntEnable</name>
         <load_address>0x7bc</load_address>
         <run_address>0x7bc</run_address>
         <size>0x68</size>
         <input_file_ref idref="fl-a"/>
      </object_component>
      <object_component id="oc-15">
         <name>.text:decompress:lzss:__TI_decompress_lzss</name>
         <load_address>0x824</load_address>
         <run_address>0x824</run_address>
         <size>0x68</size>
         <input_file_ref idref="fl-c6"/>
      </object_component>
      <object_component id="oc-c2">
         <name>.text:TimerConfigure</name>
         <load_address>0x88c</load_address>
         <run_address>0x88c</run_address>
         <size>0x60</size>
         <input_file_ref idref="fl-c"/>
      </object_component>
      <object_component id="oc-86">
         <name>.text:GPIOPinConfigure</name>
         <load_address>0x8ec</load_address>
         <run_address>0x8ec</run_address>
         <size>0x48</size>
         <input_file_ref idref="fl-9"/>
      </object_component>
      <object_component id="oc-98">
         <name>.text:UARTConfigSetExpClk</name>
         <load_address>0x934</load_address>
         <run_address>0x934</run_address>
         <size>0x46</size>
         <input_file_ref idref="fl-d"/>
      </object_component>
      <object_component id="oc-1a5">
         <name>.text:__TI_auto_init_nobinit_nopinit:__TI_auto_init_nobinit_nopinit</name>
         <load_address>0x97c</load_address>
         <run_address>0x97c</run_address>
         <size>0x44</size>
         <input_file_ref idref="fl-ca"/>
      </object_component>
      <object_component id="oc-164">
         <name>.text:_UARTIntNumberGet</name>
         <load_address>0x9c0</load_address>
         <run_address>0x9c0</run_address>
         <size>0x40</size>
         <input_file_ref idref="fl-d"/>
      </object_component>
      <object_component id="oc-16a">
         <name>.text:IntRegister</name>
         <load_address>0xa00</load_address>
         <run_address>0xa00</run_address>
         <size>0x34</size>
         <input_file_ref idref="fl-a"/>
      </object_component>
      <object_component id="oc-80">
         <name>.text:SysCtlPeripheralEnable</name>
         <load_address>0xa34</load_address>
         <run_address>0xa34</run_address>
         <size>0x34</size>
         <input_file_ref idref="fl-b"/>
      </object_component>
      <object_component id="oc-5f">
         <name>.text:_c_int00_noargs:_c_int00_noargs</name>
         <load_address>0xa68</load_address>
         <run_address>0xa68</run_address>
         <size>0x34</size>
         <input_file_ref idref="fl-c7"/>
      </object_component>
      <object_component id="oc-149">
         <name>.text:GPIODirModeSet</name>
         <load_address>0xa9c</load_address>
         <run_address>0xa9c</run_address>
         <size>0x2a</size>
         <input_file_ref idref="fl-9"/>
      </object_component>
      <object_component id="oc-15a">
         <name>.text:UARTDisable</name>
         <load_address>0xac8</load_address>
         <run_address>0xac8</run_address>
         <size>0x20</size>
         <input_file_ref idref="fl-d"/>
      </object_component>
      <object_component id="oc-4d">
         <name>.text:decompress:ZI:__TI_zero_init_nomemset:__TI_zero_init_nomemset</name>
         <load_address>0xae8</load_address>
         <run_address>0xae8</run_address>
         <size>0x1c</size>
         <input_file_ref idref="fl-c4"/>
      </object_component>
      <object_component id="oc-bc">
         <name>.text:GPIOPinTypeGPIOOutput</name>
         <load_address>0xb04</load_address>
         <run_address>0xb04</run_address>
         <size>0x18</size>
         <input_file_ref idref="fl-9"/>
      </object_component>
      <object_component id="oc-aa">
         <name>.text:UARTIntRegister</name>
         <load_address>0xb1c</load_address>
         <run_address>0xb1c</run_address>
         <size>0x18</size>
         <input_file_ref idref="fl-d"/>
      </object_component>
      <object_component id="oc-b0">
         <name>.text:UARTEnable</name>
         <load_address>0xb34</load_address>
         <run_address>0xb34</run_address>
         <size>0x14</size>
         <input_file_ref idref="fl-d"/>
      </object_component>
      <object_component id="oc-8c">
         <name>.text:GPIOPinTypeUART</name>
         <load_address>0xb48</load_address>
         <run_address>0xb48</run_address>
         <size>0x12</size>
         <input_file_ref idref="fl-9"/>
      </object_component>
      <object_component id="oc-c8">
         <name>.text:TimerLoadSet</name>
         <load_address>0xb5a</load_address>
         <run_address>0xb5a</run_address>
         <size>0x12</size>
         <input_file_ref idref="fl-c"/>
      </object_component>
      <object_component id="oc-7a">
         <name>.text:IntMasterEnable</name>
         <load_address>0xb6c</load_address>
         <run_address>0xb6c</run_address>
         <size>0x10</size>
         <input_file_ref idref="fl-a"/>
      </object_component>
      <object_component id="oc-d4">
         <name>.text:TimerEnable</name>
         <load_address>0xb7c</load_address>
         <run_address>0xb7c</run_address>
         <size>0xe</size>
         <input_file_ref idref="fl-c"/>
      </object_component>
      <object_component id="oc-1b">
         <name>.text:decompress:none:__TI_decompress_none</name>
         <load_address>0xb8a</load_address>
         <run_address>0xb8a</run_address>
         <size>0xe</size>
         <input_file_ref idref="fl-c5"/>
      </object_component>
      <object_component id="oc-13c">
         <name>.text:CPUcpsie</name>
         <load_address>0xb98</load_address>
         <run_address>0xb98</run_address>
         <size>0xc</size>
         <input_file_ref idref="fl-e"/>
      </object_component>
      <object_component id="oc-27">
         <name>.text</name>
         <load_address>0xba4</load_address>
         <run_address>0xba4</run_address>
         <size>0xc</size>
         <input_file_ref idref="fl-3"/>
      </object_component>
      <object_component id="oc-ec">
         <name>.text:UARTCharGet</name>
         <load_address>0xbb0</load_address>
         <run_address>0xbb0</run_address>
         <size>0xa</size>
         <input_file_ref idref="fl-d"/>
      </object_component>
      <object_component id="oc-9e">
         <name>.text:UARTFIFOEnable</name>
         <load_address>0xbba</load_address>
         <run_address>0xbba</run_address>
         <size>0xa</size>
         <input_file_ref idref="fl-d"/>
      </object_component>
      <object_component id="oc-ce">
         <name>.text:TimerIntEnable</name>
         <load_address>0xbc4</load_address>
         <run_address>0xbc4</run_address>
         <size>0x8</size>
         <input_file_ref idref="fl-c"/>
      </object_component>
      <object_component id="oc-a4">
         <name>.text:UARTIntEnable</name>
         <load_address>0xbcc</load_address>
         <run_address>0xbcc</run_address>
         <size>0x8</size>
         <input_file_ref idref="fl-d"/>
      </object_component>
      <object_component id="oc-e0">
         <name>.text:GPIOPinWrite</name>
         <load_address>0xbd4</load_address>
         <run_address>0xbd4</run_address>
         <size>0x6</size>
         <input_file_ref idref="fl-9"/>
      </object_component>
      <object_component id="oc-134">
         <name>.text:SysCtlDelay</name>
         <load_address>0xbda</load_address>
         <run_address>0xbda</run_address>
         <size>0x6</size>
         <input_file_ref idref="fl-b"/>
      </object_component>
      <object_component id="oc-da">
         <name>.text:TimerIntClear</name>
         <load_address>0xbe0</load_address>
         <run_address>0xbe0</run_address>
         <size>0x4</size>
         <input_file_ref idref="fl-c"/>
      </object_component>
      <object_component id="oc-e6">
         <name>.text:UARTIntClear</name>
         <load_address>0xbe4</load_address>
         <run_address>0xbe4</run_address>
         <size>0x4</size>
         <input_file_ref idref="fl-d"/>
      </object_component>
      <object_component id="oc-122">
         <name>.text:_system_pre_init</name>
         <load_address>0xbe8</load_address>
         <run_address>0xbe8</run_address>
         <size>0x4</size>
         <input_file_ref idref="fl-cb"/>
      </object_component>
      <object_component id="oc-199">
         <name>.text:abort:abort</name>
         <load_address>0xbec</load_address>
         <run_address>0xbec</run_address>
         <size>0x4</size>
         <input_file_ref idref="fl-cd"/>
      </object_component>
      <object_component id="oc-144">
         <name>.const:g_pui32GPIOBaseAddrs</name>
         <load_address>0xbf0</load_address>
         <run_address>0xbf0</run_address>
         <size>0x90</size>
         <input_file_ref idref="fl-9"/>
      </object_component>
      <object_component id="oc-172">
         <name>.const</name>
         <load_address>0xc80</load_address>
         <run_address>0xc80</run_address>
         <size>0x70</size>
         <input_file_ref idref="fl-a"/>
      </object_component>
      <object_component id="oc-156">
         <name>.const:g_pui32Xtals</name>
         <load_address>0xcf0</load_address>
         <run_address>0xcf0</run_address>
         <size>0x6c</size>
         <input_file_ref idref="fl-b"/>
      </object_component>
      <object_component id="oc-1ea">
         <name>.const:g_ppui32UARTIntMap</name>
         <load_address>0xd5c</load_address>
         <run_address>0xd5c</run_address>
         <size>0x40</size>
         <input_file_ref idref="fl-d"/>
      </object_component>
      <object_component id="oc-1ed">
         <name>.const:g_ppui32UARTIntMapSnowflake</name>
         <load_address>0xd9c</load_address>
         <run_address>0xd9c</run_address>
         <size>0x40</size>
         <input_file_ref idref="fl-d"/>
      </object_component>
      <object_component id="oc-27c">
         <name>__TI_handler_table</name>
         <load_address>0xde0</load_address>
         <run_address>0xde0</run_address>
         <size>0xc</size>
      </object_component>
      <object_component id="oc-27f">
         <name>.cinit..data.load</name>
         <load_address>0xdec</load_address>
         <run_address>0xdec</run_address>
         <size>0x8</size>
      </object_component>
      <object_component id="oc-27e">
         <name>.cinit..vtable.load</name>
         <load_address>0xdf8</load_address>
         <run_address>0xdf8</run_address>
         <size>0x8</size>
      </object_component>
      <object_component id="oc-27d">
         <name>__TI_cinit_table</name>
         <load_address>0xe00</load_address>
         <run_address>0xe00</run_address>
         <size>0x10</size>
      </object_component>
      <object_component id="oc-1f1">
         <name>.vtable</name>
         <uninitialized>true</uninitialized>
         <run_address>0x20000000</run_address>
         <size>0x26c</size>
         <input_file_ref idref="fl-a"/>
      </object_component>
      <object_component id="oc-f2">
         <name>.data</name>
         <load_address>0x2000026c</load_address>
         <run_address>0x2000026c</run_address>
         <size>0x4</size>
         <input_file_ref idref="fl-2"/>
      </object_component>
      <object_component id="oc-24">
         <name>.stack</name>
         <uninitialized>true</uninitialized>
         <run_address>0x20000270</run_address>
         <size>0x4</size>
         <input_file_ref idref="fl-c7"/>
      </object_component>
      <object_component id="oc-281">
         <name>.stack</name>
         <uninitialized>true</uninitialized>
         <run_address>0x20000270</run_address>
         <size>0x0</size>
      </object_component>
      <object_component id="oc-188">
         <name>.debug_info</name>
         <load_address>0x0</load_address>
         <run_address>0x0</run_address>
         <size>0x67b</size>
         <input_file_ref idref="fl-2"/>
      </object_component>
      <object_component id="oc-f3">
         <name>.debug_info</name>
         <load_address>0x67b</load_address>
         <run_address>0x67b</run_address>
         <size>0x111</size>
         <input_file_ref idref="fl-2"/>
      </object_component>
      <object_component id="oc-2e">
         <name>.debug_info</name>
         <load_address>0x78c</load_address>
         <run_address>0x78c</run_address>
         <size>0x3ba</size>
         <input_file_ref idref="fl-2"/>
      </object_component>
      <object_component id="oc-fd">
         <name>.debug_info</name>
         <load_address>0xb46</load_address>
         <run_address>0xb46</run_address>
         <size>0x26b</size>
         <input_file_ref idref="fl-2"/>
      </object_component>
      <object_component id="oc-f6">
         <name>.debug_info</name>
         <load_address>0xdb1</load_address>
         <run_address>0xdb1</run_address>
         <size>0x8b</size>
         <input_file_ref idref="fl-2"/>
      </object_component>
      <object_component id="oc-183">
         <name>.debug_info</name>
         <load_address>0xe3c</load_address>
         <run_address>0xe3c</run_address>
         <size>0x2a4</size>
         <input_file_ref idref="fl-2"/>
      </object_component>
      <object_component id="oc-102">
         <name>.debug_info</name>
         <load_address>0x10e0</load_address>
         <run_address>0x10e0</run_address>
         <size>0xbb</size>
         <input_file_ref idref="fl-2"/>
      </object_component>
      <object_component id="oc-35">
         <name>.debug_info</name>
         <load_address>0x119b</load_address>
         <run_address>0x119b</run_address>
         <size>0x2c1</size>
         <input_file_ref idref="fl-3"/>
      </object_component>
      <object_component id="oc-13">
         <name>.debug_info</name>
         <load_address>0x145c</load_address>
         <run_address>0x145c</run_address>
         <size>0xec</size>
         <input_file_ref idref="fl-3"/>
      </object_component>
      <object_component id="oc-2a">
         <name>.debug_info</name>
         <load_address>0x1548</load_address>
         <run_address>0x1548</run_address>
         <size>0x268</size>
         <input_file_ref idref="fl-3"/>
      </object_component>
      <object_component id="oc-3c">
         <name>.debug_info</name>
         <load_address>0x17b0</load_address>
         <run_address>0x17b0</run_address>
         <size>0x84</size>
         <input_file_ref idref="fl-3"/>
      </object_component>
      <object_component id="oc-148">
         <name>.debug_info</name>
         <load_address>0x1834</load_address>
         <run_address>0x1834</run_address>
         <size>0x240</size>
         <input_file_ref idref="fl-9"/>
      </object_component>
      <object_component id="oc-145">
         <name>.debug_info</name>
         <load_address>0x1a74</load_address>
         <run_address>0x1a74</run_address>
         <size>0x15b</size>
         <input_file_ref idref="fl-9"/>
      </object_component>
      <object_component id="oc-e1">
         <name>.debug_info</name>
         <load_address>0x1bcf</load_address>
         <run_address>0x1bcf</run_address>
         <size>0x2a3</size>
         <input_file_ref idref="fl-9"/>
      </object_component>
      <object_component id="oc-14a">
         <name>.debug_info</name>
         <load_address>0x1e72</load_address>
         <run_address>0x1e72</run_address>
         <size>0x2b3</size>
         <input_file_ref idref="fl-9"/>
      </object_component>
      <object_component id="oc-150">
         <name>.debug_info</name>
         <load_address>0x2125</load_address>
         <run_address>0x2125</run_address>
         <size>0x316</size>
         <input_file_ref idref="fl-9"/>
      </object_component>
      <object_component id="oc-8d">
         <name>.debug_info</name>
         <load_address>0x243b</load_address>
         <run_address>0x243b</run_address>
         <size>0x27b</size>
         <input_file_ref idref="fl-9"/>
      </object_component>
      <object_component id="oc-bd">
         <name>.debug_info</name>
         <load_address>0x26b6</load_address>
         <run_address>0x26b6</run_address>
         <size>0x2b7</size>
         <input_file_ref idref="fl-9"/>
      </object_component>
      <object_component id="oc-87">
         <name>.debug_info</name>
         <load_address>0x296d</load_address>
         <run_address>0x296d</run_address>
         <size>0x280</size>
         <input_file_ref idref="fl-9"/>
      </object_component>
      <object_component id="oc-136">
         <name>.debug_info</name>
         <load_address>0x2bed</load_address>
         <run_address>0x2bed</run_address>
         <size>0x18b</size>
         <input_file_ref idref="fl-9"/>
      </object_component>
      <object_component id="oc-176">
         <name>.debug_info</name>
         <load_address>0x2d78</load_address>
         <run_address>0x2d78</run_address>
         <size>0x20e</size>
         <input_file_ref idref="fl-a"/>
      </object_component>
      <object_component id="oc-173">
         <name>.debug_info</name>
         <load_address>0x2f86</load_address>
         <run_address>0x2f86</run_address>
         <size>0x210</size>
         <input_file_ref idref="fl-a"/>
      </object_component>
      <object_component id="oc-1f2">
         <name>.debug_info</name>
         <load_address>0x3196</load_address>
         <run_address>0x3196</run_address>
         <size>0x157</size>
         <input_file_ref idref="fl-a"/>
      </object_component>
      <object_component id="oc-16d">
         <name>.debug_info</name>
         <load_address>0x32ed</load_address>
         <run_address>0x32ed</run_address>
         <size>0x2c1</size>
         <input_file_ref idref="fl-a"/>
      </object_component>
      <object_component id="oc-7d">
         <name>.debug_info</name>
         <load_address>0x35ae</load_address>
         <run_address>0x35ae</run_address>
         <size>0x23e</size>
         <input_file_ref idref="fl-a"/>
      </object_component>
      <object_component id="oc-b9">
         <name>.debug_info</name>
         <load_address>0x37ec</load_address>
         <run_address>0x37ec</run_address>
         <size>0x268</size>
         <input_file_ref idref="fl-a"/>
      </object_component>
      <object_component id="oc-13b">
         <name>.debug_info</name>
         <load_address>0x3a54</load_address>
         <run_address>0x3a54</run_address>
         <size>0x298</size>
         <input_file_ref idref="fl-b"/>
      </object_component>
      <object_component id="oc-157">
         <name>.debug_info</name>
         <load_address>0x3cec</load_address>
         <run_address>0x3cec</run_address>
         <size>0x14d</size>
         <input_file_ref idref="fl-b"/>
      </object_component>
      <object_component id="oc-83">
         <name>.debug_info</name>
         <load_address>0x3e39</load_address>
         <run_address>0x3e39</run_address>
         <size>0x27d</size>
         <input_file_ref idref="fl-b"/>
      </object_component>
      <object_component id="oc-76">
         <name>.debug_info</name>
         <load_address>0x40b6</load_address>
         <run_address>0x40b6</run_address>
         <size>0x2db</size>
         <input_file_ref idref="fl-b"/>
      </object_component>
      <object_component id="oc-94">
         <name>.debug_info</name>
         <load_address>0x4391</load_address>
         <run_address>0x4391</run_address>
         <size>0x2b5</size>
         <input_file_ref idref="fl-b"/>
      </object_component>
      <object_component id="oc-1d9">
         <name>.debug_info</name>
         <load_address>0x4646</load_address>
         <run_address>0x4646</run_address>
         <size>0x5f</size>
         <input_file_ref idref="fl-b"/>
      </object_component>
      <object_component id="oc-179">
         <name>.debug_info</name>
         <load_address>0x46a5</load_address>
         <run_address>0x46a5</run_address>
         <size>0x223</size>
         <input_file_ref idref="fl-c"/>
      </object_component>
      <object_component id="oc-ca">
         <name>.debug_info</name>
         <load_address>0x48c8</load_address>
         <run_address>0x48c8</run_address>
         <size>0x2ba</size>
         <input_file_ref idref="fl-c"/>
      </object_component>
      <object_component id="oc-d0">
         <name>.debug_info</name>
         <load_address>0x4b82</load_address>
         <run_address>0x4b82</run_address>
         <size>0x294</size>
         <input_file_ref idref="fl-c"/>
      </object_component>
      <object_component id="oc-dc">
         <name>.debug_info</name>
         <load_address>0x4e16</load_address>
         <run_address>0x4e16</run_address>
         <size>0x292</size>
         <input_file_ref idref="fl-c"/>
      </object_component>
      <object_component id="oc-d6">
         <name>.debug_info</name>
         <load_address>0x50a8</load_address>
         <run_address>0x50a8</run_address>
         <size>0x27f</size>
         <input_file_ref idref="fl-c"/>
      </object_component>
      <object_component id="oc-c4">
         <name>.debug_info</name>
         <load_address>0x5327</load_address>
         <run_address>0x5327</run_address>
         <size>0x28c</size>
         <input_file_ref idref="fl-c"/>
      </object_component>
      <object_component id="oc-161">
         <name>.debug_info</name>
         <load_address>0x55b3</load_address>
         <run_address>0x55b3</run_address>
         <size>0x227</size>
         <input_file_ref idref="fl-d"/>
      </object_component>
      <object_component id="oc-1eb">
         <name>.debug_info</name>
         <load_address>0x57da</load_address>
         <run_address>0x57da</run_address>
         <size>0x157</size>
         <input_file_ref idref="fl-d"/>
      </object_component>
      <object_component id="oc-1ee">
         <name>.debug_info</name>
         <load_address>0x5931</load_address>
         <run_address>0x5931</run_address>
         <size>0x169</size>
         <input_file_ref idref="fl-d"/>
      </object_component>
      <object_component id="oc-166">
         <name>.debug_info</name>
         <load_address>0x5a9a</load_address>
         <run_address>0x5a9a</run_address>
         <size>0x27e</size>
         <input_file_ref idref="fl-d"/>
      </object_component>
      <object_component id="oc-ac">
         <name>.debug_info</name>
         <load_address>0x5d18</load_address>
         <run_address>0x5d18</run_address>
         <size>0x2c3</size>
         <input_file_ref idref="fl-d"/>
      </object_component>
      <object_component id="oc-a6">
         <name>.debug_info</name>
         <load_address>0x5fdb</load_address>
         <run_address>0x5fdb</run_address>
         <size>0x28f</size>
         <input_file_ref idref="fl-d"/>
      </object_component>
      <object_component id="oc-e8">
         <name>.debug_info</name>
         <load_address>0x626a</load_address>
         <run_address>0x626a</run_address>
         <size>0x28d</size>
         <input_file_ref idref="fl-d"/>
      </object_component>
      <object_component id="oc-a0">
         <name>.debug_info</name>
         <load_address>0x64f7</load_address>
         <run_address>0x64f7</run_address>
         <size>0x24f</size>
         <input_file_ref idref="fl-d"/>
      </object_component>
      <object_component id="oc-b2">
         <name>.debug_info</name>
         <load_address>0x6746</load_address>
         <run_address>0x6746</run_address>
         <size>0x247</size>
         <input_file_ref idref="fl-d"/>
      </object_component>
      <object_component id="oc-15c">
         <name>.debug_info</name>
         <load_address>0x698d</load_address>
         <run_address>0x698d</run_address>
         <size>0x249</size>
         <input_file_ref idref="fl-d"/>
      </object_component>
      <object_component id="oc-9a">
         <name>.debug_info</name>
         <load_address>0x6bd6</load_address>
         <run_address>0x6bd6</run_address>
         <size>0x326</size>
         <input_file_ref idref="fl-d"/>
      </object_component>
      <object_component id="oc-ee">
         <name>.debug_info</name>
         <load_address>0x6efc</load_address>
         <run_address>0x6efc</run_address>
         <size>0x24d</size>
         <input_file_ref idref="fl-d"/>
      </object_component>
      <object_component id="oc-140">
         <name>.debug_info</name>
         <load_address>0x7149</load_address>
         <run_address>0x7149</run_address>
         <size>0x212</size>
         <input_file_ref idref="fl-e"/>
      </object_component>
      <object_component id="oc-11b">
         <name>.debug_info</name>
         <load_address>0x735b</load_address>
         <run_address>0x735b</run_address>
         <size>0x2d4</size>
         <input_file_ref idref="fl-c4"/>
      </object_component>
      <object_component id="oc-51">
         <name>.debug_info</name>
         <load_address>0x762f</load_address>
         <run_address>0x762f</run_address>
         <size>0x1d2</size>
         <input_file_ref idref="fl-c4"/>
      </object_component>
      <object_component id="oc-116">
         <name>.debug_info</name>
         <load_address>0x7801</load_address>
         <run_address>0x7801</run_address>
         <size>0x46</size>
         <input_file_ref idref="fl-c4"/>
      </object_component>
      <object_component id="oc-190">
         <name>.debug_info</name>
         <load_address>0x7847</load_address>
         <run_address>0x7847</run_address>
         <size>0x2c</size>
         <input_file_ref idref="fl-c4"/>
      </object_component>
      <object_component id="oc-4c">
         <name>.debug_info</name>
         <load_address>0x7873</load_address>
         <run_address>0x7873</run_address>
         <size>0x2a8</size>
         <input_file_ref idref="fl-c5"/>
      </object_component>
      <object_component id="oc-1e">
         <name>.debug_info</name>
         <load_address>0x7b1b</load_address>
         <run_address>0x7b1b</run_address>
         <size>0x1ea</size>
         <input_file_ref idref="fl-c5"/>
      </object_component>
      <object_component id="oc-47">
         <name>.debug_info</name>
         <load_address>0x7d05</load_address>
         <run_address>0x7d05</run_address>
         <size>0x46</size>
         <input_file_ref idref="fl-c5"/>
      </object_component>
      <object_component id="oc-10e">
         <name>.debug_info</name>
         <load_address>0x7d4b</load_address>
         <run_address>0x7d4b</run_address>
         <size>0x2c</size>
         <input_file_ref idref="fl-c5"/>
      </object_component>
      <object_component id="oc-10c">
         <name>.debug_info</name>
         <load_address>0x7d77</load_address>
         <run_address>0x7d77</run_address>
         <size>0x29e</size>
         <input_file_ref idref="fl-c6"/>
      </object_component>
      <object_component id="oc-17">
         <name>.debug_info</name>
         <load_address>0x8015</load_address>
         <run_address>0x8015</run_address>
         <size>0x250</size>
         <input_file_ref idref="fl-c6"/>
      </object_component>
      <object_component id="oc-37">
         <name>.debug_info</name>
         <load_address>0x8265</load_address>
         <run_address>0x8265</run_address>
         <size>0x60</size>
         <input_file_ref idref="fl-c6"/>
      </object_component>
      <object_component id="oc-189">
         <name>.debug_info</name>
         <load_address>0x82c5</load_address>
         <run_address>0x82c5</run_address>
         <size>0x46</size>
         <input_file_ref idref="fl-c6"/>
      </object_component>
      <object_component id="oc-107">
         <name>.debug_info</name>
         <load_address>0x830b</load_address>
         <run_address>0x830b</run_address>
         <size>0x39</size>
         <input_file_ref idref="fl-c6"/>
      </object_component>
      <object_component id="oc-25">
         <name>.debug_info</name>
         <load_address>0x8344</load_address>
         <run_address>0x8344</run_address>
         <size>0x10b</size>
         <input_file_ref idref="fl-c7"/>
      </object_component>
      <object_component id="oc-62">
         <name>.debug_info</name>
         <load_address>0x844f</load_address>
         <run_address>0x844f</run_address>
         <size>0x1a9</size>
         <input_file_ref idref="fl-c7"/>
      </object_component>
      <object_component id="oc-43">
         <name>.debug_info</name>
         <load_address>0x85f8</load_address>
         <run_address>0x85f8</run_address>
         <size>0x119</size>
         <input_file_ref idref="fl-c8"/>
      </object_component>
      <object_component id="oc-208">
         <name>.debug_info</name>
         <load_address>0x8711</load_address>
         <run_address>0x8711</run_address>
         <size>0x4b3</size>
         <input_file_ref idref="fl-ca"/>
      </object_component>
      <object_component id="oc-1a7">
         <name>.debug_info</name>
         <load_address>0x8bc4</load_address>
         <run_address>0x8bc4</run_address>
         <size>0x1a6</size>
         <input_file_ref idref="fl-ca"/>
      </object_component>
      <object_component id="oc-233">
         <name>.debug_info</name>
         <load_address>0x8d6a</load_address>
         <run_address>0x8d6a</run_address>
         <size>0x39</size>
         <input_file_ref idref="fl-ca"/>
      </object_component>
      <object_component id="oc-247">
         <name>.debug_info</name>
         <load_address>0x8da3</load_address>
         <run_address>0x8da3</run_address>
         <size>0x39</size>
         <input_file_ref idref="fl-ca"/>
      </object_component>
      <object_component id="oc-238">
         <name>.debug_info</name>
         <load_address>0x8ddc</load_address>
         <run_address>0x8ddc</run_address>
         <size>0x39</size>
         <input_file_ref idref="fl-ca"/>
      </object_component>
      <object_component id="oc-23d">
         <name>.debug_info</name>
         <load_address>0x8e15</load_address>
         <run_address>0x8e15</run_address>
         <size>0xcd</size>
         <input_file_ref idref="fl-ca"/>
      </object_component>
      <object_component id="oc-123">
         <name>.debug_info</name>
         <load_address>0x8ee2</load_address>
         <run_address>0x8ee2</run_address>
         <size>0x153</size>
         <input_file_ref idref="fl-cb"/>
      </object_component>
      <object_component id="oc-19a">
         <name>.debug_info</name>
         <load_address>0x9035</load_address>
         <run_address>0x9035</run_address>
         <size>0x122</size>
         <input_file_ref idref="fl-cd"/>
      </object_component>
      <object_component id="oc-282">
         <name>.debug_info</name>
         <load_address>0x9157</load_address>
         <run_address>0x9157</run_address>
         <size>0x9f</size>
      </object_component>
      <object_component id="oc-1fc">
         <name>.debug_line</name>
         <load_address>0x0</load_address>
         <run_address>0x0</run_address>
         <size>0x136</size>
         <input_file_ref idref="fl-2"/>
      </object_component>
      <object_component id="oc-182">
         <name>.debug_line</name>
         <load_address>0x136</load_address>
         <run_address>0x136</run_address>
         <size>0x2d</size>
         <input_file_ref idref="fl-2"/>
      </object_component>
      <object_component id="oc-31">
         <name>.debug_line</name>
         <load_address>0x163</load_address>
         <run_address>0x163</run_address>
         <size>0xb2</size>
         <input_file_ref idref="fl-2"/>
      </object_component>
      <object_component id="oc-100">
         <name>.debug_line</name>
         <load_address>0x215</load_address>
         <run_address>0x215</run_address>
         <size>0x6f</size>
         <input_file_ref idref="fl-2"/>
      </object_component>
      <object_component id="oc-f9">
         <name>.debug_line</name>
         <load_address>0x284</load_address>
         <run_address>0x284</run_address>
         <size>0x20</size>
         <input_file_ref idref="fl-2"/>
      </object_component>
      <object_component id="oc-186">
         <name>.debug_line</name>
         <load_address>0x2a4</load_address>
         <run_address>0x2a4</run_address>
         <size>0x73</size>
         <input_file_ref idref="fl-2"/>
      </object_component>
      <object_component id="oc-105">
         <name>.debug_line</name>
         <load_address>0x317</load_address>
         <run_address>0x317</run_address>
         <size>0x70</size>
         <input_file_ref idref="fl-2"/>
      </object_component>
      <object_component id="oc-fc">
         <name>.debug_line</name>
         <load_address>0x387</load_address>
         <run_address>0x387</run_address>
         <size>0x41</size>
         <input_file_ref idref="fl-3"/>
      </object_component>
      <object_component id="oc-34">
         <name>.debug_line</name>
         <load_address>0x3c8</load_address>
         <run_address>0x3c8</run_address>
         <size>0x41</size>
         <input_file_ref idref="fl-3"/>
      </object_component>
      <object_component id="oc-29">
         <name>.debug_line</name>
         <load_address>0x409</load_address>
         <run_address>0x409</run_address>
         <size>0xa1</size>
         <input_file_ref idref="fl-3"/>
      </object_component>
      <object_component id="oc-3f">
         <name>.debug_line</name>
         <load_address>0x4aa</load_address>
         <run_address>0x4aa</run_address>
         <size>0x20</size>
         <input_file_ref idref="fl-3"/>
      </object_component>
      <object_component id="oc-1e2">
         <name>.debug_line</name>
         <load_address>0x4ca</load_address>
         <run_address>0x4ca</run_address>
         <size>0x82</size>
         <input_file_ref idref="fl-9"/>
      </object_component>
      <object_component id="oc-1e0">
         <name>.debug_line</name>
         <load_address>0x54c</load_address>
         <run_address>0x54c</run_address>
         <size>0x7d</size>
         <input_file_ref idref="fl-9"/>
      </object_component>
      <object_component id="oc-e4">
         <name>.debug_line</name>
         <load_address>0x5c9</load_address>
         <run_address>0x5c9</run_address>
         <size>0x92</size>
         <input_file_ref idref="fl-9"/>
      </object_component>
      <object_component id="oc-14d">
         <name>.debug_line</name>
         <load_address>0x65b</load_address>
         <run_address>0x65b</run_address>
         <size>0x95</size>
         <input_file_ref idref="fl-9"/>
      </object_component>
      <object_component id="oc-153">
         <name>.debug_line</name>
         <load_address>0x6f0</load_address>
         <run_address>0x6f0</run_address>
         <size>0xd1</size>
         <input_file_ref idref="fl-9"/>
      </object_component>
      <object_component id="oc-90">
         <name>.debug_line</name>
         <load_address>0x7c1</load_address>
         <run_address>0x7c1</run_address>
         <size>0x93</size>
         <input_file_ref idref="fl-9"/>
      </object_component>
      <object_component id="oc-c0">
         <name>.debug_line</name>
         <load_address>0x854</load_address>
         <run_address>0x854</run_address>
         <size>0x99</size>
         <input_file_ref idref="fl-9"/>
      </object_component>
      <object_component id="oc-8a">
         <name>.debug_line</name>
         <load_address>0x8ed</load_address>
         <run_address>0x8ed</run_address>
         <size>0xa7</size>
         <input_file_ref idref="fl-9"/>
      </object_component>
      <object_component id="oc-139">
         <name>.debug_line</name>
         <load_address>0x994</load_address>
         <run_address>0x994</run_address>
         <size>0x69</size>
         <input_file_ref idref="fl-9"/>
      </object_component>
      <object_component id="oc-1f8">
         <name>.debug_line</name>
         <load_address>0x9fd</load_address>
         <run_address>0x9fd</run_address>
         <size>0x7c</size>
         <input_file_ref idref="fl-a"/>
      </object_component>
      <object_component id="oc-1f6">
         <name>.debug_line</name>
         <load_address>0xa79</load_address>
         <run_address>0xa79</run_address>
         <size>0x82</size>
         <input_file_ref idref="fl-a"/>
      </object_component>
      <object_component id="oc-222">
         <name>.debug_line</name>
         <load_address>0xafb</load_address>
         <run_address>0xafb</run_address>
         <size>0x82</size>
         <input_file_ref idref="fl-a"/>
      </object_component>
      <object_component id="oc-16b">
         <name>.debug_line</name>
         <load_address>0xb7d</load_address>
         <run_address>0xb7d</run_address>
         <size>0xaf</size>
         <input_file_ref idref="fl-a"/>
      </object_component>
      <object_component id="oc-7c">
         <name>.debug_line</name>
         <load_address>0xc2c</load_address>
         <run_address>0xc2c</run_address>
         <size>0x97</size>
         <input_file_ref idref="fl-a"/>
      </object_component>
      <object_component id="oc-b7">
         <name>.debug_line</name>
         <load_address>0xcc3</load_address>
         <run_address>0xcc3</run_address>
         <size>0xc2</size>
         <input_file_ref idref="fl-a"/>
      </object_component>
      <object_component id="oc-1d8">
         <name>.debug_line</name>
         <load_address>0xd85</load_address>
         <run_address>0xd85</run_address>
         <size>0x13d</size>
         <input_file_ref idref="fl-b"/>
      </object_component>
      <object_component id="oc-1e6">
         <name>.debug_line</name>
         <load_address>0xec2</load_address>
         <run_address>0xec2</run_address>
         <size>0x7f</size>
         <input_file_ref idref="fl-b"/>
      </object_component>
      <object_component id="oc-82">
         <name>.debug_line</name>
         <load_address>0xf41</load_address>
         <run_address>0xf41</run_address>
         <size>0x94</size>
         <input_file_ref idref="fl-b"/>
      </object_component>
      <object_component id="oc-75">
         <name>.debug_line</name>
         <load_address>0xfd5</load_address>
         <run_address>0xfd5</run_address>
         <size>0xee</size>
         <input_file_ref idref="fl-b"/>
      </object_component>
      <object_component id="oc-93">
         <name>.debug_line</name>
         <load_address>0x10c3</load_address>
         <run_address>0x10c3</run_address>
         <size>0x11a</size>
         <input_file_ref idref="fl-b"/>
      </object_component>
      <object_component id="oc-1dc">
         <name>.debug_line</name>
         <load_address>0x11dd</load_address>
         <run_address>0x11dd</run_address>
         <size>0x7f</size>
         <input_file_ref idref="fl-b"/>
      </object_component>
      <object_component id="oc-1fa">
         <name>.debug_line</name>
         <load_address>0x125c</load_address>
         <run_address>0x125c</run_address>
         <size>0x82</size>
         <input_file_ref idref="fl-c"/>
      </object_component>
      <object_component id="oc-cc">
         <name>.debug_line</name>
         <load_address>0x12de</load_address>
         <run_address>0x12de</run_address>
         <size>0x9c</size>
         <input_file_ref idref="fl-c"/>
      </object_component>
      <object_component id="oc-d3">
         <name>.debug_line</name>
         <load_address>0x137a</load_address>
         <run_address>0x137a</run_address>
         <size>0x93</size>
         <input_file_ref idref="fl-c"/>
      </object_component>
      <object_component id="oc-df">
         <name>.debug_line</name>
         <load_address>0x140d</load_address>
         <run_address>0x140d</run_address>
         <size>0x93</size>
         <input_file_ref idref="fl-c"/>
      </object_component>
      <object_component id="oc-d9">
         <name>.debug_line</name>
         <load_address>0x14a0</load_address>
         <run_address>0x14a0</run_address>
         <size>0x93</size>
         <input_file_ref idref="fl-c"/>
      </object_component>
      <object_component id="oc-c7">
         <name>.debug_line</name>
         <load_address>0x1533</load_address>
         <run_address>0x1533</run_address>
         <size>0xb7</size>
         <input_file_ref idref="fl-c"/>
      </object_component>
      <object_component id="oc-1e9">
         <name>.debug_line</name>
         <load_address>0x15ea</load_address>
         <run_address>0x15ea</run_address>
         <size>0x82</size>
         <input_file_ref idref="fl-d"/>
      </object_component>
      <object_component id="oc-21e">
         <name>.debug_line</name>
         <load_address>0x166c</load_address>
         <run_address>0x166c</run_address>
         <size>0x7d</size>
         <input_file_ref idref="fl-d"/>
      </object_component>
      <object_component id="oc-220">
         <name>.debug_line</name>
         <load_address>0x16e9</load_address>
         <run_address>0x16e9</run_address>
         <size>0x7d</size>
         <input_file_ref idref="fl-d"/>
      </object_component>
      <object_component id="oc-169">
         <name>.debug_line</name>
         <load_address>0x1766</load_address>
         <run_address>0x1766</run_address>
         <size>0xa5</size>
         <input_file_ref idref="fl-d"/>
      </object_component>
      <object_component id="oc-af">
         <name>.debug_line</name>
         <load_address>0x180b</load_address>
         <run_address>0x180b</run_address>
         <size>0x99</size>
         <input_file_ref idref="fl-d"/>
      </object_component>
      <object_component id="oc-a9">
         <name>.debug_line</name>
         <load_address>0x18a4</load_address>
         <run_address>0x18a4</run_address>
         <size>0x92</size>
         <input_file_ref idref="fl-d"/>
      </object_component>
      <object_component id="oc-eb">
         <name>.debug_line</name>
         <load_address>0x1936</load_address>
         <run_address>0x1936</run_address>
         <size>0x92</size>
         <input_file_ref idref="fl-d"/>
      </object_component>
      <object_component id="oc-a3">
         <name>.debug_line</name>
         <load_address>0x19c8</load_address>
         <run_address>0x19c8</run_address>
         <size>0x92</size>
         <input_file_ref idref="fl-d"/>
      </object_component>
      <object_component id="oc-b5">
         <name>.debug_line</name>
         <load_address>0x1a5a</load_address>
         <run_address>0x1a5a</run_address>
         <size>0x93</size>
         <input_file_ref idref="fl-d"/>
      </object_component>
      <object_component id="oc-15f">
         <name>.debug_line</name>
         <load_address>0x1aed</load_address>
         <run_address>0x1aed</run_address>
         <size>0x96</size>
         <input_file_ref idref="fl-d"/>
      </object_component>
      <object_component id="oc-9d">
         <name>.debug_line</name>
         <load_address>0x1b83</load_address>
         <run_address>0x1b83</run_address>
         <size>0xb3</size>
         <input_file_ref idref="fl-d"/>
      </object_component>
      <object_component id="oc-f1">
         <name>.debug_line</name>
         <load_address>0x1c36</load_address>
         <run_address>0x1c36</run_address>
         <size>0x93</size>
         <input_file_ref idref="fl-d"/>
      </object_component>
      <object_component id="oc-13f">
         <name>.debug_line</name>
         <load_address>0x1cc9</load_address>
         <run_address>0x1cc9</run_address>
         <size>0x91</size>
         <input_file_ref idref="fl-e"/>
      </object_component>
      <object_component id="oc-196">
         <name>.debug_line</name>
         <load_address>0x1d5a</load_address>
         <run_address>0x1d5a</run_address>
         <size>0x92</size>
         <input_file_ref idref="fl-c4"/>
      </object_component>
      <object_component id="oc-4f">
         <name>.debug_line</name>
         <load_address>0x1dec</load_address>
         <run_address>0x1dec</run_address>
         <size>0x56</size>
         <input_file_ref idref="fl-c4"/>
      </object_component>
      <object_component id="oc-119">
         <name>.debug_line</name>
         <load_address>0x1e42</load_address>
         <run_address>0x1e42</run_address>
         <size>0x34</size>
         <input_file_ref idref="fl-c4"/>
      </object_component>
      <object_component id="oc-193">
         <name>.debug_line</name>
         <load_address>0x1e76</load_address>
         <run_address>0x1e76</run_address>
         <size>0x92</size>
         <input_file_ref idref="fl-c4"/>
      </object_component>
      <object_component id="oc-114">
         <name>.debug_line</name>
         <load_address>0x1f08</load_address>
         <run_address>0x1f08</run_address>
         <size>0x20</size>
         <input_file_ref idref="fl-c5"/>
      </object_component>
      <object_component id="oc-20">
         <name>.debug_line</name>
         <load_address>0x1f28</load_address>
         <run_address>0x1f28</run_address>
         <size>0x55</size>
         <input_file_ref idref="fl-c5"/>
      </object_component>
      <object_component id="oc-4a">
         <name>.debug_line</name>
         <load_address>0x1f7d</load_address>
         <run_address>0x1f7d</run_address>
         <size>0x3a</size>
         <input_file_ref idref="fl-c5"/>
      </object_component>
      <object_component id="oc-111">
         <name>.debug_line</name>
         <load_address>0x1fb7</load_address>
         <run_address>0x1fb7</run_address>
         <size>0x92</size>
         <input_file_ref idref="fl-c5"/>
      </object_component>
      <object_component id="oc-18f">
         <name>.debug_line</name>
         <load_address>0x2049</load_address>
         <run_address>0x2049</run_address>
         <size>0x20</size>
         <input_file_ref idref="fl-c6"/>
      </object_component>
      <object_component id="oc-1a">
         <name>.debug_line</name>
         <load_address>0x2069</load_address>
         <run_address>0x2069</run_address>
         <size>0xa9</size>
         <input_file_ref idref="fl-c6"/>
      </object_component>
      <object_component id="oc-3a">
         <name>.debug_line</name>
         <load_address>0x2112</load_address>
         <run_address>0x2112</run_address>
         <size>0x3a</size>
         <input_file_ref idref="fl-c6"/>
      </object_component>
      <object_component id="oc-18c">
         <name>.debug_line</name>
         <load_address>0x214c</load_address>
         <run_address>0x214c</run_address>
         <size>0x9a</size>
         <input_file_ref idref="fl-c6"/>
      </object_component>
      <object_component id="oc-10a">
         <name>.debug_line</name>
         <load_address>0x21e6</load_address>
         <run_address>0x21e6</run_address>
         <size>0x96</size>
         <input_file_ref idref="fl-c6"/>
      </object_component>
      <object_component id="oc-72">
         <name>.debug_line</name>
         <load_address>0x227c</load_address>
         <run_address>0x227c</run_address>
         <size>0x33</size>
         <input_file_ref idref="fl-c7"/>
      </object_component>
      <object_component id="oc-60">
         <name>.debug_line</name>
         <load_address>0x22af</load_address>
         <run_address>0x22af</run_address>
         <size>0x45</size>
         <input_file_ref idref="fl-c7"/>
      </object_component>
      <object_component id="oc-45">
         <name>.debug_line</name>
         <load_address>0x22f4</load_address>
         <run_address>0x22f4</run_address>
         <size>0x88</size>
         <input_file_ref idref="fl-c8"/>
      </object_component>
      <object_component id="oc-232">
         <name>.debug_line</name>
         <load_address>0x237c</load_address>
         <run_address>0x237c</run_address>
         <size>0xbf</size>
         <input_file_ref idref="fl-ca"/>
      </object_component>
      <object_component id="oc-1a6">
         <name>.debug_line</name>
         <load_address>0x243b</load_address>
         <run_address>0x243b</run_address>
         <size>0x6f</size>
         <input_file_ref idref="fl-ca"/>
      </object_component>
      <object_component id="oc-236">
         <name>.debug_line</name>
         <load_address>0x24aa</load_address>
         <run_address>0x24aa</run_address>
         <size>0x2e</size>
         <input_file_ref idref="fl-ca"/>
      </object_component>
      <object_component id="oc-24a">
         <name>.debug_line</name>
         <load_address>0x24d8</load_address>
         <run_address>0x24d8</run_address>
         <size>0x9a</size>
         <input_file_ref idref="fl-ca"/>
      </object_component>
      <object_component id="oc-23b">
         <name>.debug_line</name>
         <load_address>0x2572</load_address>
         <run_address>0x2572</run_address>
         <size>0x97</size>
         <input_file_ref idref="fl-ca"/>
      </object_component>
      <object_component id="oc-240">
         <name>.debug_line</name>
         <load_address>0x2609</load_address>
         <run_address>0x2609</run_address>
         <size>0x93</size>
         <input_file_ref idref="fl-ca"/>
      </object_component>
      <object_component id="oc-126">
         <name>.debug_line</name>
         <load_address>0x269c</load_address>
         <run_address>0x269c</run_address>
         <size>0x40</size>
         <input_file_ref idref="fl-cb"/>
      </object_component>
      <object_component id="oc-19d">
         <name>.debug_line</name>
         <load_address>0x26dc</load_address>
         <run_address>0x26dc</run_address>
         <size>0x3c</size>
         <input_file_ref idref="fl-cd"/>
      </object_component>
      <object_component id="oc-32">
         <name>.debug_frame</name>
         <load_address>0x0</load_address>
         <run_address>0x0</run_address>
         <size>0x8c</size>
         <input_file_ref idref="fl-2"/>
      </object_component>
      <object_component id="oc-28">
         <name>.debug_frame</name>
         <load_address>0x8c</load_address>
         <run_address>0x8c</run_address>
         <size>0x90</size>
         <input_file_ref idref="fl-3"/>
      </object_component>
      <object_component id="oc-e5">
         <name>.debug_frame</name>
         <load_address>0x378</load_address>
         <run_address>0x378</run_address>
         <size>0x7f</size>
         <input_file_ref idref="fl-9"/>
      </object_component>
      <object_component id="oc-14e">
         <name>.debug_frame</name>
         <load_address>0x3f7</load_address>
         <run_address>0x3f7</run_address>
         <size>0x7f</size>
         <input_file_ref idref="fl-9"/>
      </object_component>
      <object_component id="oc-154">
         <name>.debug_frame</name>
         <load_address>0x476</load_address>
         <run_address>0x476</run_address>
         <size>0x8f</size>
         <input_file_ref idref="fl-9"/>
      </object_component>
      <object_component id="oc-91">
         <name>.debug_frame</name>
         <load_address>0x505</load_address>
         <run_address>0x505</run_address>
         <size>0x86</size>
         <input_file_ref idref="fl-9"/>
      </object_component>
      <object_component id="oc-c1">
         <name>.debug_frame</name>
         <load_address>0x58b</load_address>
         <run_address>0x58b</run_address>
         <size>0x8a</size>
         <input_file_ref idref="fl-9"/>
      </object_component>
      <object_component id="oc-8b">
         <name>.debug_frame</name>
         <load_address>0x615</load_address>
         <run_address>0x615</run_address>
         <size>0x86</size>
         <input_file_ref idref="fl-9"/>
      </object_component>
      <object_component id="oc-16c">
         <name>.debug_frame</name>
         <load_address>0x69b</load_address>
         <run_address>0x69b</run_address>
         <size>0x8e</size>
         <input_file_ref idref="fl-a"/>
      </object_component>
      <object_component id="oc-7b">
         <name>.debug_frame</name>
         <load_address>0x729</load_address>
         <run_address>0x729</run_address>
         <size>0x86</size>
         <input_file_ref idref="fl-a"/>
      </object_component>
      <object_component id="oc-b8">
         <name>.debug_frame</name>
         <load_address>0x7af</load_address>
         <run_address>0x7af</run_address>
         <size>0x7f</size>
         <input_file_ref idref="fl-a"/>
      </object_component>
      <object_component id="oc-81">
         <name>.debug_frame</name>
         <load_address>0x82e</load_address>
         <run_address>0x82e</run_address>
         <size>0x7f</size>
         <input_file_ref idref="fl-b"/>
      </object_component>
      <object_component id="oc-79">
         <name>.debug_frame</name>
         <load_address>0x8ad</load_address>
         <run_address>0x8ad</run_address>
         <size>0x93</size>
         <input_file_ref idref="fl-b"/>
      </object_component>
      <object_component id="oc-97">
         <name>.debug_frame</name>
         <load_address>0x940</load_address>
         <run_address>0x940</run_address>
         <size>0x8e</size>
         <input_file_ref idref="fl-b"/>
      </object_component>
      <object_component id="oc-cd">
         <name>.debug_frame</name>
         <load_address>0x9ce</load_address>
         <run_address>0x9ce</run_address>
         <size>0x7f</size>
         <input_file_ref idref="fl-c"/>
      </object_component>
      <object_component id="oc-cf">
         <name>.debug_frame</name>
         <load_address>0xa4d</load_address>
         <run_address>0xa4d</run_address>
         <size>0x7f</size>
         <input_file_ref idref="fl-c"/>
      </object_component>
      <object_component id="oc-db">
         <name>.debug_frame</name>
         <load_address>0xacc</load_address>
         <run_address>0xacc</run_address>
         <size>0x7f</size>
         <input_file_ref idref="fl-c"/>
      </object_component>
      <object_component id="oc-d5">
         <name>.debug_frame</name>
         <load_address>0xb4b</load_address>
         <run_address>0xb4b</run_address>
         <size>0x7f</size>
         <input_file_ref idref="fl-c"/>
      </object_component>
      <object_component id="oc-c3">
         <name>.debug_frame</name>
         <load_address>0xbca</load_address>
         <run_address>0xbca</run_address>
         <size>0x86</size>
         <input_file_ref idref="fl-c"/>
      </object_component>
      <object_component id="oc-165">
         <name>.debug_frame</name>
         <load_address>0xc50</load_address>
         <run_address>0xc50</run_address>
         <size>0x7f</size>
         <input_file_ref idref="fl-d"/>
      </object_component>
      <object_component id="oc-ab">
         <name>.debug_frame</name>
         <load_address>0xccf</load_address>
         <run_address>0xccf</run_address>
         <size>0x8a</size>
         <input_file_ref idref="fl-d"/>
      </object_component>
      <object_component id="oc-a5">
         <name>.debug_frame</name>
         <load_address>0xd59</load_address>
         <run_address>0xd59</run_address>
         <size>0x7f</size>
         <input_file_ref idref="fl-d"/>
      </object_component>
      <object_component id="oc-e7">
         <name>.debug_frame</name>
         <load_address>0xdd8</load_address>
         <run_address>0xdd8</run_address>
         <size>0x7f</size>
         <input_file_ref idref="fl-d"/>
      </object_component>
      <object_component id="oc-9f">
         <name>.debug_frame</name>
         <load_address>0xe57</load_address>
         <run_address>0xe57</run_address>
         <size>0x7f</size>
         <input_file_ref idref="fl-d"/>
      </object_component>
      <object_component id="oc-b1">
         <name>.debug_frame</name>
         <load_address>0xed6</load_address>
         <run_address>0xed6</run_address>
         <size>0x7f</size>
         <input_file_ref idref="fl-d"/>
      </object_component>
      <object_component id="oc-15b">
         <name>.debug_frame</name>
         <load_address>0xf55</load_address>
         <run_address>0xf55</run_address>
         <size>0x7f</size>
         <input_file_ref idref="fl-d"/>
      </object_component>
      <object_component id="oc-99">
         <name>.debug_frame</name>
         <load_address>0xfd4</load_address>
         <run_address>0xfd4</run_address>
         <size>0x8a</size>
         <input_file_ref idref="fl-d"/>
      </object_component>
      <object_component id="oc-ed">
         <name>.debug_frame</name>
         <load_address>0x105e</load_address>
         <run_address>0x105e</run_address>
         <size>0x7f</size>
         <input_file_ref idref="fl-d"/>
      </object_component>
      <object_component id="oc-13d">
         <name>.debug_frame</name>
         <load_address>0x10dd</load_address>
         <run_address>0x10dd</run_address>
         <size>0x7f</size>
         <input_file_ref idref="fl-e"/>
      </object_component>
      <object_component id="oc-50">
         <name>.debug_frame</name>
         <load_address>0x11c</load_address>
         <run_address>0x11c</run_address>
         <size>0x54</size>
         <input_file_ref idref="fl-c4"/>
      </object_component>
      <object_component id="oc-1d">
         <name>.debug_frame</name>
         <load_address>0x170</load_address>
         <run_address>0x170</run_address>
         <size>0x54</size>
         <input_file_ref idref="fl-c5"/>
      </object_component>
      <object_component id="oc-16">
         <name>.debug_frame</name>
         <load_address>0x1c4</load_address>
         <run_address>0x1c4</run_address>
         <size>0x60</size>
         <input_file_ref idref="fl-c6"/>
      </object_component>
      <object_component id="oc-61">
         <name>.debug_frame</name>
         <load_address>0x224</load_address>
         <run_address>0x224</run_address>
         <size>0x50</size>
         <input_file_ref idref="fl-c7"/>
      </object_component>
      <object_component id="oc-1aa">
         <name>.debug_frame</name>
         <load_address>0x274</load_address>
         <run_address>0x274</run_address>
         <size>0x5c</size>
         <input_file_ref idref="fl-ca"/>
      </object_component>
      <object_component id="oc-127">
         <name>.debug_frame</name>
         <load_address>0x2d0</load_address>
         <run_address>0x2d0</run_address>
         <size>0x54</size>
         <input_file_ref idref="fl-cb"/>
      </object_component>
      <object_component id="oc-19e">
         <name>.debug_frame</name>
         <load_address>0x324</load_address>
         <run_address>0x324</run_address>
         <size>0x54</size>
         <input_file_ref idref="fl-cd"/>
      </object_component>
      <object_component id="oc-1fb">
         <name>.debug_abbrev</name>
         <load_address>0x0</load_address>
         <run_address>0x0</run_address>
         <size>0xb5</size>
         <input_file_ref idref="fl-2"/>
      </object_component>
      <object_component id="oc-181">
         <name>.debug_abbrev</name>
         <load_address>0xb5</load_address>
         <run_address>0xb5</run_address>
         <size>0x29</size>
         <input_file_ref idref="fl-2"/>
      </object_component>
      <object_component id="oc-f5">
         <name>.debug_abbrev</name>
         <load_address>0xde</load_address>
         <run_address>0xde</run_address>
         <size>0x8d</size>
         <input_file_ref idref="fl-2"/>
      </object_component>
      <object_component id="oc-ff">
         <name>.debug_abbrev</name>
         <load_address>0x16b</load_address>
         <run_address>0x16b</run_address>
         <size>0x69</size>
         <input_file_ref idref="fl-2"/>
      </object_component>
      <object_component id="oc-f8">
         <name>.debug_abbrev</name>
         <load_address>0x1d4</load_address>
         <run_address>0x1d4</run_address>
         <size>0x1f</size>
         <input_file_ref idref="fl-2"/>
      </object_component>
      <object_component id="oc-185">
         <name>.debug_abbrev</name>
         <load_address>0x1f3</load_address>
         <run_address>0x1f3</run_address>
         <size>0x5c</size>
         <input_file_ref idref="fl-2"/>
      </object_component>
      <object_component id="oc-104">
         <name>.debug_abbrev</name>
         <load_address>0x24f</load_address>
         <run_address>0x24f</run_address>
         <size>0x24</size>
         <input_file_ref idref="fl-2"/>
      </object_component>
      <object_component id="oc-fb">
         <name>.debug_abbrev</name>
         <load_address>0x273</load_address>
         <run_address>0x273</run_address>
         <size>0x7c</size>
         <input_file_ref idref="fl-3"/>
      </object_component>
      <object_component id="oc-33">
         <name>.debug_abbrev</name>
         <load_address>0x2ef</load_address>
         <run_address>0x2ef</run_address>
         <size>0x29</size>
         <input_file_ref idref="fl-3"/>
      </object_component>
      <object_component id="oc-73">
         <name>.debug_abbrev</name>
         <load_address>0x318</load_address>
         <run_address>0x318</run_address>
         <size>0x79</size>
         <input_file_ref idref="fl-3"/>
      </object_component>
      <object_component id="oc-3e">
         <name>.debug_abbrev</name>
         <load_address>0x391</load_address>
         <run_address>0x391</run_address>
         <size>0x1f</size>
         <input_file_ref idref="fl-3"/>
      </object_component>
      <object_component id="oc-1e1">
         <name>.debug_abbrev</name>
         <load_address>0x3b0</load_address>
         <run_address>0x3b0</run_address>
         <size>0x72</size>
         <input_file_ref idref="fl-9"/>
      </object_component>
      <object_component id="oc-1df">
         <name>.debug_abbrev</name>
         <load_address>0x422</load_address>
         <run_address>0x422</run_address>
         <size>0x27</size>
         <input_file_ref idref="fl-9"/>
      </object_component>
      <object_component id="oc-17e">
         <name>.debug_abbrev</name>
         <load_address>0x449</load_address>
         <run_address>0x449</run_address>
         <size>0x6c</size>
         <input_file_ref idref="fl-9"/>
      </object_component>
      <object_component id="oc-1e3">
         <name>.debug_abbrev</name>
         <load_address>0x4b5</load_address>
         <run_address>0x4b5</run_address>
         <size>0x6c</size>
         <input_file_ref idref="fl-9"/>
      </object_component>
      <object_component id="oc-1e4">
         <name>.debug_abbrev</name>
         <load_address>0x521</load_address>
         <run_address>0x521</run_address>
         <size>0x6c</size>
         <input_file_ref idref="fl-9"/>
      </object_component>
      <object_component id="oc-155">
         <name>.debug_abbrev</name>
         <load_address>0x58d</load_address>
         <run_address>0x58d</run_address>
         <size>0x6c</size>
         <input_file_ref idref="fl-9"/>
      </object_component>
      <object_component id="oc-177">
         <name>.debug_abbrev</name>
         <load_address>0x5f9</load_address>
         <run_address>0x5f9</run_address>
         <size>0x7a</size>
         <input_file_ref idref="fl-9"/>
      </object_component>
      <object_component id="oc-147">
         <name>.debug_abbrev</name>
         <load_address>0x673</load_address>
         <run_address>0x673</run_address>
         <size>0x6c</size>
         <input_file_ref idref="fl-9"/>
      </object_component>
      <object_component id="oc-138">
         <name>.debug_abbrev</name>
         <load_address>0x6df</load_address>
         <run_address>0x6df</run_address>
         <size>0x35</size>
         <input_file_ref idref="fl-9"/>
      </object_component>
      <object_component id="oc-1f7">
         <name>.debug_abbrev</name>
         <load_address>0x714</load_address>
         <run_address>0x714</run_address>
         <size>0x8e</size>
         <input_file_ref idref="fl-a"/>
      </object_component>
      <object_component id="oc-1f5">
         <name>.debug_abbrev</name>
         <load_address>0x7a2</load_address>
         <run_address>0x7a2</run_address>
         <size>0x27</size>
         <input_file_ref idref="fl-a"/>
      </object_component>
      <object_component id="oc-221">
         <name>.debug_abbrev</name>
         <load_address>0x7c9</load_address>
         <run_address>0x7c9</run_address>
         <size>0x29</size>
         <input_file_ref idref="fl-a"/>
      </object_component>
      <object_component id="oc-1f4">
         <name>.debug_abbrev</name>
         <load_address>0x7f2</load_address>
         <run_address>0x7f2</run_address>
         <size>0x6c</size>
         <input_file_ref idref="fl-a"/>
      </object_component>
      <object_component id="oc-142">
         <name>.debug_abbrev</name>
         <load_address>0x85e</load_address>
         <run_address>0x85e</run_address>
         <size>0x60</size>
         <input_file_ref idref="fl-a"/>
      </object_component>
      <object_component id="oc-175">
         <name>.debug_abbrev</name>
         <load_address>0x8be</load_address>
         <run_address>0x8be</run_address>
         <size>0x6c</size>
         <input_file_ref idref="fl-a"/>
      </object_component>
      <object_component id="oc-1d7">
         <name>.debug_abbrev</name>
         <load_address>0x92a</load_address>
         <run_address>0x92a</run_address>
         <size>0xb0</size>
         <input_file_ref idref="fl-b"/>
      </object_component>
      <object_component id="oc-1e5">
         <name>.debug_abbrev</name>
         <load_address>0x9da</load_address>
         <run_address>0x9da</run_address>
         <size>0x27</size>
         <input_file_ref idref="fl-b"/>
      </object_component>
      <object_component id="oc-143">
         <name>.debug_abbrev</name>
         <load_address>0xa01</load_address>
         <run_address>0xa01</run_address>
         <size>0x6c</size>
         <input_file_ref idref="fl-b"/>
      </object_component>
      <object_component id="oc-135">
         <name>.debug_abbrev</name>
         <load_address>0xa6d</load_address>
         <run_address>0xa6d</run_address>
         <size>0x7a</size>
         <input_file_ref idref="fl-b"/>
      </object_component>
      <object_component id="oc-159">
         <name>.debug_abbrev</name>
         <load_address>0xae7</load_address>
         <run_address>0xae7</run_address>
         <size>0x60</size>
         <input_file_ref idref="fl-b"/>
      </object_component>
      <object_component id="oc-1db">
         <name>.debug_abbrev</name>
         <load_address>0xb47</load_address>
         <run_address>0xb47</run_address>
         <size>0x49</size>
         <input_file_ref idref="fl-b"/>
      </object_component>
      <object_component id="oc-1f9">
         <name>.debug_abbrev</name>
         <load_address>0xb90</load_address>
         <run_address>0xb90</run_address>
         <size>0x72</size>
         <input_file_ref idref="fl-c"/>
      </object_component>
      <object_component id="oc-17a">
         <name>.debug_abbrev</name>
         <load_address>0xc02</load_address>
         <run_address>0xc02</run_address>
         <size>0x6c</size>
         <input_file_ref idref="fl-c"/>
      </object_component>
      <object_component id="oc-17b">
         <name>.debug_abbrev</name>
         <load_address>0xc6e</load_address>
         <run_address>0xc6e</run_address>
         <size>0x6c</size>
         <input_file_ref idref="fl-c"/>
      </object_component>
      <object_component id="oc-17d">
         <name>.debug_abbrev</name>
         <load_address>0xcda</load_address>
         <run_address>0xcda</run_address>
         <size>0x6c</size>
         <input_file_ref idref="fl-c"/>
      </object_component>
      <object_component id="oc-17c">
         <name>.debug_abbrev</name>
         <load_address>0xd46</load_address>
         <run_address>0xd46</run_address>
         <size>0x6c</size>
         <input_file_ref idref="fl-c"/>
      </object_component>
      <object_component id="oc-178">
         <name>.debug_abbrev</name>
         <load_address>0xdb2</load_address>
         <run_address>0xdb2</run_address>
         <size>0x6c</size>
         <input_file_ref idref="fl-c"/>
      </object_component>
      <object_component id="oc-1e8">
         <name>.debug_abbrev</name>
         <load_address>0xe1e</load_address>
         <run_address>0xe1e</run_address>
         <size>0x72</size>
         <input_file_ref idref="fl-d"/>
      </object_component>
      <object_component id="oc-21d">
         <name>.debug_abbrev</name>
         <load_address>0xe90</load_address>
         <run_address>0xe90</run_address>
         <size>0x27</size>
         <input_file_ref idref="fl-d"/>
      </object_component>
      <object_component id="oc-21f">
         <name>.debug_abbrev</name>
         <load_address>0xeb7</load_address>
         <run_address>0xeb7</run_address>
         <size>0x27</size>
         <input_file_ref idref="fl-d"/>
      </object_component>
      <object_component id="oc-1f0">
         <name>.debug_abbrev</name>
         <load_address>0xede</load_address>
         <run_address>0xede</run_address>
         <size>0x6c</size>
         <input_file_ref idref="fl-d"/>
      </object_component>
      <object_component id="oc-170">
         <name>.debug_abbrev</name>
         <load_address>0xf4a</load_address>
         <run_address>0xf4a</run_address>
         <size>0x7a</size>
         <input_file_ref idref="fl-d"/>
      </object_component>
      <object_component id="oc-163">
         <name>.debug_abbrev</name>
         <load_address>0xfc4</load_address>
         <run_address>0xfc4</run_address>
         <size>0x6c</size>
         <input_file_ref idref="fl-d"/>
      </object_component>
      <object_component id="oc-17f">
         <name>.debug_abbrev</name>
         <load_address>0x1030</load_address>
         <run_address>0x1030</run_address>
         <size>0x6c</size>
         <input_file_ref idref="fl-d"/>
      </object_component>
      <object_component id="oc-162">
         <name>.debug_abbrev</name>
         <load_address>0x109c</load_address>
         <run_address>0x109c</run_address>
         <size>0x6c</size>
         <input_file_ref idref="fl-d"/>
      </object_component>
      <object_component id="oc-171">
         <name>.debug_abbrev</name>
         <load_address>0x1108</load_address>
         <run_address>0x1108</run_address>
         <size>0x6c</size>
         <input_file_ref idref="fl-d"/>
      </object_component>
      <object_component id="oc-1e7">
         <name>.debug_abbrev</name>
         <load_address>0x1174</load_address>
         <run_address>0x1174</run_address>
         <size>0x6c</size>
         <input_file_ref idref="fl-d"/>
      </object_component>
      <object_component id="oc-160">
         <name>.debug_abbrev</name>
         <load_address>0x11e0</load_address>
         <run_address>0x11e0</run_address>
         <size>0x7a</size>
         <input_file_ref idref="fl-d"/>
      </object_component>
      <object_component id="oc-180">
         <name>.debug_abbrev</name>
         <load_address>0x125a</load_address>
         <run_address>0x125a</run_address>
         <size>0x6e</size>
         <input_file_ref idref="fl-d"/>
      </object_component>
      <object_component id="oc-1de">
         <name>.debug_abbrev</name>
         <load_address>0x12c8</load_address>
         <run_address>0x12c8</run_address>
         <size>0x52</size>
         <input_file_ref idref="fl-e"/>
      </object_component>
      <object_component id="oc-195">
         <name>.debug_abbrev</name>
         <load_address>0x131a</load_address>
         <run_address>0x131a</run_address>
         <size>0x5d</size>
         <input_file_ref idref="fl-c4"/>
      </object_component>
      <object_component id="oc-115">
         <name>.debug_abbrev</name>
         <load_address>0x1377</load_address>
         <run_address>0x1377</run_address>
         <size>0x6f</size>
         <input_file_ref idref="fl-c4"/>
      </object_component>
      <object_component id="oc-118">
         <name>.debug_abbrev</name>
         <load_address>0x13e6</load_address>
         <run_address>0x13e6</run_address>
         <size>0x24</size>
         <input_file_ref idref="fl-c4"/>
      </object_component>
      <object_component id="oc-192">
         <name>.debug_abbrev</name>
         <load_address>0x140a</load_address>
         <run_address>0x140a</run_address>
         <size>0x24</size>
         <input_file_ref idref="fl-c4"/>
      </object_component>
      <object_component id="oc-113">
         <name>.debug_abbrev</name>
         <load_address>0x142e</load_address>
         <run_address>0x142e</run_address>
         <size>0x37</size>
         <input_file_ref idref="fl-c5"/>
      </object_component>
      <object_component id="oc-46">
         <name>.debug_abbrev</name>
         <load_address>0x1465</load_address>
         <run_address>0x1465</run_address>
         <size>0x74</size>
[...]
            <object_component_ref idref="oc-95"/>
            <object_component_ref idref="oc-c9"/>
            <object_component_ref idref="oc-d2"/>
            <object_component_ref idref="oc-dd"/>
            <object_component_ref idref="oc-d7"/>
            <object_component_ref idref="oc-c5"/>
            <object_component_ref idref="oc-167"/>
            <object_component_ref idref="oc-ad"/>
            <object_component_ref idref="oc-a7"/>
            <object_component_ref idref="oc-e9"/>
            <object_component_ref idref="oc-a1"/>
            <object_component_ref idref="oc-b3"/>
            <object_component_ref idref="oc-15d"/>
            <object_component_ref idref="oc-9b"/>
            <object_component_ref idref="oc-ef"/>
            <object_component_ref idref="oc-13e"/>
            <object_component_ref idref="oc-4e"/>
            <object_component_ref idref="oc-1c"/>
            <object_component_ref idref="oc-18"/>
            <object_component_ref idref="oc-63"/>
            <object_component_ref idref="oc-42"/>
            <object_component_ref idref="oc-1a9"/>
            <object_component_ref idref="oc-125"/>
            <object_component_ref idref="oc-19b"/>
         </contents>
      </logical_group>
      <logical_group id="lg-270" display="never" color="cyan">
         <name>.debug_pubnames</name>
         <load_address>0x0</load_address>
         <run_address>0x0</run_address>
         <size>0x75b</size>
         <contents>
            <object_component_ref idref="oc-f4"/>
            <object_component_ref idref="oc-2f"/>
            <object_component_ref idref="oc-14"/>
            <object_component_ref idref="oc-2c"/>
            <object_component_ref idref="oc-146"/>
            <object_component_ref idref="oc-e3"/>
            <object_component_ref idref="oc-14c"/>
            <object_component_ref idref="oc-152"/>
            <object_component_ref idref="oc-8f"/>
            <object_component_ref idref="oc-be"/>
            <object_component_ref idref="oc-89"/>
            <object_component_ref idref="oc-174"/>
            <object_component_ref idref="oc-1f3"/>
            <object_component_ref idref="oc-16e"/>
            <object_component_ref idref="oc-7e"/>
            <object_component_ref idref="oc-bb"/>
            <object_component_ref idref="oc-158"/>
            <object_component_ref idref="oc-85"/>
            <object_component_ref idref="oc-78"/>
            <object_component_ref idref="oc-96"/>
            <object_component_ref idref="oc-cb"/>
            <object_component_ref idref="oc-d1"/>
            <object_component_ref idref="oc-de"/>
            <object_component_ref idref="oc-d8"/>
            <object_component_ref idref="oc-c6"/>
            <object_component_ref idref="oc-1ec"/>
            <object_component_ref idref="oc-1ef"/>
            <object_component_ref idref="oc-168"/>
            <object_component_ref idref="oc-ae"/>
            <object_component_ref idref="oc-a8"/>
            <object_component_ref idref="oc-ea"/>
            <object_component_ref idref="oc-a2"/>
            <object_component_ref idref="oc-b4"/>
            <object_component_ref idref="oc-15e"/>
            <object_component_ref idref="oc-9c"/>
            <object_component_ref idref="oc-f0"/>
            <object_component_ref idref="oc-141"/>
            <object_component_ref idref="oc-52"/>
            <object_component_ref idref="oc-1f"/>
            <object_component_ref idref="oc-19"/>
            <object_component_ref idref="oc-26"/>
            <object_component_ref idref="oc-64"/>
            <object_component_ref idref="oc-44"/>
            <object_component_ref idref="oc-1a8"/>
            <object_component_ref idref="oc-124"/>
            <object_component_ref idref="oc-19c"/>
         </contents>
      </logical_group>
      <logical_group id="lg-272" display="never" color="cyan">
         <name>.debug_pubtypes</name>
         <load_address>0x0</load_address>
         <run_address>0x0</run_address>
         <size>0xc92</size>
         <contents>
            <object_component_ref idref="oc-fe"/>
            <object_component_ref idref="oc-f7"/>
            <object_component_ref idref="oc-184"/>
            <object_component_ref idref="oc-103"/>
            <object_component_ref idref="oc-3d"/>
            <object_component_ref idref="oc-137"/>
            <object_component_ref idref="oc-1da"/>
            <object_component_ref idref="oc-117"/>
            <object_component_ref idref="oc-191"/>
            <object_component_ref idref="oc-48"/>
            <object_component_ref idref="oc-10f"/>
            <object_component_ref idref="oc-38"/>
            <object_component_ref idref="oc-18a"/>
            <object_component_ref idref="oc-108"/>
            <object_component_ref idref="oc-234"/>
            <object_component_ref idref="oc-248"/>
            <object_component_ref idref="oc-239"/>
            <object_component_ref idref="oc-23e"/>
         </contents>
      </logical_group>
      <logical_group id="lg-280" display="no" color="cyan">
         <name>Veneer$$CMSE</name>
         <run_address>0x0</run_address>
         <size>0x0</size>
         <contents>
         </contents>
      </logical_group>
      <load_segment id="lg-288" display="no" color="cyan">
         <name>SEGMENT_0</name>
         <load_address>0x0</load_address>
         <run_address>0x0</run_address>
         <size>0xe10</size>
         <flags>0x5</flags>
         <contents>
            <logical_group_ref idref="lg-3"/>
            <logical_group_ref idref="lg-4"/>
            <logical_group_ref idref="lg-5"/>
            <logical_group_ref idref="lg-6"/>
         </contents>
      </load_segment>
      <load_segment id="lg-289" display="no" color="cyan">
         <name>SEGMENT_1</name>
         <run_address>0x20000000</run_address>
         <size>0x470</size>
         <flags>0x6</flags>
         <contents>
            <logical_group_ref idref="lg-9"/>
            <logical_group_ref idref="lg-a"/>
            <logical_group_ref idref="lg-d"/>
         </contents>
      </load_segment>
   </logical_group_list>
   <placement_map>
      <memory_area display="yes" color="green">
         <name>FLASH</name>
         <page_id>0x0</page_id>
         <origin>0x0</origin>
         <length>0x40000</length>
         <used_space>0xe0c</used_space>
         <unused_space>0x3f1f4</unused_space>
         <attributes>RX</attributes>
         <usage_details>
            <allocated_space>
               <start_address>0x0</start_address>
               <size>0x26c</size>
               <logical_group_ref idref="lg-3"/>
            </allocated_space>
            <allocated_space>
               <start_address>0x26c</start_address>
               <size>0x984</size>
               <logical_group_ref idref="lg-4"/>
            </allocated_space>
            <allocated_space>
               <start_address>0xbf0</start_address>
               <size>0x1ec</size>
               <logical_group_ref idref="lg-5"/>
            </allocated_space>
            <available_space>
               <start_address>0xddc</start_address>
               <size>0x4</size>
            </available_space>
            <allocated_space>
               <start_address>0xde0</start_address>
               <size>0x30</size>
               <logical_group_ref idref="lg-6"/>
            </allocated_space>
            <available_space>
               <start_address>0xe10</start_address>
               <size>0x3f1f0</size>
            </available_space>
         </usage_details>
      </memory_area>
      <memory_area display="yes" color="green">
         <name>SRAM</name>
         <page_id>0x0</page_id>
         <origin>0x20000000</origin>
         <length>0x8000</length>
         <used_space>0x470</used_space>
         <unused_space>0x7b90</unused_space>
         <attributes>RWX</attributes>
         <usage_details>
            <allocated_space>
               <start_address>0x20000000</start_address>
               <size>0x0</size>
               <logical_group_ref idref="lg-255"/>
            </allocated_space>
            <allocated_space>
               <start_address>0x20000000</start_address>
               <size>0x26c</size>
               <logical_group_ref idref="lg-9"/>
            </allocated_space>
            <allocated_space>
               <start_address>0x2000026c</start_address>
               <size>0x4</size>
               <logical_group_ref idref="lg-a"/>
            </allocated_space>
            <allocated_space>
               <start_address>0x20000270</start_address>
               <size>0x200</size>
               <logical_group_ref idref="lg-d"/>
            </allocated_space>
            <available_space>
               <start_address>0x20000470</start_address>
               <size>0x7b90</size>
            </available_space>
         </usage_details>
      </memory_area>
   </placement_map>
   <cptbl_list>
      <cptbl>
         <name>__TI_cinit_table</name>
         <cprec>
            <name>.data</name>
            <load_address>0xdec</load_address>
            <load_size>0x8</load_size>
            <run_address>0x2000026c</run_address>
            <run_size>0x4</run_size>
            <compression>lzss</compression>
         </cprec>
         <cprec>
            <name>.vtable</name>
            <load_address>0xdf8</load_address>
            <load_size>0x8</load_size>
            <run_address>0x20000000</run_address>
            <run_size>0x26c</run_size>
            <compression>zero_init</compression>
         </cprec>
      </cptbl>
   </cptbl_list>
   <handler_table>
      <handler_table_name>__TI_handler_table</handler_table_name>
      <handler>
         <index>0x0</index>
         <name>__TI_zero_init</name>
      </handler>
      <handler>
         <index>0x1</index>
         <name>__TI_decompress_lzss</name>
      </handler>
      <handler>
         <index>0x2</index>
         <name>__TI_decompress_none</name>
      </handler>
   </handler_table>
   <symbol_table>
      <symbol id="sm-1">
         <name>__STACK_TOP</name>
         <value>0x20000470</value>
      </symbol>
      <symbol id="sm-2">
         <name>__start___llvm_prf_cnts</name>
         <value>0x20000000</value>
      </symbol>
      <symbol id="sm-3">
         <name>__stop___llvm_prf_cnts</name>
         <value>0x20000000</value>
      </symbol>
      <symbol id="sm-4">
         <name>__TI_CINIT_Base</name>
         <value>0xe00</value>
      </symbol>
      <symbol id="sm-5">
         <name>__TI_CINIT_Limit</name>
         <value>0xe10</value>
      </symbol>
      <symbol id="sm-6">
         <name>__TI_Handler_Table_Base</name>
         <value>0xde0</value>
      </symbol>
      <symbol id="sm-7">
         <name>__TI_Handler_Table_Limit</name>
         <value>0xdec</value>
      </symbol>
      <symbol id="sm-8">
         <name>binit</name>
         <value>0xffffffff</value>
      </symbol>
      <symbol id="sm-9">
         <name>__binit__</name>
         <value>0xffffffff</value>
      </symbol>
      <symbol id="sm-a">
         <name>__STACK_SIZE</name>
         <value>0x200</value>
      </symbol>
      <symbol id="sm-b">
         <name>__STACK_END</name>
         <value>0x20000470</value>
      </symbol>
      <symbol id="sm-c">
         <name>__c_args__</name>
         <value>0xffffffff</value>
      </symbol>
      <symbol id="sm-d">
         <name>__TI_pprof_out_hndl</name>
         <value>0xffffffff</value>
      </symbol>
      <symbol id="sm-e">
         <name>__TI_prof_data_start</name>
         <value>0xffffffff</value>
      </symbol>
      <symbol id="sm-f">
         <name>__TI_prof_data_size</name>
         <value>0xffffffff</value>
      </symbol>
      <symbol id="sm-68">
         <name>timerf</name>
         <value>0x30d</value>
         <object_component_ref idref="oc-2d"/>
      </symbol>
      <symbol id="sm-69">
         <name>funUART</name>
         <value>0x34f</value>
         <object_component_ref idref="oc-2d"/>
      </symbol>
      <symbol id="sm-6a">
         <name>main</name>
         <value>0x26d</value>
         <object_component_ref idref="oc-2d"/>
      </symbol>
      <symbol id="sm-6b">
         <name>var2</name>
         <value>0x2000026d</value>
         <object_component_ref idref="oc-f2"/>
      </symbol>
      <symbol id="sm-6c">
         <name>var1</name>
         <value>0x2000026c</value>
         <object_component_ref idref="oc-f2"/>
      </symbol>
      <symbol id="sm-6d">
         <name>LED</name>
         <value>0x2000026e</value>
         <object_component_ref idref="oc-f2"/>
      </symbol>
      <symbol id="sm-6e">
         <name>dato</name>
         <value>0x2000026f</value>
         <object_component_ref idref="oc-f2"/>
      </symbol>
      <symbol id="sm-8f">
         <name>ResetISR</name>
         <value>0xba5</value>
         <object_component_ref idref="oc-27"/>
      </symbol>
      <symbol id="sm-90">
         <name>g_pfnVectors</name>
         <value>0x0</value>
         <object_component_ref idref="oc-12"/>
      </symbol>
      <symbol id="sm-d7">
         <name>GPIOPinConfigure</name>
         <value>0x8ed</value>
         <object_component_ref idref="oc-86"/>
      </symbol>
      <symbol id="sm-d8">
         <name>GPIOPinTypeUART</name>
         <value>0xb49</value>
         <object_component_ref idref="oc-8c"/>
      </symbol>
      <symbol id="sm-d9">
         <name>GPIOPinTypeGPIOOutput</name>
         <value>0xb05</value>
         <object_component_ref idref="oc-bc"/>
      </symbol>
      <symbol id="sm-da">
         <name>GPIODirModeSet</name>
         <value>0xa9d</value>
         <object_component_ref idref="oc-149"/>
      </symbol>
      <symbol id="sm-db">
         <name>GPIOPinWrite</name>
         <value>0xbd5</value>
         <object_component_ref idref="oc-e0"/>
      </symbol>
      <symbol id="sm-dc">
         <name>GPIOPadConfigSet</name>
         <value>0x3e9</value>
         <object_component_ref idref="oc-14f"/>
      </symbol>
      <symbol id="sm-11e">
         <name>IntEnable</name>
         <value>0x7bd</value>
         <object_component_ref idref="oc-b6"/>
      </symbol>
      <symbol id="sm-11f">
         <name>IntRegister</name>
         <value>0xa01</value>
         <object_component_ref idref="oc-16a"/>
      </symbol>
      <symbol id="sm-120">
         <name>g_pfnRAMVectors</name>
         <value>0x20000000</value>
         <object_component_ref idref="oc-1f1"/>
      </symbol>
      <symbol id="sm-121">
         <name>IntMasterEnable</name>
         <value>0xb6d</value>
         <object_component_ref idref="oc-7a"/>
      </symbol>
      <symbol id="sm-173">
         <name>SysCtlClockSet</name>
         <value>0x62d</value>
         <object_component_ref idref="oc-74"/>
      </symbol>
      <symbol id="sm-174">
         <name>SysCtlDelay</name>
         <value>0xbdb</value>
         <object_component_ref idref="oc-134"/>
      </symbol>
      <symbol id="sm-175">
         <name>SysCtlPeripheralEnable</name>
         <value>0xa35</value>
         <object_component_ref idref="oc-80"/>
      </symbol>
      <symbol id="sm-176">
         <name>SysCtlClockGet</name>
         <value>0x51d</value>
         <object_component_ref idref="oc-92"/>
      </symbol>
      <symbol id="sm-1aa">
         <name>TimerLoadSet</name>
         <value>0xb5b</value>
         <object_component_ref idref="oc-c8"/>
      </symbol>
      <symbol id="sm-1ab">
         <name>TimerEnable</name>
         <value>0xb7d</value>
         <object_component_ref idref="oc-d4"/>
      </symbol>
      <symbol id="sm-1ac">
         <name>TimerIntEnable</name>
         <value>0xbc5</value>
         <object_component_ref idref="oc-ce"/>
      </symbol>
      <symbol id="sm-1ad">
         <name>TimerConfigure</name>
         <value>0x88d</value>
         <object_component_ref idref="oc-c2"/>
      </symbol>
      <symbol id="sm-1ae">
         <name>TimerIntClear</name>
         <value>0xbe1</value>
         <object_component_ref idref="oc-da"/>
      </symbol>
      <symbol id="sm-217">
         <name>UARTConfigSetExpClk</name>
         <value>0x935</value>
         <object_component_ref idref="oc-98"/>
      </symbol>
      <symbol id="sm-218">
         <name>UARTDisable</name>
         <value>0xac9</value>
         <object_component_ref idref="oc-15a"/>
      </symbol>
      <symbol id="sm-219">
         <name>UARTIntEnable</name>
         <value>0xbcd</value>
         <object_component_ref idref="oc-a4"/>
      </symbol>
      <symbol id="sm-21a">
         <name>UARTEnable</name>
         <value>0xb35</value>
         <object_component_ref idref="oc-b0"/>
      </symbol>
      <symbol id="sm-21b">
         <name>UARTFIFOEnable</name>
         <value>0xbbb</value>
         <object_component_ref idref="oc-9e"/>
      </symbol>
      <symbol id="sm-21c">
         <name>UARTIntClear</name>
         <value>0xbe5</value>
         <object_component_ref idref="oc-e6"/>
      </symbol>
      <symbol id="sm-21d">
         <name>UARTCharGet</name>
         <value>0xbb1</value>
         <object_component_ref idref="oc-ec"/>
      </symbol>
      <symbol id="sm-21e">
         <name>UARTIntRegister</name>
         <value>0xb1d</value>
         <object_component_ref idref="oc-aa"/>
      </symbol>
      <symbol id="sm-228">
         <name>CPUcpsie</name>
         <value>0xb99</value>
         <object_component_ref idref="oc-13c"/>
      </symbol>
      <symbol id="sm-241">
         <name>__TI_zero_init_nomemset</name>
         <value>0xae9</value>
         <object_component_ref idref="oc-4d"/>
      </symbol>
      <symbol id="sm-258">
         <name>__TI_decompress_none</name>
         <value>0xb8b</value>
         <object_component_ref idref="oc-1b"/>
      </symbol>
      <symbol id="sm-27b">
         <name>__TI_decompress_lzss</name>
         <value>0x825</value>
         <object_component_ref idref="oc-15"/>
      </symbol>
      <symbol id="sm-28e">
         <name>__stack</name>
         <value>0x20000270</value>
         <object_component_ref idref="oc-24"/>
      </symbol>
      <symbol id="sm-28f">
         <name>_c_int00_noargs</name>
         <value>0xa69</value>
         <object_component_ref idref="oc-5f"/>
      </symbol>
      <symbol id="sm-2aa">
         <name>memcpy</name>
         <value>0x721</value>
         <object_component_ref idref="oc-41"/>
      </symbol>
      <symbol id="sm-2ab">
         <name>__aeabi_memcpy</name>
         <value>0x721</value>
         <object_component_ref idref="oc-41"/>
      </symbol>
      <symbol id="sm-2ac">
         <name>__aeabi_memcpy8</name>
         <value>0x721</value>
         <object_component_ref idref="oc-41"/>
      </symbol>
      <symbol id="sm-2ad">
         <name>__aeabi_memcpy4</name>
         <value>0x721</value>
         <object_component_ref idref="oc-41"/>
      </symbol>
      <symbol id="sm-2d6">
         <name>__TI_auto_init_nobinit_nopinit</name>
         <value>0x97d</value>
         <object_component_ref idref="oc-1a5"/>
      </symbol>
      <symbol id="sm-2e0">
         <name>_system_pre_init</name>
         <value>0xbe9</value>
         <object_component_ref idref="oc-122"/>
      </symbol>
      <symbol id="sm-2ec">
         <name>C$$EXIT</name>
         <value>0xbed</value>
         <object_component_ref idref="oc-199"/>
      </symbol>
      <symbol id="sm-2ed">
         <name>abort</name>
         <value>0xbed</value>
         <object_component_ref idref="oc-199"/>
      </symbol>
      <symbol id="sm-2f0">
         <name>__TI_static_base__</name>
         <value>0x0</value>
      </symbol>
      <symbol id="sm-2f3">
         <name>__mpu_init</name>
         <value>0x0</value>
      </symbol>
      <symbol id="sm-2f4">
         <name>_system_post_cinit</name>
         <value>0x0</value>
      </symbol>
   </symbol_table>
   <title>Link successful</title>
</link_info>
