******************************************************************************
                  TI ARM Linker PC v20.2.5                     
******************************************************************************
>> Linked Tue May 18 21:20:39 2021

OUTPUT FILE NAME:   <Laboratorio 7.out>
ENTRY POINT SYMBOL: "_c_int00_noargs"  address: 00000a69


MEMORY CONFIGURATION

         name            origin    length      used     unused   attr    fill
----------------------  --------  ---------  --------  --------  ----  --------
  FLASH                 00000000   00040000  00000e0c  0003f1f4  R  X
  SRAM                  20000000   00008000  00000470  00007b90  RW X


SEGMENT ALLOCATION MAP

run origin  load origin   length   init length attrs members
----------  ----------- ---------- ----------- ----- -------
00000000    00000000    00000e10   00000e10    r-x
  00000000    00000000    0000026c   0000026c    r-- .intvecs
  0000026c    0000026c    00000984   00000984    r-x .text
  00000bf0    00000bf0    000001ec   000001ec    r-- .const
  00000de0    00000de0    00000030   00000030    r-- .cinit
20000000    20000000    00000470   00000000    rw-
  20000000    20000000    0000026c   00000000    rw- .vtable
  2000026c    2000026c    00000004   00000000    rw- .data
  20000270    20000270    00000200   00000000    rw- .stack


SECTION ALLOCATION MAP

 output                                  attributes/
section   page    origin      length       input sections
--------  ----  ----------  ----------   ----------------
.intvecs   0    00000000    0000026c     
                  00000000    0000026c     tm4c123gh6pm_startup_ccs.obj (.intvecs)

.text      0    0000026c    00000984     
                  0000026c    0000017c     main.obj (.text)
                  000003e8    00000132     driverlib.lib : gpio.obj (.text:GPIOPadConfigSet)
                  0000051a    00000002     --HOLE-- [fill = 0]
                  0000051c    00000110                   : sysctl.obj (.text:SysCtlClockGet)
                  0000062c    000000f4                   : sysctl.obj (.text:SysCtlClockSet)
                  00000720    0000009c     rtsv7M4_T_le_v4SPD16_eabi.lib : memcpy_t2.asm.obj (.text)
                  000007bc    00000068     driverlib.lib : interrupt.obj (.text:IntEnable)
                  00000824    00000068     rtsv7M4_T_le_v4SPD16_eabi.lib : copy_decompress_lzss.c.obj (.text:decompress:lzss:__TI_decompress_lzss)
                  0000088c    00000060     driverlib.lib : timer.obj (.text:TimerConfigure)
                  000008ec    00000048                   : gpio.obj (.text:GPIOPinConfigure)
                  00000934    00000046                   : uart.obj (.text:UARTConfigSetExpClk)
                  0000097a    00000002     --HOLE-- [fill = 0]
                  0000097c    00000044     rtsv7M4_T_le_v4SPD16_eabi.lib : autoinit.c.obj (.text:__TI_auto_init_nobinit_nopinit:__TI_auto_init_nobinit_nopinit)
                  000009c0    00000040     driverlib.lib : uart.obj (.text:_UARTIntNumberGet)
                  00000a00    00000034                   : interrupt.obj (.text:IntRegister)
                  00000a34    00000034                   : sysctl.obj (.text:SysCtlPeripheralEnable)
                  00000a68    00000034     rtsv7M4_T_le_v4SPD16_eabi.lib : boot_cortex_m.c.obj (.text:_c_int00_noargs:_c_int00_noargs)
                  00000a9c    0000002a     driverlib.lib : gpio.obj (.text:GPIODirModeSet)
                  00000ac6    00000002     --HOLE-- [fill = 0]
                  00000ac8    00000020                   : uart.obj (.text:UARTDisable)
                  00000ae8    0000001c     rtsv7M4_T_le_v4SPD16_eabi.lib : copy_zero_init.c.obj (.text:decompress:ZI:__TI_zero_init_nomemset:__TI_zero_init_nomemset)
                  00000b04    00000018     driverlib.lib : gpio.obj (.text:GPIOPinTypeGPIOOutput)
                  00000b1c    00000018                   : uart.obj (.text:UARTIntRegister)
                  00000b34    00000014                   : uart.obj (.text:UARTEnable)
                  00000b48    00000012                   : gpio.obj (.text:GPIOPinTypeUART)
                  00000b5a    00000012                   : timer.obj (.text:TimerLoadSet)
                  00000b6c    00000010                   : interrupt.obj (.text:IntMasterEnable)
                  00000b7c    0000000e                   : timer.obj (.text:TimerEnable)
                  00000b8a    0000000e     rtsv7M4_T_le_v4SPD16_eabi.lib : copy_decompress_none.c.obj (.text:decompress:none:__TI_decompress_none)
                  00000b98    0000000c     driverlib.lib : cpu.obj (.text:CPUcpsie)
                  00000ba4    0000000c     tm4c123gh6pm_startup_ccs.obj (.text)
                  00000bb0    0000000a     driverlib.lib : uart.obj (.text:UARTCharGet)
                  00000bba    0000000a                   : uart.obj (.text:UARTFIFOEnable)
                  00000bc4    00000008                   : timer.obj (.text:TimerIntEnable)
                  00000bcc    00000008                   : uart.obj (.text:UARTIntEnable)
                  00000bd4    00000006                   : gpio.obj (.text:GPIOPinWrite)
                  00000bda    00000006                   : sysctl.obj (.text:SysCtlDelay)
                  00000be0    00000004                   : timer.obj (.text:TimerIntClear)
                  00000be4    00000004                   : uart.obj (.text:UARTIntClear)
                  00000be8    00000004     rtsv7M4_T_le_v4SPD16_eabi.lib : pre_init.c.obj (.text:_system_pre_init)
                  00000bec    00000004                                   : exit.c.obj (.text:abort:abort)

.const     0    00000bf0    000001ec     
                  00000bf0    00000090     driverlib.lib : gpio.obj (.const:g_pui32GPIOBaseAddrs)
                  00000c80    00000070                   : interrupt.obj (.const)
                  00000cf0    0000006c                   : sysctl.obj (.const:g_pui32Xtals)
                  00000d5c    00000040                   : uart.obj (.const:g_ppui32UARTIntMap)
                  00000d9c    00000040                   : uart.obj (.const:g_ppui32UARTIntMapSnowflake)

.cinit     0    00000de0    00000030     
                  00000de0    0000000c     (__TI_handler_table)
                  00000dec    00000008     (.cinit..data.load) [load image, compression = lzss]
                  00000df4    00000004     --HOLE-- [fill = 0]
                  00000df8    00000008     (.cinit..vtable.load) [load image, compression = zero_init]
                  00000e00    00000010     (__TI_cinit_table)

.init_array 
*          0    00000000    00000000     UNINITIALIZED

.vtable    0    20000000    0000026c     UNINITIALIZED
                  20000000    0000026c     driverlib.lib : interrupt.obj (.vtable)

.data      0    2000026c    00000004     UNINITIALIZED
                  2000026c    00000004     main.obj (.data)

.stack     0    20000270    00000200     UNINITIALIZED
                  20000270    00000004     rtsv7M4_T_le_v4SPD16_eabi.lib : boot_cortex_m.c.obj (.stack)
                  20000274    000001fc     --HOLE--

__llvm_prf_cnts 
*          0    20000000    00000000     UNINITIALIZED

MODULE SUMMARY

       Module                         code   ro data   rw data
       ------                         ----   -------   -------
    .\
       tm4c123gh6pm_startup_ccs.obj   12     620       0      
       main.obj                       380    0         4      
    +--+------------------------------+------+---------+---------+
       Total:                         392    620       4      
                                                              
    C:/ti/TivaWare_C_Series-2.1.4.178/driverlib/ccs/Debug/driverlib.lib
       interrupt.obj                  172    112       620    
       sysctl.obj                     574    108       0      
       gpio.obj                       468    144       0      
       uart.obj                       242    128       0      
       timer.obj                      140    0         0      
       cpu.obj                        12     0         0      
    +--+------------------------------+------+---------+---------+
       Total:                         1608   492       620    
                                                              
    C:\ti\ccs1031\ccs\tools\compiler\ti-cgt-arm_20.2.5.LTS\lib\rtsv7M4_T_le_v4SPD16_eabi.lib
       memcpy_t2.asm.obj              156    0         0      
       copy_decompress_lzss.c.obj     104    0         0      
       autoinit.c.obj                 68     0         0      
       boot_cortex_m.c.obj            52     0         0      
       copy_zero_init.c.obj           28     0         0      
       copy_decompress_none.c.obj     14     0         0      
       exit.c.obj                     4      0         0      
       pre_init.c.obj                 4      0         0      
    +--+------------------------------+------+---------+---------+
       Total:                         430    0         0      
                                                              
       Stack:                         0      0         512    
       Linker Generated:              0      44        0      
    +--+------------------------------+------+---------+---------+
       Grand Total:                   2430   1156      1136   


LINKER GENERATED COPY TABLES

__TI_cinit_table @ 00000e00 records: 2, size/record: 8, table size: 16
	.data: load addr=00000dec, load size=00000008 bytes, run addr=2000026c, run size=00000004 bytes, compression=lzss
	.vtable: load addr=00000df8, load size=00000008 bytes, run addr=20000000, run size=0000026c bytes, compression=zero_init


LINKER GENERATED HANDLER TABLE

__TI_handler_table @ 00000de0 records: 3, size/record: 4, table size: 12
	index: 0, handler: __TI_zero_init
	index: 1, handler: __TI_decompress_lzss
	index: 2, handler: __TI_decompress_none


GLOBAL SYMBOLS: SORTED ALPHABETICALLY BY Name 

address   name                          
-------   ----                          
00000bed  C$$EXIT                       
00000b99  CPUcpsie                      
00000a9d  GPIODirModeSet                
000003e9  GPIOPadConfigSet              
000008ed  GPIOPinConfigure              
00000b05  GPIOPinTypeGPIOOutput         
00000b49  GPIOPinTypeUART               
00000bd5  GPIOPinWrite                  
000007bd  IntEnable                     
00000b6d  IntMasterEnable               
00000a01  IntRegister                   
2000026e  LED                           
00000ba5  ResetISR                      
0000051d  SysCtlClockGet                
0000062d  SysCtlClockSet                
00000bdb  SysCtlDelay                   
00000a35  SysCtlPeripheralEnable        
0000088d  TimerConfigure                
00000b7d  TimerEnable                   
00000be1  TimerIntClear                 
00000bc5  TimerIntEnable                
00000b5b  TimerLoadSet                  
00000bb1  UARTCharGet                   
00000935  UARTConfigSetExpClk           
00000ac9  UARTDisable                   
00000b35  UARTEnable                    
00000bbb  UARTFIFOEnable                
00000be5  UARTIntClear                  
00000bcd  UARTIntEnable                 
00000b1d  UARTIntRegister               
20000470  __STACK_END                   
00000200  __STACK_SIZE                  
20000470  __STACK_TOP                   
00000e00  __TI_CINIT_Base               
00000e10  __TI_CINIT_Limit              
00000de0  __TI_Handler_Table_Base       
00000dec  __TI_Handler_Table_Limit      
0000097d  __TI_auto_init_nobinit_nopinit
00000825  __TI_decompress_lzss          
00000b8b  __TI_decompress_none          
ffffffff  __TI_pprof_out_hndl           
ffffffff  __TI_prof_data_size           
ffffffff  __TI_prof_data_start          
00000000  __TI_static_base__            
00000ae9  __TI_zero_init_nomemset       
00000721  __aeabi_memcpy                
00000721  __aeabi_memcpy4               
00000721  __aeabi_memcpy8               
ffffffff  __binit__                     
ffffffff  __c_args__                    
UNDEFED   __mpu_init                    
20000270  __stack                       
20000000  __start___llvm_prf_cnts       
20000000  __stop___llvm_prf_cnts        
00000a69  _c_int00_noargs               
UNDEFED   _system_post_cinit            
00000be9  _system_pre_init              
00000bed  abort                         
ffffffff  binit                         
2000026f  dato                          
0000034f  funUART                       
20000000  g_pfnRAMVectors               
00000000  g_pfnVectors                  
0000026d  main                          
00000721  memcpy                        
0000030d  timerf                        
2000026c  var1                          
2000026d  var2                          


GLOBAL SYMBOLS: SORTED BY Symbol Address 

address   name                          
-------   ----                          
00000000  __TI_static_base__            
00000000  g_pfnVectors                  
00000200  __STACK_SIZE                  
0000026d  main                          
0000030d  timerf                        
0000034f  funUART                       
000003e9  GPIOPadConfigSet              
0000051d  SysCtlClockGet                
0000062d  SysCtlClockSet                
00000721  __aeabi_memcpy                
00000721  __aeabi_memcpy4               
00000721  __aeabi_memcpy8               
00000721  memcpy                        
000007bd  IntEnable                     
00000825  __TI_decompress_lzss          
0000088d  TimerConfigure                
000008ed  GPIOPinConfigure              
00000935  UARTConfigSetExpClk           
0000097d  __TI_auto_init_nobinit_nopinit
00000a01  IntRegister                   
00000a35  SysCtlPeripheralEnable        
00000a69  _c_int00_noargs               
00000a9d  GPIODirModeSet                
00000ac9  UARTDisable                   
00000ae9  __TI_zero_init_nomemset       
00000b05  GPIOPinTypeGPIOOutput         
00000b1d  UARTIntRegister               
00000b35  UARTEnable                    
00000b49  GPIOPinTypeUART               
00000b5b  TimerLoadSet                  
00000b6d  IntMasterEnable               
00000b7d  TimerEnable                   
00000b8b  __TI_decompress_none          
00000b99  CPUcpsie                      
00000ba5  ResetISR                      
00000bb1  UARTCharGet                   
00000bbb  UARTFIFOEnable                
00000bc5  TimerIntEnable                
00000bcd  UARTIntEnable                 
00000bd5  GPIOPinWrite                  
00000bdb  SysCtlDelay                   
00000be1  TimerIntClear                 
00000be5  UARTIntClear                  
00000be9  _system_pre_init              
00000bed  C$$EXIT                       
00000bed  abort                         
00000de0  __TI_Handler_Table_Base       
00000dec  __TI_Handler_Table_Limit      
00000e00  __TI_CINIT_Base               
00000e10  __TI_CINIT_Limit              
20000000  __start___llvm_prf_cnts       
20000000  __stop___llvm_prf_cnts        
20000000  g_pfnRAMVectors               
2000026c  var1                          
2000026d  var2                          
2000026e  LED                           
2000026f  dato                          
20000270  __stack                       
20000470  __STACK_END                   
20000470  __STACK_TOP                   
ffffffff  __TI_pprof_out_hndl           
ffffffff  __TI_prof_data_size           
ffffffff  __TI_prof_data_start          
ffffffff  __binit__                     
ffffffff  __c_args__                    
ffffffff  binit                         
UNDEFED   __mpu_init                    
UNDEFED   _system_post_cinit            

[68 symbols]
