Microchip MPLAB XC8 Compiler V2.31

Linker command line:

-W-3 --edf=C:\Program Files\Microchip\xc8\v2.31\pic\dat\en_msgs.txt -cn \
  -h+dist/default/production\mproyecto2.X.production.sym \
  --cmf=dist/default/production\mproyecto2.X.production.cmf -z -Q16F887 \
  -oC:\Users\galic\AppData\Local\Temp\sgqg.2 --defsym=__MPLAB_BUILD=1 \
  -Mdist/default/production/mproyecto2.X.production.map -E1 \
  -ver=XC8 Compiler --acfsm=1493 -ASTACK=0110h-016Fh -pstack=STACK \
  -ACODE=00h-07FFhx4 -ASTRCODE=00h-01FFFh -ASTRING=00h-0FFhx32 \
  -ACONST=00h-0FFhx32 -AENTRY=00h-0FFhx32 -ACOMMON=070h-07Fh \
  -ABANK0=020h-06Fh -ABANK1=0A0h-0EFh -ABANK2=0110h-016Fh \
  -ABANK3=0190h-01EFh -ARAM=020h-06Fh,0A0h-0EFh,0110h-016Fh,0190h-01EFh \
  -AABS1=020h-07Fh,0A0h-0EFh,0110h-016Fh,0190h-01EFh -ASFR0=00h-01Fh \
  -ASFR1=080h-09Fh -ASFR2=0100h-010Fh -ASFR3=0180h-018Fh \
  -ACONFIG=02007h-02008h -DCONFIG=2 -AIDLOC=02000h-02003h -DIDLOC=2 \
  -AEEDATA=00h-0FFh/02100h -peeprom_data=EEDATA -DEEDATA=2 -DCODE=2 \
  -DSTRCODE=2 -DSTRING=2 -DCONST=2 -DENTRY=2 \
  -preset_vec=00h,intentry=04h,init,end_init -ppowerup=CODE -pcinit=CODE \
  -pfunctab=ENTRY -k C:\Users\galic\AppData\Local\Temp\sgqg.o \
  dist/default/production\mproyecto2.X.production.o 

Object code version is 3.11

Machine type is 16F887



                Name                               Link     Load   Length Selector   Space Scale
C:\Users\galic\AppData\Local\Temp\sgqg.o
                end_init                              C        C        3        8       0
                reset_vec                             0        0        3        0       0
                config                             2007     2007        2        0       4
dist/default/production\mproyecto2.X.production.o
                cinit                                 F        F       15        8       0
                intentry                              4        4        8        8       0
                config                             2007     2007        2        0       4
                text10                              1A2      1A2       4C        8       0
                text9                                24       24       9D        8       0
                text8                               135      135       6D        8       0
                text7                               287      287        D        8       0
                text6                               22F      22F       2F        8       0
                text5                               2A7      2A7        9        8       0
                text4                               29E      29E        9        8       0
                text3                               294      294        A        8       0
                text2                               1EE      1EE       41        8       0
                text1                               25E      25E       29        8       0
                maintext                             C1       C1       74        8       0
                cstackBANK0                          20       20       23       20       1
                cstackCOMMON                         70       70        6       70       1
                bssBANK0                             43       43        B       20       1
                bssCOMMON                            76       76        4       70       1

TOTAL           Name                               Link     Load   Length     Space
        CLASS   STACK          

        CLASS   CODE           
                end_init                              C        C        3         0
                cinit                                 F        F       15         0
                intentry                              4        4        8         0
                reset_vec                             0        0        3         0
                text10                              1A2      1A2       4C         0
                text9                                24       24       9D         0
                text8                               135      135       6D         0
                text7                               287      287        D         0
                text6                               22F      22F       2F         0
                text5                               2A7      2A7        9         0
                text4                               29E      29E        9         0
                text3                               294      294        A         0
                text2                               1EE      1EE       41         0
                text1                               25E      25E       29         0
                maintext                             C1       C1       74         0

        CLASS   STRCODE        

        CLASS   STRING         

        CLASS   CONST          

        CLASS   ENTRY          

        CLASS   COMMON         
                cstackCOMMON                         70       70        6         1
                bssCOMMON                            76       76        4         1

        CLASS   BANK0          
                cstackBANK0                          20       20       23         1
                bssBANK0                             43       43        B         1

        CLASS   BANK1          

        CLASS   BANK2          

        CLASS   BANK3          

        CLASS   RAM            

        CLASS   ABS1           
                abs_s1                               7E       7E        2         1

        CLASS   SFR0           

        CLASS   SFR1           

        CLASS   SFR2           

        CLASS   SFR3           

        CLASS   CONFIG         
                config                             2007     2007        2         4

        CLASS   IDLOC          

        CLASS   EEDATA         



SEGMENTS        Name                           Load    Length   Top    Selector   Space  Class     Delta

                reset_vec                      000000  000003  000003         0       0  CODE        2
                intentry                       000004  0002AC  0002B0         8       0  CODE        2
                cstackBANK0                    000020  00002E  00004E        20       1  BANK0       1
                cstackCOMMON                   000070  00000A  00007A        70       1  COMMON      1


UNUSED ADDRESS RANGES

        Name                Unused          Largest block    Delta
        BANK0            004E-006F             22           1
        BANK1            00A0-00EF             50           1
        BANK2            0110-016F             60           1
        BANK3            0190-01EF             60           1
        CODE             0003-0003              1           2
                         02B0-1FFF            800
        COMMON           007A-007D              4           1
        CONST            0003-0003              1           2
                         02B0-1FFF            100
        EEDATA           2100-21FF            100           2
        ENTRY            0003-0003              1           2
                         02B0-1FFF            100
        IDLOC            2000-2003              4           2
        RAM              004E-006F             22           1
                         00A0-00EF             50
                         0110-016F             60
                         0190-01EF             60
        SFR0             0000-001F             20           1
        SFR1             0080-009F             20           1
        SFR2             0100-010F             10           1
        SFR3             0180-018F             10           1
        STACK            0110-016F             60           1
        STRCODE          0003-0003              1           2
                         02B0-1FFF           1D50
        STRING           0003-0003              1           2
                         02B0-1FFF            100

                                  Symbol Table

?_I2C_Master_Read          cstackCOMMON 0074
?___aldiv                  cstackBANK0  0020
?_adxl345_read             cstackBANK0  0024
COM_EUSART@baudrate        cstackBANK0  002E
COM_EUSART@p               cstackBANK0  003E
I2C_Master_Read@a          cstackCOMMON 0074
I2C_Master_Read@temp       cstackBANK0  0022
I2C_Master_Write@d         cstackCOMMON 0074
_ACKDT                     (abs)        048D
_ACKEN                     (abs)        048C
_ANSEL                     (abs)        0188
_ANSELH                    (abs)        0189
_BAUDCTLbits               (abs)        0187
_COM_EUSART                text8        0135
_I2C_Master_Read           text6        022F
_I2C_Master_Start          text5        02A7
_I2C_Master_Stop           text4        029E
_I2C_Master_Wait           text7        0287
_I2C_Master_Write          text3        0294
_INTCONbits                (abs)        000B
_IOCB                      (abs)        0096
_OSCCONbits                (abs)        008F
_PEN                       (abs)        048A
_PIE1bits                  (abs)        008C
_PIR1bits                  (abs)        000C
_PORTA                     (abs)        0005
_PORTB                     (abs)        0006
_PORTD                     (abs)        0008
_PORTE                     (abs)        0009
_PORTEbits                 (abs)        0009
_RCEN                      (abs)        048B
_RCREG                     (abs)        001A
_RCSTA                     (abs)        0018
_SEN                       (abs)        0488
_SPBRG                     (abs)        0099
_SSPADD                    (abs)        0093
_SSPBUF                    (abs)        0013
_SSPCON                    (abs)        0014
_SSPCON2                   (abs)        0091
_SSPSTAT                   (abs)        0094
_TRISA                     (abs)        0085
_TRISB                     (abs)        0086
_TRISC3                    (abs)        043B
_TRISC4                    (abs)        043C
_TRISCbits                 (abs)        0087
_TRISD                     (abs)        0088
_TRISE                     (abs)        0089
_TXREG                     (abs)        0019
_TXSTA                     (abs)        0098
__Habs1                    abs1         0000
__Hbank0                   bank0        0000
__Hbank1                   bank1        0000
__Hbank2                   bank2        0000
__Hbank3                   bank3        0000
__HbssBANK0                bssBANK0     0000
__HbssCOMMON               bssCOMMON    0000
__Hcinit                   cinit        0024
__Hclrtext                 clrtext      0000
__Hcode                    code         0000
__Hcommon                  common       0000
__Hconfig                  config       2009
__HcstackBANK0             cstackBANK0  0000
__HcstackCOMMON            cstackCOMMON 0000
__Heeprom_data             eeprom_data  0000
__Hend_init                end_init     000F
__Hfunctab                 functab      0000
__Hinit                    init         000C
__Hintentry                intentry     000C
__Hmaintext                maintext     0000
__Hpowerup                 powerup      0000
__Hram                     ram          0000
__Hreset_vec               reset_vec    0003
__Hsfr0                    sfr0         0000
__Hsfr1                    sfr1         0000
__Hsfr2                    sfr2         0000
__Hsfr3                    sfr3         0000
__Hspace_0                 (abs)        02B0
__Hspace_1                 (abs)        007A
__Hspace_2                 (abs)        0000
__Hspace_3                 (abs)        0000
__Hspace_4                 (abs)        4010
__Hstack                   stack        0000
__Hstrings                 strings      0000
__Htext                    text         0000
__Labs1                    abs1         0000
__Lbank0                   bank0        0000
__Lbank1                   bank1        0000
__Lbank2                   bank2        0000
__Lbank3                   bank3        0000
__LbssBANK0                bssBANK0     0000
__LbssCOMMON               bssCOMMON    0000
__Lcinit                   cinit        000F
__Lclrtext                 clrtext      0000
__Lcode                    code         0000
__Lcommon                  common       0000
__Lconfig                  config       0000
__LcstackBANK0             cstackBANK0  0000
__LcstackCOMMON            cstackCOMMON 0000
__Leeprom_data             eeprom_data  0000
__Lend_init                end_init     000C
__Lfunctab                 functab      0000
__Linit                    init         000C
__Lintentry                intentry     0004
__Lmaintext                maintext     0000
__Lpowerup                 powerup      0000
__Lram                     ram          0000
__Lreset_vec               reset_vec    0000
__Lsfr0                    sfr0         0000
__Lsfr1                    sfr1         0000
__Lsfr2                    sfr2         0000
__Lsfr3                    sfr3         0000
__Lspace_0                 (abs)        0000
__Lspace_1                 (abs)        0000
__Lspace_2                 (abs)        0000
__Lspace_3                 (abs)        0000
__Lspace_4                 (abs)        0000
__Lstack                   stack        0000
__Lstrings                 strings      0000
__Ltext                    text         0000
__S0                       (abs)        02B0
__S1                       (abs)        007A
__S2                       (abs)        0000
__S3                       (abs)        0000
___aldiv                   text9        0024
___aldiv@counter           cstackBANK0  0028
___aldiv@dividend          cstackBANK0  0024
___aldiv@divisor           cstackBANK0  0020
___aldiv@quotient          cstackBANK0  002A
___aldiv@sign              cstackBANK0  0029
___int_sp                  stack        0000
___latbits                 (abs)        0002
___sp                      stack        0000
___stackhi                 (abs)        0000
___stacklo                 (abs)        0000
__end_of_COM_EUSART        text8        01A2
__end_of_I2C_Master_Read   text6        025E
__end_of_I2C_Master_Start  text5        02B0
__end_of_I2C_Master_Stop   text4        02A7
__end_of_I2C_Master_Wait   text7        0294
__end_of_I2C_Master_Write  text3        029E
__end_of___aldiv           text9        00C1
__end_of__initialization   cinit        0020
__end_of_adxl345_read      text2        022F
__end_of_con_mp2           text1        0287
__end_of_main              maintext     0135
__end_of_txint             text10       01EE
__initialization           cinit        000F
__pbssBANK0                bssBANK0     0043
__pbssCOMMON               bssCOMMON    0076
__pcstackBANK0             cstackBANK0  0020
__pcstackCOMMON            cstackCOMMON 0070
__pintentry                intentry     0004
__pmaintext                maintext     00C1
__ptext1                   text1        025E
__ptext10                  text10       01A2
__ptext2                   text2        01EE
__ptext3                   text3        0294
__ptext4                   text4        029E
__ptext5                   text5        02A7
__ptext6                   text6        022F
__ptext7                   text7        0287
__ptext8                   text8        0135
__ptext9                   text9        0024
__size_of_COM_EUSART       (abs)        0000
__size_of_I2C_Master_Read  (abs)        0000
__size_of_I2C_Master_Start (abs)        0000
__size_of_I2C_Master_Stop  (abs)        0000
__size_of_I2C_Master_Wait  (abs)        0000
__size_of_I2C_Master_Write (abs)        0000
__size_of___aldiv          (abs)        0000
__size_of_adxl345_read     (abs)        0000
__size_of_con_mp2          (abs)        0000
__size_of_main             (abs)        0000
__size_of_txint            (abs)        0000
_adxl345_read              text2        01EE
_con_mp2                   text1        025E
_escribir                  bssCOMMON    0079
_giros                     bssBANK0     0043
_leer                      bssCOMMON    0076
_main                      maintext     00C1
_num                       bssBANK0     0049
_txint                     text10       01A2
adxl345_read@add           cstackBANK0  0024
adxl345_read@retval        cstackBANK0  0026
btemp                      (abs)        007E
end_of_initialization      cinit        0020
interrupt_function         intentry     0004
intlevel0                  functab      0000
intlevel1                  functab      0000
intlevel2                  functab      0000
intlevel3                  functab      0000
intlevel4                  functab      0000
intlevel5                  functab      0000
reset_vec                  reset_vec    0000
saved_w                    (abs)        007E
start                      init         000C
start_initialization       cinit        000F
wtemp0                     (abs)        007E


FUNCTION INFORMATION:

 *************** function _main *****************
 Defined at:
		line 61 in file "mini2.c"
 Parameters:    Size  Location     Type
		None
 Auto vars:     Size  Location     Type
		None
 Return value:  Size  Location     Type
                  1    wreg      void 
 Registers used:
		wreg, status,2, status,0, pclath, cstack
 Tracked objects:
		On entry : 
		On exit  : 
		Unchanged: 
 Data sizes:     COMMON   BANK0   BANK1   BANK3   BANK2
      Params:         0       0       0       0       0
      Locals:         0       0       0       0       0
      Temps:          0       1       0       0       0
      Totals:         0       1       0       0       0
Total ram usage:        1 bytes
 Hardware stack levels required when called:    4
 This function calls:
		_COM_EUSART
		_adxl345_read
		_con_mp2
 This function is called by:
		Startup code after reset
 This function uses a non-reentrant model


 *************** function _con_mp2 *****************
 Defined at:
		line 28 in file "CONM2.c"
 Parameters:    Size  Location     Type
		None
 Auto vars:     Size  Location     Type
		None
 Return value:  Size  Location     Type
                  1    wreg      void 
 Registers used:
		wreg, status,2, status,0
 Tracked objects:
		On entry : 
		On exit  : 
		Unchanged: 
 Data sizes:     COMMON   BANK0   BANK1   BANK3   BANK2
      Params:         0       0       0       0       0
      Locals:         0       0       0       0       0
      Temps:          0       0       0       0       0
      Totals:         0       0       0       0       0
Total ram usage:        0 bytes
 Hardware stack levels used:    1
 Hardware stack levels required when called:    1
 This function calls:
		Nothing
 This function is called by:
		_main
 This function uses a non-reentrant model


 *************** function _adxl345_read *****************
 Defined at:
		line 27 in file "giros.c"
 Parameters:    Size  Location     Type
  add             2    4[BANK0 ] int 
 Auto vars:     Size  Location     Type
  retval          2    6[BANK0 ] int 
 Return value:  Size  Location     Type
                  2    4[BANK0 ] int 
 Registers used:
		wreg, status,2, status,0, pclath, cstack
 Tracked objects:
		On entry : 
		On exit  : 
		Unchanged: 
 Data sizes:     COMMON   BANK0   BANK1   BANK3   BANK2
      Params:         0       2       0       0       0
      Locals:         0       2       0       0       0
      Temps:          0       0       0       0       0
      Totals:         0       4       0       0       0
Total ram usage:        4 bytes
 Hardware stack levels used:    1
 Hardware stack levels required when called:    3
 This function calls:
		_I2C_Master_Read
		_I2C_Master_Start
		_I2C_Master_Stop
		_I2C_Master_Write
 This function is called by:
		_main
 This function uses a non-reentrant model


 *************** function _I2C_Master_Write *****************
 Defined at:
		line 43 in file "I2C.c"
 Parameters:    Size  Location     Type
  d               2    4[COMMON] int 
 Auto vars:     Size  Location     Type
		None
 Return value:  Size  Location     Type
                  1    wreg      void 
 Registers used:
		wreg, status,2, status,0, pclath, cstack
 Tracked objects:
		On entry : 
		On exit  : 
		Unchanged: 
 Data sizes:     COMMON   BANK0   BANK1   BANK3   BANK2
      Params:         2       0       0       0       0
      Locals:         0       0       0       0       0
      Temps:          0       0       0       0       0
      Totals:         2       0       0       0       0
Total ram usage:        2 bytes
 Hardware stack levels used:    1
 Hardware stack levels required when called:    2
 This function calls:
		_I2C_Master_Wait
 This function is called by:
		_adxl345_read
		_adxl345_write
 This function uses a non-reentrant model


 *************** function _I2C_Master_Stop *****************
 Defined at:
		line 36 in file "I2C.c"
 Parameters:    Size  Location     Type
		None
 Auto vars:     Size  Location     Type
		None
 Return value:  Size  Location     Type
                  1    wreg      void 
 Registers used:
		wreg, status,2, status,0, pclath, cstack
 Tracked objects:
		On entry : 
		On exit  : 
		Unchanged: 
 Data sizes:     COMMON   BANK0   BANK1   BANK3   BANK2
      Params:         0       0       0       0       0
      Locals:         0       0       0       0       0
      Temps:          0       0       0       0       0
      Totals:         0       0       0       0       0
Total ram usage:        0 bytes
 Hardware stack levels used:    1
 Hardware stack levels required when called:    2
 This function calls:
		_I2C_Master_Wait
 This function is called by:
		_adxl345_read
		_adxl345_write
 This function uses a non-reentrant model


 *************** function _I2C_Master_Start *****************
 Defined at:
		line 29 in file "I2C.c"
 Parameters:    Size  Location     Type
		None
 Auto vars:     Size  Location     Type
		None
 Return value:  Size  Location     Type
                  1    wreg      void 
 Registers used:
		wreg, status,2, status,0, pclath, cstack
 Tracked objects:
		On entry : 
		On exit  : 
		Unchanged: 
 Data sizes:     COMMON   BANK0   BANK1   BANK3   BANK2
      Params:         0       0       0       0       0
      Locals:         0       0       0       0       0
      Temps:          0       0       0       0       0
      Totals:         0       0       0       0       0
Total ram usage:        0 bytes
 Hardware stack levels used:    1
 Hardware stack levels required when called:    2
 This function calls:
		_I2C_Master_Wait
 This function is called by:
		_adxl345_read
		_adxl345_write
 This function uses a non-reentrant model


 *************** function _I2C_Master_Read *****************
 Defined at:
		line 50 in file "I2C.c"
 Parameters:    Size  Location     Type
  a               2    4[COMMON] int 
 Auto vars:     Size  Location     Type
  temp            2    2[BANK0 ] int 
 Return value:  Size  Location     Type
                  2    4[COMMON] int 
 Registers used:
		wreg, status,2, status,0, pclath, cstack
 Tracked objects:
		On entry : 
		On exit  : 
		Unchanged: 
 Data sizes:     COMMON   BANK0   BANK1   BANK3   BANK2
      Params:         2       0       0       0       0
      Locals:         0       2       0       0       0
      Temps:          0       2       0       0       0
      Totals:         2       4       0       0       0
Total ram usage:        6 bytes
 Hardware stack levels used:    1
 Hardware stack levels required when called:    2
 This function calls:
		_I2C_Master_Wait
 This function is called by:
		_adxl345_read
 This function uses a non-reentrant model


 *************** function _I2C_Master_Wait *****************
 Defined at:
		line 23 in file "I2C.c"
 Parameters:    Size  Location     Type
		None
 Auto vars:     Size  Location     Type
		None
 Return value:  Size  Location     Type
                  1    wreg      void 
 Registers used:
		wreg, status,2
 Tracked objects:
		On entry : 
		On exit  : 
		Unchanged: 
 Data sizes:     COMMON   BANK0   BANK1   BANK3   BANK2
      Params:         0       0       0       0       0
      Locals:         0       0       0       0       0
      Temps:          0       0       0       0       0
      Totals:         0       0       0       0       0
Total ram usage:        0 bytes
 Hardware stack levels used:    1
 Hardware stack levels required when called:    1
 This function calls:
		Nothing
 This function is called by:
		_I2C_Master_Start
		_I2C_Master_Stop
		_I2C_Master_Write
		_I2C_Master_Read
 This function uses a non-reentrant model


 *************** function _COM_EUSART *****************
 Defined at:
		line 5 in file "UART.c"
 Parameters:    Size  Location     Type
  baudrate        4   14[BANK0 ] const long 
 Auto vars:     Size  Location     Type
  p               4   30[BANK0 ] long 
 Return value:  Size  Location     Type
                  1    wreg      void 
 Registers used:
		wreg, status,2, status,0, pclath, cstack
 Tracked objects:
		On entry : 
		On exit  : 
		Unchanged: 
 Data sizes:     COMMON   BANK0   BANK1   BANK3   BANK2
      Params:         0       4       0       0       0
      Locals:         0       4       0       0       0
      Temps:          0      12       0       0       0
      Totals:         0      20       0       0       0
Total ram usage:       20 bytes
 Hardware stack levels used:    1
 Hardware stack levels required when called:    2
 This function calls:
		___aldiv
 This function is called by:
		_main
 This function uses a non-reentrant model


 *************** function ___aldiv *****************
 Defined at:
		line 5 in file "C:\Program Files\Microchip\xc8\v2.31\pic\sources\c90\common\aldiv.c"
 Parameters:    Size  Location     Type
  divisor         4    0[BANK0 ] long 
  dividend        4    4[BANK0 ] long 
 Auto vars:     Size  Location     Type
  quotient        4   10[BANK0 ] long 
  sign            1    9[BANK0 ] unsigned char 
  counter         1    8[BANK0 ] unsigned char 
 Return value:  Size  Location     Type
                  4    0[BANK0 ] long 
 Registers used:
		wreg, status,2, status,0
 Tracked objects:
		On entry : 
		On exit  : 
		Unchanged: 
 Data sizes:     COMMON   BANK0   BANK1   BANK3   BANK2
      Params:         0       8       0       0       0
      Locals:         0       6       0       0       0
      Temps:          1       0       0       0       0
      Totals:         1      14       0       0       0
Total ram usage:       15 bytes
 Hardware stack levels used:    1
 Hardware stack levels required when called:    1
 This function calls:
		Nothing
 This function is called by:
		_COM_EUSART
 This function uses a non-reentrant model


 *************** function _txint *****************
 Defined at:
		line 21 in file "mini2.c"
 Parameters:    Size  Location     Type
		None
 Auto vars:     Size  Location     Type
		None
 Return value:  Size  Location     Type
                  1    wreg      void 
 Registers used:
		wreg, status,2, status,0
 Tracked objects:
		On entry : 
		On exit  : 
		Unchanged: 
 Data sizes:     COMMON   BANK0   BANK1   BANK3   BANK2
      Params:         0       0       0       0       0
      Locals:         0       0       0       0       0
      Temps:          4       0       0       0       0
      Totals:         4       0       0       0       0
Total ram usage:        4 bytes
 Hardware stack levels used:    1
 This function calls:
		Nothing
 This function is called by:
		Interrupt level 1
 This function uses a non-reentrant model



MODULE INFORMATION

Module		Function		Class		Link	Load	Size
UART.c
		_COM_EUSART    		CODE           	0135	0000	109

UART.c estimated size: 109

giros.c
		_adxl345_read  		CODE           	01EE	0000	65

giros.c estimated size: 65

I2C.c
		_I2C_Master_Read		CODE           	022F	0000	47
		_I2C_Master_Wait		CODE           	0287	0000	13
		_I2C_Master_Stop		CODE           	029E	0000	9
		_I2C_Master_Write		CODE           	0294	0000	10
		_I2C_Master_Start		CODE           	02A7	0000	9

I2C.c estimated size: 88

CONM2.c
		_con_mp2       		CODE           	025E	0000	41

CONM2.c estimated size: 41

shared
		__initialization		CODE           	000F	0000	17

shared estimated size: 17

C:\Program Files\Microchip\xc8\v2.31\pic\sources\c90\common\aldiv.c
		___aldiv       		CODE           	0024	0000	157

C:\Program Files\Microchip\xc8\v2.31\pic\sources\c90\common\aldiv.c estimated size: 157

mini2.c
		_main          		CODE           	00C1	0000	116
		_txint         		CODE           	01A2	0000	76

mini2.c estimated size: 192

