Microchip MPLAB XC8 Compiler V2.20

Linker command line:

-W-3 --edf=C:\Program Files\Microchip\xc8\v2.20\pic\dat\en_msgs.txt -cn \
  -h+dist/default/production\master.X.production.sym \
  --cmf=dist/default/production\master.X.production.cmf -z -Q16F887 \
  -oC:\Users\galic\AppData\Local\Temp\suk0.2 --defsym=__MPLAB_BUILD=1 \
  -Mdist/default/production/master.X.production.map -E1 -ver=XC8 Compiler \
  --acfsm=1493 -ASTACK=0110h-016Fh -pstack=STACK -ACODE=00h-07FFhx4 \
  -ASTRCODE=00h-01FFFh -ASTRING=00h-0FFhx32 -ACONST=00h-0FFhx32 \
  -AENTRY=00h-0FFhx32 -ACOMMON=070h-07Fh -ABANK0=020h-06Fh \
  -ABANK1=0A0h-0EFh -ABANK2=0110h-016Fh -ABANK3=0190h-01EFh \
  -ARAM=020h-06Fh,0A0h-0EFh,0110h-016Fh,0190h-01EFh \
  -AABS1=020h-07Fh,0A0h-0EFh,0110h-016Fh,0190h-01EFh -ASFR0=00h-01Fh \
  -ASFR1=080h-09Fh -ASFR2=0100h-010Fh -ASFR3=0180h-018Fh \
  -ACONFIG=02007h-02008h -DCONFIG=2 -AIDLOC=02000h-02003h -DIDLOC=2 \
  -preset_vec=00h,intentry=04h,init,end_init -ppowerup=CODE -pcinit=CODE \
  -pfunctab=ENTRY -AEEDATA=00h-0FFh/02100h -peeprom_data=EEDATA -DEEDATA=2 \
  -DCODE=2 -DSTRCODE=2 -DSTRING=2 -DCONST=2 -DENTRY=2 -k \
  C:\Users\galic\AppData\Local\Temp\suk0.o \
  dist/default/production\master.X.production.o 

Object code version is 3.11

Machine type is 16F887



                Name                               Link     Load   Length Selector   Space Scale
C:\Users\galic\AppData\Local\Temp\suk0.o
                end_init                              E        E        3        8       0
                reset_vec                             0        0        3        0       0
                config                             2007     2007        2        0       4
dist/default/production\master.X.production.o
                cinit                                11       11       20        8       0
                intentry                              4        4        A        8       0
                config                             2007     2007        2        0       4
                text22                              C1C      C1C       25     1838       0
                text21                              EA7      EA7       9D     1D4E       0
                text20                              E3A      E3A       6D     1C74       0
                text19                              BE8      BE8       10     17D0       0
                text18                              7EE      7EE       12        8       0
                text17                              CC5      CC5       31     198A       0
                text16                              C09      C09       13     1812       0
                text15                              C6A      C6A       2B     18D4       0
                text14                              C95      C95       30     192A       0
                text13                              DD1      DD1       69     1BA2       0
                text12                              D78      D78       59     1AF0       0
                text11                              392      392      1DD        8       0
                text10                              C41      C41       29     1882       0
                text9                                31       31      361        8       0
                text8                               772      772       7C        8       0
                text7                               F44      F44       BC     1E88       0
                text6                               BD2      BD2        A     17A4       0
                text5                               BF8      BF8       11     17F0       0
                text4                               BDC      BDC        C     17B8       0
                text3                               D32      D32       46     1A64       0
                text2                               CF6      CF6       3C     19EC       0
                text1                               688      688       EA        8       0
                maintext                            56F      56F      119        8       0
                cstackBANK0                          20       20       41       20       1
                cstackCOMMON                         70       70        9       70       1
                cstackBANK1                          EB       EB        4       A0       1
                clrtext                             BCA      BCA        8     1794       0
                bssBANK3                            190      190       14      190       1
                bssBANK1                             A0       A0       4B       A0       1
                bssBANK0                             61       61        D       20       1
                bssCOMMON                            79       79        2       70       1
                strings                             800      800       37     1000       0

TOTAL           Name                               Link     Load   Length     Space
        CLASS   STACK          

        CLASS   CODE           
                end_init                              E        E        3         0
                cinit                                11       11       20         0
                intentry                              4        4        A         0
                reset_vec                             0        0        3         0
                text22                              C1C      C1C       25         0
                text21                              EA7      EA7       9D         0
                text20                              E3A      E3A       6D         0
                text19                              BE8      BE8       10         0
                text18                              7EE      7EE       12         0
                text17                              CC5      CC5       31         0
                text16                              C09      C09       13         0
                text15                              C6A      C6A       2B         0
                text14                              C95      C95       30         0
                text13                              DD1      DD1       69         0
                text12                              D78      D78       59         0
                text11                              392      392      1DD         0
                text10                              C41      C41       29         0
                text9                                31       31      361         0
                text8                               772      772       7C         0
                text7                               F44      F44       BC         0
                text6                               BD2      BD2        A         0
                text5                               BF8      BF8       11         0
                text4                               BDC      BDC        C         0
                text3                               D32      D32       46         0
                text2                               CF6      CF6       3C         0
                text1                               688      688       EA         0
                maintext                            56F      56F      119         0
                clrtext                             BCA      BCA        8         0

        CLASS   STRCODE        

        CLASS   STRING         
                strings                             800      800       37         0

        CLASS   CONST          

        CLASS   ENTRY          

        CLASS   COMMON         
                cstackCOMMON                         70       70        9         1
                bssCOMMON                            79       79        2         1

        CLASS   BANK0          
                cstackBANK0                          20       20       41         1
                bssBANK0                             61       61        D         1

        CLASS   BANK1          
                cstackBANK1                          EB       EB        4         1
                bssBANK1                             A0       A0       4B         1

        CLASS   BANK2          

        CLASS   BANK3          
                bssBANK3                            190      190       14         1

        CLASS   RAM            

        CLASS   ABS1           
                abs_s1                               7E       7E        2         1

        CLASS   SFR0           

        CLASS   SFR1           

        CLASS   SFR2           

        CLASS   SFR3           

        CLASS   CONFIG         
                config                             2007     2007        2         4

        CLASS   IDLOC          

        CLASS   EEDATA         



SEGMENTS        Name                           Load    Length   Top    Selector   Space  Class     Delta

                reset_vec                      000000  000003  000003         0       0  CODE        2
                intentry                       000004  0007FC  000800         8       0  CODE        2
                cstackBANK0                    000020  00004E  00006E        20       1  BANK0       1
                cstackCOMMON                   000070  00000B  00007B        70       1  COMMON      1
                bssBANK1                       0000A0  00004F  0000EF        A0       1  BANK1       1
                bssBANK3                       000190  000014  0001A4       190       1  BANK3       1
                strings                        000800  000037  000837      1000       0  STRING      2
                clrtext                        000BCA  000008  000BD2      1794       0  CODE        2
                text6                          000BD2  00000A  000BDC      17A4       0  CODE        2
                text4                          000BDC  00000C  000BE8      17B8       0  CODE        2
                text19                         000BE8  000010  000BF8      17D0       0  CODE        2
                text5                          000BF8  000011  000C09      17F0       0  CODE        2
                text16                         000C09  000013  000C1C      1812       0  CODE        2
                text22                         000C1C  000025  000C41      1838       0  CODE        2
                text10                         000C41  000029  000C6A      1882       0  CODE        2
                text15                         000C6A  00002B  000C95      18D4       0  CODE        2
                text14                         000C95  000030  000CC5      192A       0  CODE        2
                text17                         000CC5  000031  000CF6      198A       0  CODE        2
                text2                          000CF6  00003C  000D32      19EC       0  CODE        2
                text3                          000D32  000046  000D78      1A64       0  CODE        2
                text12                         000D78  000059  000DD1      1AF0       0  CODE        2
                text13                         000DD1  000069  000E3A      1BA2       0  CODE        2
                text20                         000E3A  00006D  000EA7      1C74       0  CODE        2
                text21                         000EA7  00009D  000F44      1D4E       0  CODE        2
                text7                          000F44  0000BC  001000      1E88       0  CODE        2


UNUSED ADDRESS RANGES

        Name                Unused          Largest block    Delta
        BANK0            006E-006F              2           1
        BANK1            00EF-00EF              1           1
        BANK2            0110-016F             60           1
        BANK3            01A4-01EF             4C           1
        CODE             0003-0003              1           2
                         0837-0BC9            393
                         1000-1FFF            800
        COMMON           007B-007D              3           1
        CONST            0003-0003              1           2
                         0837-0BC9            100
                         1000-1FFF            100
        EEDATA           2100-21FF            100           2
        ENTRY            0003-0003              1           2
                         0837-0BC9            100
                         1000-1FFF            100
        IDLOC            2000-2003              4           2
        RAM              006E-006F              2           1
                         00EF-00EF              1
                         0110-016F             60
                         01A4-01EF             4C
        SFR0             0000-001F             20           1
        SFR1             0080-009F             20           1
        SFR2             0100-010F             10           1
        SFR3             0180-018F             10           1
        STACK            0110-016F             60           1
        STRCODE          0003-0003              1           2
                         0837-0BC9            393
                         1000-1FFF           1000
        STRING           0003-0003              1           2
                         0837-0BC9            100
                         1000-1FFF            100

                                  Symbol Table

?__Umul8_16              cstackCOMMON 0073
?___aldiv                cstackBANK0  0020
?___awdiv                cstackCOMMON 0073
?___awmod                cstackCOMMON 0073
?___fldiv                cstackBANK0  003F
?___flmul                cstackBANK0  0025
?___fltol                cstackBANK0  0059
?___lwdiv                cstackCOMMON 0073
?___lwmod                cstackBANK0  0023
?___xxtofl               cstackCOMMON 0073
?_sprintf                cstackBANK0  0027
CONUSARTM@baudrate       cstackBANK0  002E
CONUSARTM@p              cstackCOMMON 0074
LCDChar@ch               cstackCOMMON 0077
LCDCmd@ch                cstackCOMMON 0077
LCDGoto@ln               cstackCOMMON 0078
LCDGoto@pos              cstackBANK0  0024
LCDStr@i                 cstackCOMMON 0078
LCDStr@str               cstackBANK0  0020
LCDWrite@ch              cstackCOMMON 0074
LCDWrite@rs              cstackCOMMON 0073
_ANSEL                   (abs)        0188
_ANSELH                  (abs)        0189
_BAUDCTLbits             (abs)        0187
_CONUSARTM               text20       0E3A
_INTCONbits              (abs)        000B
_LCDChar                 text16       0C09
_LCDCmd                  text18       07EE
_LCDGoto                 text17       0CC5
_LCDGoto$320             cstackBANK0  0022
_LCDStr                  text15       0C6A
_LCDWrite                text19       0BE8
_LCD_Initialize          text14       0C95
_PIE1bits                (abs)        008C
_PIR1bits                (abs)        000C
_PORTA                   (abs)        0005
_PORTB                   (abs)        0006
_PORTCbits               (abs)        0007
_PORTD                   (abs)        0008
_PORTE                   (abs)        0009
_PORTEbits               (abs)        0009
_RCSTA                   (abs)        0018
_SPBRG                   (abs)        0099
_SSPBUF                  (abs)        0013
_SSPCON                  (abs)        0014
_SSPSTAT                 (abs)        0094
_SSPSTATbits             (abs)        0094
_TRISA                   (abs)        0085
_TRISB                   (abs)        0086
_TRISCbits               (abs)        0087
_TRISD                   (abs)        0088
_TRISE                   (abs)        0089
_TXREG                   (abs)        0019
_TXSTA                   (abs)        0098
__Habs1                  abs1         0000
__Hbank0                 bank0        0000
__Hbank1                 bank1        0000
__Hbank2                 bank2        0000
__Hbank3                 bank3        0000
__HbssBANK0              bssBANK0     0000
__HbssBANK1              bssBANK1     0000
__HbssBANK3              bssBANK3     0000
__HbssCOMMON             bssCOMMON    0000
__Hcinit                 cinit        0031
__Hclrtext               clrtext      0000
__Hcode                  code         0000
__Hcommon                common       0000
__Hconfig                config       2009
__HcstackBANK0           cstackBANK0  0000
__HcstackBANK1           cstackBANK1  0000
__HcstackCOMMON          cstackCOMMON 0000
__Heeprom_data           eeprom_data  0000
__Hend_init              end_init     0011
__Hfunctab               functab      0000
__Hinit                  init         000E
__Hintentry              intentry     000E
__Hmaintext              maintext     0000
__Hpowerup               powerup      0000
__Hram                   ram          0000
__Hreset_vec             reset_vec    0003
__Hsfr0                  sfr0         0000
__Hsfr1                  sfr1         0000
__Hsfr2                  sfr2         0000
__Hsfr3                  sfr3         0000
__Hspace_0               (abs)        1000
__Hspace_1               (abs)        01A4
__Hspace_2               (abs)        0000
__Hspace_3               (abs)        0000
__Hspace_4               (abs)        4010
__Hstack                 stack        0000
__Hstrings               strings      0000
__Htext                  text         0000
__Labs1                  abs1         0000
__Lbank0                 bank0        0000
__Lbank1                 bank1        0000
__Lbank2                 bank2        0000
__Lbank3                 bank3        0000
__LbssBANK0              bssBANK0     0000
__LbssBANK1              bssBANK1     0000
__LbssBANK3              bssBANK3     0000
__LbssCOMMON             bssCOMMON    0000
__Lcinit                 cinit        0011
__Lclrtext               clrtext      0000
__Lcode                  code         0000
__Lcommon                common       0000
__Lconfig                config       0000
__LcstackBANK0           cstackBANK0  0000
__LcstackBANK1           cstackBANK1  0000
__LcstackCOMMON          cstackCOMMON 0000
__Leeprom_data           eeprom_data  0000
__Lend_init              end_init     000E
__Lfunctab               functab      0000
__Linit                  init         000E
__Lintentry              intentry     0004
__Lmaintext              maintext     0000
__Lpowerup               powerup      0000
__Lram                   ram          0000
__Lreset_vec             reset_vec    0000
__Lsfr0                  sfr0         0000
__Lsfr1                  sfr1         0000
__Lsfr2                  sfr2         0000
__Lsfr3                  sfr3         0000
__Lspace_0               (abs)        0000
__Lspace_1               (abs)        0000
__Lspace_2               (abs)        0000
__Lspace_3               (abs)        0000
__Lspace_4               (abs)        0000
__Lstack                 stack        0000
__Lstrings               strings      0000
__Ltext                  text         0000
__S0                     (abs)        1000
__S1                     (abs)        01A4
__S2                     (abs)        0000
__S3                     (abs)        0000
__Umul8_16               text10       0C41
__Umul8_16@multiplicand  cstackCOMMON 0073
__Umul8_16@multiplier    cstackBANK0  0024
__Umul8_16@product       cstackBANK0  0020
__Umul8_16@word_mpld     cstackBANK0  0022
___aldiv                 text21       0EA7
___aldiv@counter         cstackBANK0  0028
___aldiv@dividend        cstackBANK0  0024
___aldiv@divisor         cstackBANK0  0020
___aldiv@quotient        cstackBANK0  002A
___aldiv@sign            cstackBANK0  0029
___awdiv                 text13       0DD1
___awdiv@counter         cstackBANK0  0020
___awdiv@dividend        cstackCOMMON 0075
___awdiv@divisor         cstackCOMMON 0073
___awdiv@quotient        cstackBANK0  0022
___awdiv@sign            cstackBANK0  0021
___awmod                 text12       0D78
___awmod@counter         cstackCOMMON 0077
___awmod@dividend        cstackCOMMON 0075
___awmod@divisor         cstackCOMMON 0073
___awmod@sign            cstackCOMMON 0078
___fldiv                 text11       0392
___fldiv@a               cstackBANK0  003F
___fldiv@aexp            cstackBANK0  0058
___fldiv@b               cstackBANK0  0043
___fldiv@bexp            cstackBANK0  0057
___fldiv@grs             cstackBANK0  0053
___fldiv@new_exp         cstackBANK0  0051
___fldiv@rem             cstackBANK0  004C
___fldiv@sign            cstackBANK0  0050
___flmul                 text9        0031
___flmul@a               cstackBANK0  0029
___flmul@aexp            cstackBANK0  0037
___flmul@b               cstackBANK0  0025
___flmul@bexp            cstackBANK0  0038
___flmul@grs             cstackBANK0  0033
___flmul@prod            cstackBANK0  0039
___flmul@sign            cstackBANK0  0032
___flmul@temp            cstackBANK0  003D
___fltol                 text8        0772
___fltol@exp1            cstackCOMMON 0078
___fltol@f1              cstackBANK0  0059
___fltol@sign1           cstackCOMMON 0077
___int_sp                stack        0000
___latbits               (abs)        0002
___lwdiv                 text3        0D32
___lwdiv@counter         cstackBANK0  0020
___lwdiv@dividend        cstackCOMMON 0075
___lwdiv@divisor         cstackCOMMON 0073
___lwdiv@quotient        cstackBANK0  0021
___lwmod                 text2        0CF6
___lwmod@counter         cstackCOMMON 0077
___lwmod@dividend        cstackBANK0  0025
___lwmod@divisor         cstackBANK0  0023
___sp                    stack        0000
___stackhi               (abs)        0000
___stacklo               (abs)        0000
___xxtofl                text7        0F44
___xxtofl@arg            cstackBANK0  0026
___xxtofl@exp            cstackBANK0  0025
___xxtofl@sign           cstackBANK0  0024
___xxtofl@val            cstackCOMMON 0073
__end_of_CONUSARTM       text20       0EA7
__end_of_LCDChar         text16       0C1C
__end_of_LCDCmd          text18       0800
__end_of_LCDGoto         text17       0CF6
__end_of_LCDStr          text15       0C95
__end_of_LCDWrite        text19       0BF8
__end_of_LCD_Initialize  text14       0CC5
__end_of__Umul8_16       text10       0C6A
__end_of___aldiv         text21       0F44
__end_of___awdiv         text13       0E3A
__end_of___awmod         text12       0DD1
__end_of___fldiv         text11       056F
__end_of___flmul         text9        0392
__end_of___fltol         text8        07EE
__end_of___lwdiv         text3        0D78
__end_of___lwmod         text2        0D32
__end_of___xxtofl        text7        1000
__end_of__initialization cinit        002D
__end_of__stringtab      strings      0810
__end_of_dpowers         strings      081A
__end_of_intac           text22       0C41
__end_of_inter           text6        0BDC
__end_of_main            maintext     0688
__end_of_setupm1         text5        0C09
__end_of_spiconm         text4        0BE8
__end_of_sprintf         text1        0772
__initialization         cinit        0011
__pbssBANK0              bssBANK0     0061
__pbssBANK1              bssBANK1     00A0
__pbssBANK3              bssBANK3     0190
__pbssCOMMON             bssCOMMON    0079
__pcstackBANK0           cstackBANK0  0020
__pcstackBANK1           cstackBANK1  00EB
__pcstackCOMMON          cstackCOMMON 0070
__pintentry              intentry     0004
__pmaintext              maintext     056F
__pstrings               strings      0800
__ptext1                 text1        0688
__ptext10                text10       0C41
__ptext11                text11       0392
__ptext12                text12       0D78
__ptext13                text13       0DD1
__ptext14                text14       0C95
__ptext15                text15       0C6A
__ptext16                text16       0C09
__ptext17                text17       0CC5
__ptext18                text18       07EE
__ptext19                text19       0BE8
__ptext2                 text2        0CF6
__ptext20                text20       0E3A
__ptext21                text21       0EA7
__ptext22                text22       0C1C
__ptext3                 text3        0D32
__ptext4                 text4        0BDC
__ptext5                 text5        0BF8
__ptext6                 text6        0BD2
__ptext7                 text7        0F44
__ptext8                 text8        0772
__ptext9                 text9        0031
__size_of_CONUSARTM      (abs)        0000
__size_of_LCDChar        (abs)        0000
__size_of_LCDCmd         (abs)        0000
__size_of_LCDGoto        (abs)        0000
__size_of_LCDStr         (abs)        0000
__size_of_LCDWrite       (abs)        0000
__size_of_LCD_Initialize (abs)        0000
__size_of__Umul8_16      (abs)        0000
__size_of___aldiv        (abs)        0000
__size_of___awdiv        (abs)        0000
__size_of___awmod        (abs)        0000
__size_of___fldiv        (abs)        0000
__size_of___flmul        (abs)        0000
__size_of___fltol        (abs)        0000
__size_of___lwdiv        (abs)        0000
__size_of___lwmod        (abs)        0000
__size_of___xxtofl       (abs)        0000
__size_of_intac          (abs)        0000
__size_of_inter          (abs)        0000
__size_of_main           (abs)        0000
__size_of_setupm1        (abs)        0000
__size_of_spiconm        (abs)        0000
__size_of_sprintf        (abs)        0000
__stringbase             strings      080F
__stringtab              strings      0800
_cons                    bssBANK0     006C
_datos                   bssBANK1     00D7
_digitos                 bssBANK0     0061
_divisor                 bssBANK1     00CC
_dpowers                 strings      0810
_i                       bssBANK0     0066
_incre                   bssBANK0     0064
_intac                   text22       0C1C
_inter                   text6        0BD2
_main                    maintext     056F
_setupm1                 text5        0BF8
_spiconm                 text4        0BDC
_sprintf                 text1        0688
_voltage_int1            bssBANK0     006A
btemp                    (abs)        007E
clear_ram0               clrtext      0BCA
end_of_initialization    cinit        002D
interrupt_function       intentry     0004
intlevel0                functab      0000
intlevel1                functab      0000
intlevel2                functab      0000
intlevel3                functab      0000
intlevel4                functab      0000
intlevel5                functab      0000
reset_vec                reset_vec    0000
saved_w                  (abs)        007E
sprintf@ap               cstackBANK0  0031
sprintf@c                cstackBANK0  0037
sprintf@f                cstackBANK0  0027
sprintf@flag             cstackBANK0  0032
sprintf@prec             cstackBANK0  0033
sprintf@sp               cstackBANK0  0036
sprintf@val              cstackBANK0  0034
start                    init         000E
start_initialization     cinit        0011
wtemp0                   (abs)        007E


FUNCTION INFORMATION:

 *************** function _main *****************
 Defined at:
		line 48 in file "master.c"
 Parameters:    Size  Location     Type
		None
 Auto vars:     Size  Location     Type
		None
 Return value:  Size  Location     Type
                  1    wreg      void 
 Registers used:
		wreg, fsr0l, fsr0h, status,2, status,0, btemp+1, pclath, cstack
 Tracked objects:
		On entry : 
		On exit  : 
		Unchanged: 
 Data sizes:     COMMON   BANK0   BANK1   BANK3   BANK2
      Params:         0       0       0       0       0
      Locals:         0       0       0       0       0
      Temps:          0       0       4       0       0
      Totals:         0       0       4       0       0
Total ram usage:        4 bytes
 Hardware stack levels required when called:    4
 This function calls:
		_CONUSARTM
		_LCDGoto
		_LCDStr
		_LCD_Initialize
		___awdiv
		___awmod
		___fldiv
		___flmul
		___fltol
		___xxtofl
		_inter
		_setupm1
		_spiconm
		_sprintf
 This function is called by:
		Startup code after reset
 This function uses a non-reentrant model


 *************** function _sprintf *****************
 Defined at:
		line 505 in file "C:\Program Files\Microchip\xc8\v2.20\pic\sources\c90\common\doprnt.c"
 Parameters:    Size  Location     Type
  sp              1    wreg     PTR unsigned char 
		 -> datos(20), 
  f               1    7[BANK0 ] PTR const unsigned char 
		 -> STR_2(11), 
 Auto vars:     Size  Location     Type
  sp              1   22[BANK0 ] PTR unsigned char 
		 -> datos(20), 
  tmpval          4    0        struct .
  val             2   20[BANK0 ] unsigned int 
  cp              2    0        PTR const unsigned char 
  len             2    0        unsigned int 
  c               1   23[BANK0 ] unsigned char 
  prec            1   19[BANK0 ] char 
  flag            1   18[BANK0 ] unsigned char 
  ap              1   17[BANK0 ] PTR void [1]
		 -> ?_sprintf(2), 
 Return value:  Size  Location     Type
                  2    7[BANK0 ] int 
 Registers used:
		wreg, fsr0l, fsr0h, status,2, status,0, btemp+1, pclath, cstack
 Tracked objects:
		On entry : 
		On exit  : 
		Unchanged: 
 Data sizes:     COMMON   BANK0   BANK1   BANK3   BANK2
      Params:         0       7       0       0       0
      Locals:         0       7       0       0       0
      Temps:          0       3       0       0       0
      Totals:         0      17       0       0       0
Total ram usage:       17 bytes
 Hardware stack levels used:    1
 Hardware stack levels required when called:    2
 This function calls:
		___lwdiv
		___lwmod
 This function is called by:
		_main
 This function uses a non-reentrant model


 *************** function ___lwmod *****************
 Defined at:
		line 5 in file "C:\Program Files\Microchip\xc8\v2.20\pic\sources\c90\common\lwmod.c"
 Parameters:    Size  Location     Type
  divisor         2    3[BANK0 ] unsigned int 
  dividend        2    5[BANK0 ] unsigned int 
 Auto vars:     Size  Location     Type
  counter         1    7[COMMON] unsigned char 
 Return value:  Size  Location     Type
                  2    3[BANK0 ] unsigned int 
 Registers used:
		wreg, status,2, status,0, btemp+1
 Tracked objects:
		On entry : 
		On exit  : 
		Unchanged: 
 Data sizes:     COMMON   BANK0   BANK1   BANK3   BANK2
      Params:         0       4       0       0       0
      Locals:         1       0       0       0       0
      Temps:          0       0       0       0       0
      Totals:         1       4       0       0       0
Total ram usage:        5 bytes
 Hardware stack levels used:    1
 Hardware stack levels required when called:    1
 This function calls:
		Nothing
 This function is called by:
		_sprintf
 This function uses a non-reentrant model


 *************** function ___lwdiv *****************
 Defined at:
		line 5 in file "C:\Program Files\Microchip\xc8\v2.20\pic\sources\c90\common\lwdiv.c"
 Parameters:    Size  Location     Type
  divisor         2    3[COMMON] unsigned int 
  dividend        2    5[COMMON] unsigned int 
 Auto vars:     Size  Location     Type
  quotient        2    1[BANK0 ] unsigned int 
  counter         1    0[BANK0 ] unsigned char 
 Return value:  Size  Location     Type
                  2    3[COMMON] unsigned int 
 Registers used:
		wreg, status,2, status,0, btemp+1
 Tracked objects:
		On entry : 
		On exit  : 
		Unchanged: 
 Data sizes:     COMMON   BANK0   BANK1   BANK3   BANK2
      Params:         4       0       0       0       0
      Locals:         0       3       0       0       0
      Temps:          0       0       0       0       0
      Totals:         4       3       0       0       0
Total ram usage:        7 bytes
 Hardware stack levels used:    1
 Hardware stack levels required when called:    1
 This function calls:
		Nothing
 This function is called by:
		_sprintf
 This function uses a non-reentrant model


 *************** function _spiconm *****************
 Defined at:
		line 3 in file "spimaster.c"
 Parameters:    Size  Location     Type
		None
 Auto vars:     Size  Location     Type
		None
 Return value:  Size  Location     Type
                  1    wreg      void 
 Registers used:
		wreg, status,2
 Tracked objects:
		On entry : 
		On exit  : 
		Unchanged: 
 Data sizes:     COMMON   BANK0   BANK1   BANK3   BANK2
      Params:         0       0       0       0       0
      Locals:         0       0       0       0       0
      Temps:          0       0       0       0       0
      Totals:         0       0       0       0       0
Total ram usage:        0 bytes
 Hardware stack levels used:    1
 Hardware stack levels required when called:    1
 This function calls:
		Nothing
 This function is called by:
		_main
 This function uses a non-reentrant model


 *************** function _setupm1 *****************
 Defined at:
		line 26 in file "configuracion.c"
 Parameters:    Size  Location     Type
		None
 Auto vars:     Size  Location     Type
		None
 Return value:  Size  Location     Type
                  1    wreg      void 
 Registers used:
		status,2
 Tracked objects:
		On entry : 
		On exit  : 
		Unchanged: 
 Data sizes:     COMMON   BANK0   BANK1   BANK3   BANK2
      Params:         0       0       0       0       0
      Locals:         0       0       0       0       0
      Temps:          0       0       0       0       0
      Totals:         0       0       0       0       0
Total ram usage:        0 bytes
 Hardware stack levels used:    1
 Hardware stack levels required when called:    1
 This function calls:
		Nothing
 This function is called by:
		_main
 This function uses a non-reentrant model


 *************** function _inter *****************
 Defined at:
		line 38 in file "configuracion.c"
 Parameters:    Size  Location     Type
		None
 Auto vars:     Size  Location     Type
		None
 Return value:  Size  Location     Type
                  1    wreg      void 
 Registers used:
		None
 Tracked objects:
		On entry : 
		On exit  : 
		Unchanged: 
 Data sizes:     COMMON   BANK0   BANK1   BANK3   BANK2
      Params:         0       0       0       0       0
      Locals:         0       0       0       0       0
      Temps:          0       0       0       0       0
      Totals:         0       0       0       0       0
Total ram usage:        0 bytes
 Hardware stack levels used:    1
 Hardware stack levels required when called:    1
 This function calls:
		Nothing
 This function is called by:
		_main
 This function uses a non-reentrant model


 *************** function ___xxtofl *****************
 Defined at:
		line 10 in file "C:\Program Files\Microchip\xc8\v2.20\pic\sources\c90\common\xxtofl.c"
 Parameters:    Size  Location     Type
  sign            1    wreg     unsigned char 
  val             4    3[COMMON] long 
 Auto vars:     Size  Location     Type
  sign            1    4[BANK0 ] unsigned char 
  arg             4    6[BANK0 ] unsigned long 
  exp             1    5[BANK0 ] unsigned char 
 Return value:  Size  Location     Type
                  4    3[COMMON] unsigned char 
 Registers used:
		wreg, status,2, status,0, btemp+1
 Tracked objects:
		On entry : 
		On exit  : 
		Unchanged: 
 Data sizes:     COMMON   BANK0   BANK1   BANK3   BANK2
      Params:         4       0       0       0       0
      Locals:         0       6       0       0       0
      Temps:          0       4       0       0       0
      Totals:         4      10       0       0       0
Total ram usage:       14 bytes
 Hardware stack levels used:    1
 Hardware stack levels required when called:    1
 This function calls:
		Nothing
 This function is called by:
		_main
 This function uses a non-reentrant model


 *************** function ___fltol *****************
 Defined at:
		line 43 in file "C:\Program Files\Microchip\xc8\v2.20\pic\sources\c90\common\fltol.c"
 Parameters:    Size  Location     Type
  f1              4   57[BANK0 ] unsigned char 
 Auto vars:     Size  Location     Type
  exp1            1    8[COMMON] unsigned char 
  sign1           1    7[COMMON] unsigned char 
 Return value:  Size  Location     Type
                  4   57[BANK0 ] long 
 Registers used:
		wreg, status,2, status,0, btemp+1
 Tracked objects:
		On entry : 
		On exit  : 
		Unchanged: 
 Data sizes:     COMMON   BANK0   BANK1   BANK3   BANK2
      Params:         0       4       0       0       0
      Locals:         2       0       0       0       0
      Temps:          0       4       0       0       0
      Totals:         2       8       0       0       0
Total ram usage:       10 bytes
 Hardware stack levels used:    1
 Hardware stack levels required when called:    1
 This function calls:
		Nothing
 This function is called by:
		_main
 This function uses a non-reentrant model


 *************** function ___flmul *****************
 Defined at:
		line 8 in file "C:\Program Files\Microchip\xc8\v2.20\pic\sources\c90\common\sprcmul.c"
 Parameters:    Size  Location     Type
  b               4    5[BANK0 ] long 
  a               4    9[BANK0 ] long 
 Auto vars:     Size  Location     Type
  prod            4   25[BANK0 ] struct .
  grs             4   19[BANK0 ] unsigned long 
  temp            2   29[BANK0 ] struct .
  bexp            1   24[BANK0 ] unsigned char 
  aexp            1   23[BANK0 ] unsigned char 
  sign            1   18[BANK0 ] unsigned char 
 Return value:  Size  Location     Type
                  4    5[BANK0 ] unsigned char 
 Registers used:
		wreg, status,2, status,0, btemp+1, pclath, cstack
 Tracked objects:
		On entry : 
		On exit  : 
		Unchanged: 
 Data sizes:     COMMON   BANK0   BANK1   BANK3   BANK2
      Params:         0       8       0       0       0
      Locals:         0      13       0       0       0
      Temps:          0       5       0       0       0
      Totals:         0      26       0       0       0
Total ram usage:       26 bytes
 Hardware stack levels used:    1
 Hardware stack levels required when called:    2
 This function calls:
		__Umul8_16
 This function is called by:
		_main
 This function uses a non-reentrant model


 *************** function __Umul8_16 *****************
 Defined at:
		line 4 in file "C:\Program Files\Microchip\xc8\v2.20\pic\sources\c90\common\Umul8_16.c"
 Parameters:    Size  Location     Type
  multiplier      1    wreg     unsigned char 
  multiplicand    1    3[COMMON] unsigned char 
 Auto vars:     Size  Location     Type
  multiplier      1    4[BANK0 ] unsigned char 
  word_mpld       2    2[BANK0 ] unsigned int 
  product         2    0[BANK0 ] unsigned int 
 Return value:  Size  Location     Type
                  2    3[COMMON] unsigned int 
 Registers used:
		wreg, status,2, status,0
 Tracked objects:
		On entry : 
		On exit  : 
		Unchanged: 
 Data sizes:     COMMON   BANK0   BANK1   BANK3   BANK2
      Params:         2       0       0       0       0
      Locals:         0       5       0       0       0
      Temps:          2       0       0       0       0
      Totals:         4       5       0       0       0
Total ram usage:        9 bytes
 Hardware stack levels used:    1
 Hardware stack levels required when called:    1
 This function calls:
		Nothing
 This function is called by:
		___flmul
 This function uses a non-reentrant model


 *************** function ___fldiv *****************
 Defined at:
		line 8 in file "C:\Program Files\Microchip\xc8\v2.20\pic\sources\c90\common\sprcdiv.c"
 Parameters:    Size  Location     Type
  a               4   31[BANK0 ] unsigned int 
  b               4   35[BANK0 ] unsigned int 
 Auto vars:     Size  Location     Type
  grs             4   51[BANK0 ] unsigned long 
  rem             4   44[BANK0 ] unsigned long 
  new_exp         2   49[BANK0 ] int 
  aexp            1   56[BANK0 ] unsigned char 
  bexp            1   55[BANK0 ] unsigned char 
  sign            1   48[BANK0 ] unsigned char 
 Return value:  Size  Location     Type
                  4   31[BANK0 ] unsigned char 
 Registers used:
		wreg, status,2, status,0, btemp+1
 Tracked objects:
		On entry : 
		On exit  : 
		Unchanged: 
 Data sizes:     COMMON   BANK0   BANK1   BANK3   BANK2
      Params:         0       8       0       0       0
      Locals:         0      13       0       0       0
      Temps:          0       5       0       0       0
      Totals:         0      26       0       0       0
Total ram usage:       26 bytes
 Hardware stack levels used:    1
 Hardware stack levels required when called:    1
 This function calls:
		Nothing
 This function is called by:
		_main
 This function uses a non-reentrant model


 *************** function ___awmod *****************
 Defined at:
		line 5 in file "C:\Program Files\Microchip\xc8\v2.20\pic\sources\c90\common\awmod.c"
 Parameters:    Size  Location     Type
  divisor         2    3[COMMON] int 
  dividend        2    5[COMMON] int 
 Auto vars:     Size  Location     Type
  sign            1    8[COMMON] unsigned char 
  counter         1    7[COMMON] unsigned char 
 Return value:  Size  Location     Type
                  2    3[COMMON] int 
 Registers used:
		wreg, status,2, status,0, btemp+1
 Tracked objects:
		On entry : 
		On exit  : 
		Unchanged: 
 Data sizes:     COMMON   BANK0   BANK1   BANK3   BANK2
      Params:         4       0       0       0       0
      Locals:         2       0       0       0       0
      Temps:          0       0       0       0       0
      Totals:         6       0       0       0       0
Total ram usage:        6 bytes
 Hardware stack levels used:    1
 Hardware stack levels required when called:    1
 This function calls:
		Nothing
 This function is called by:
		_main
 This function uses a non-reentrant model


 *************** function ___awdiv *****************
 Defined at:
		line 5 in file "C:\Program Files\Microchip\xc8\v2.20\pic\sources\c90\common\awdiv.c"
 Parameters:    Size  Location     Type
  divisor         2    3[COMMON] int 
  dividend        2    5[COMMON] int 
 Auto vars:     Size  Location     Type
  quotient        2    2[BANK0 ] int 
  sign            1    1[BANK0 ] unsigned char 
  counter         1    0[BANK0 ] unsigned char 
 Return value:  Size  Location     Type
                  2    3[COMMON] int 
 Registers used:
		wreg, status,2, status,0, btemp+1
 Tracked objects:
		On entry : 
		On exit  : 
		Unchanged: 
 Data sizes:     COMMON   BANK0   BANK1   BANK3   BANK2
      Params:         4       0       0       0       0
      Locals:         0       4       0       0       0
      Temps:          0       0       0       0       0
      Totals:         4       4       0       0       0
Total ram usage:        8 bytes
 Hardware stack levels used:    1
 Hardware stack levels required when called:    1
 This function calls:
		Nothing
 This function is called by:
		_main
 This function uses a non-reentrant model


 *************** function _LCD_Initialize *****************
 Defined at:
		line 22 in file "lcd.c"
 Parameters:    Size  Location     Type
		None
 Auto vars:     Size  Location     Type
		None
 Return value:  Size  Location     Type
                  1    wreg      void 
 Registers used:
		wreg, status,2, status,0, pclath, cstack
 Tracked objects:
		On entry : 
		On exit  : 
		Unchanged: 
 Data sizes:     COMMON   BANK0   BANK1   BANK3   BANK2
      Params:         0       0       0       0       0
      Locals:         0       0       0       0       0
      Temps:          0       2       0       0       0
      Totals:         0       2       0       0       0
Total ram usage:        2 bytes
 Hardware stack levels used:    1
 Hardware stack levels required when called:    3
 This function calls:
		_LCDCmd
 This function is called by:
		_main
 This function uses a non-reentrant model


 *************** function _LCDStr *****************
 Defined at:
		line 85 in file "lcd.c"
 Parameters:    Size  Location     Type
  str             2    0[BANK0 ] PTR const unsigned char 
		 -> STR_1(18), datos(20), 
 Auto vars:     Size  Location     Type
  i               1    8[COMMON] unsigned char 
 Return value:  Size  Location     Type
                  1    wreg      void 
 Registers used:
		wreg, fsr0l, fsr0h, status,2, status,0, btemp+1, pclath, cstack
 Tracked objects:
		On entry : 
		On exit  : 
		Unchanged: 
 Data sizes:     COMMON   BANK0   BANK1   BANK3   BANK2
      Params:         0       2       0       0       0
      Locals:         1       0       0       0       0
      Temps:          0       0       0       0       0
      Totals:         1       2       0       0       0
Total ram usage:        3 bytes
 Hardware stack levels used:    1
 Hardware stack levels required when called:    3
 This function calls:
		_LCDChar
 This function is called by:
		_main
 This function uses a non-reentrant model


 *************** function _LCDChar *****************
 Defined at:
		line 69 in file "lcd.c"
 Parameters:    Size  Location     Type
  ch              1    wreg     unsigned char 
 Auto vars:     Size  Location     Type
  ch              1    7[COMMON] unsigned char 
 Return value:  Size  Location     Type
                  1    wreg      void 
 Registers used:
		wreg, status,2, status,0, pclath, cstack
 Tracked objects:
		On entry : 
		On exit  : 
		Unchanged: 
 Data sizes:     COMMON   BANK0   BANK1   BANK3   BANK2
      Params:         0       0       0       0       0
      Locals:         1       0       0       0       0
      Temps:          2       0       0       0       0
      Totals:         3       0       0       0       0
Total ram usage:        3 bytes
 Hardware stack levels used:    1
 Hardware stack levels required when called:    2
 This function calls:
		_LCDWrite
 This function is called by:
		_LCDStr
 This function uses a non-reentrant model


 *************** function _LCDGoto *****************
 Defined at:
		line 97 in file "lcd.c"
 Parameters:    Size  Location     Type
  pos             1    wreg     unsigned char 
  ln              1    8[COMMON] unsigned char 
 Auto vars:     Size  Location     Type
  pos             1    4[BANK0 ] unsigned char 
 Return value:  Size  Location     Type
                  1    wreg      void 
 Registers used:
		wreg, status,2, status,0, pclath, cstack
 Tracked objects:
		On entry : 
		On exit  : 
		Unchanged: 
 Data sizes:     COMMON   BANK0   BANK1   BANK3   BANK2
      Params:         1       0       0       0       0
      Locals:         0       3       0       0       0
      Temps:          0       2       0       0       0
      Totals:         1       5       0       0       0
Total ram usage:        6 bytes
 Hardware stack levels used:    1
 Hardware stack levels required when called:    3
 This function calls:
		_LCDCmd
 This function is called by:
		_main
 This function uses a non-reentrant model


 *************** function _LCDCmd *****************
 Defined at:
		line 77 in file "lcd.c"
 Parameters:    Size  Location     Type
  ch              1    wreg     unsigned char 
 Auto vars:     Size  Location     Type
  ch              1    7[COMMON] unsigned char 
 Return value:  Size  Location     Type
                  1    wreg      void 
 Registers used:
		wreg, status,2, status,0, pclath, cstack
 Tracked objects:
		On entry : 
		On exit  : 
		Unchanged: 
 Data sizes:     COMMON   BANK0   BANK1   BANK3   BANK2
      Params:         0       0       0       0       0
      Locals:         1       0       0       0       0
      Temps:          2       0       0       0       0
      Totals:         3       0       0       0       0
Total ram usage:        3 bytes
 Hardware stack levels used:    1
 Hardware stack levels required when called:    2
 This function calls:
		_LCDWrite
 This function is called by:
		_LCD_Initialize
		_LCDGoto
 This function uses a non-reentrant model


 *************** function _LCDWrite *****************
 Defined at:
		line 48 in file "lcd.c"
 Parameters:    Size  Location     Type
  ch              1    wreg     unsigned char 
  rs              1    3[COMMON] unsigned char 
 Auto vars:     Size  Location     Type
  ch              1    4[COMMON] unsigned char 
 Return value:  Size  Location     Type
                  1    wreg      void 
 Registers used:
		wreg, status,2, status,0
 Tracked objects:
		On entry : 
		On exit  : 
		Unchanged: 
 Data sizes:     COMMON   BANK0   BANK1   BANK3   BANK2
      Params:         1       0       0       0       0
      Locals:         1       0       0       0       0
      Temps:          0       0       0       0       0
      Totals:         2       0       0       0       0
Total ram usage:        2 bytes
 Hardware stack levels used:    1
 Hardware stack levels required when called:    1
 This function calls:
		Nothing
 This function is called by:
		_LCDChar
		_LCDCmd
 This function uses a non-reentrant model


 *************** function _CONUSARTM *****************
 Defined at:
		line 4 in file "EUSCON.c"
 Parameters:    Size  Location     Type
  baudrate        4   14[BANK0 ] const long 
 Auto vars:     Size  Location     Type
  p               4    4[COMMON] long 
 Return value:  Size  Location     Type
                  1    wreg      void 
 Registers used:
		wreg, status,2, status,0, btemp+1, pclath, cstack
 Tracked objects:
		On entry : 
		On exit  : 
		Unchanged: 
 Data sizes:     COMMON   BANK0   BANK1   BANK3   BANK2
      Params:         0       4       0       0       0
      Locals:         4       0       0       0       0
      Temps:          0      12       0       0       0
      Totals:         4      16       0       0       0
Total ram usage:       20 bytes
 Hardware stack levels used:    1
 Hardware stack levels required when called:    2
 This function calls:
		___aldiv
 This function is called by:
		_main
 This function uses a non-reentrant model


 *************** function ___aldiv *****************
 Defined at:
		line 5 in file "C:\Program Files\Microchip\xc8\v2.20\pic\sources\c90\common\aldiv.c"
 Parameters:    Size  Location     Type
  divisor         4    0[BANK0 ] long 
  dividend        4    4[BANK0 ] long 
 Auto vars:     Size  Location     Type
  quotient        4   10[BANK0 ] long 
  sign            1    9[BANK0 ] unsigned char 
  counter         1    8[BANK0 ] unsigned char 
 Return value:  Size  Location     Type
                  4    0[BANK0 ] long 
 Registers used:
		wreg, status,2, status,0, btemp+1
 Tracked objects:
		On entry : 
		On exit  : 
		Unchanged: 
 Data sizes:     COMMON   BANK0   BANK1   BANK3   BANK2
      Params:         0       8       0       0       0
      Locals:         0       6       0       0       0
      Temps:          1       0       0       0       0
      Totals:         1      14       0       0       0
Total ram usage:       15 bytes
 Hardware stack levels used:    1
 Hardware stack levels required when called:    1
 This function calls:
		Nothing
 This function is called by:
		_CONUSARTM
 This function uses a non-reentrant model


 *************** function _intac *****************
 Defined at:
		line 34 in file "master.c"
 Parameters:    Size  Location     Type
		None
 Auto vars:     Size  Location     Type
		None
 Return value:  Size  Location     Type
                  1    wreg      void 
 Registers used:
		wreg, fsr0l, fsr0h, status,2, status,0
 Tracked objects:
		On entry : 
		On exit  : 
		Unchanged: 
 Data sizes:     COMMON   BANK0   BANK1   BANK3   BANK2
      Params:         0       0       0       0       0
      Locals:         0       0       0       0       0
      Temps:          3       0       0       0       0
      Totals:         3       0       0       0       0
Total ram usage:        3 bytes
 Hardware stack levels used:    1
 This function calls:
		Nothing
 This function is called by:
		Interrupt level 1
 This function uses a non-reentrant model



MODULE INFORMATION

Module		Function		Class		Link	Load	Size
C:\Program Files\Microchip\xc8\v2.20\pic\sources\c90\common\aldiv.c
		___aldiv       		CODE           	0EA7	0000	158

C:\Program Files\Microchip\xc8\v2.20\pic\sources\c90\common\aldiv.c estimated size: 158

C:\Program Files\Microchip\xc8\v2.20\pic\sources\c90\common\Umul8_16.c
		__Umul8_16     		CODE           	0C41	0000	42

C:\Program Files\Microchip\xc8\v2.20\pic\sources\c90\common\Umul8_16.c estimated size: 42

EUSCON.c
		_CONUSARTM     		CODE           	0E3A	0000	110

EUSCON.c estimated size: 110

C:\Program Files\Microchip\xc8\v2.20\pic\sources\c90\common\xxtofl.c
		___xxtofl      		CODE           	0F44	0000	189

C:\Program Files\Microchip\xc8\v2.20\pic\sources\c90\common\xxtofl.c estimated size: 189

C:\Program Files\Microchip\xc8\v2.20\pic\sources\c90\common\lwmod.c
		___lwmod       		CODE           	0CF6	0000	61

C:\Program Files\Microchip\xc8\v2.20\pic\sources\c90\common\lwmod.c estimated size: 61

spimaster.c
		_spiconm       		CODE           	0BDC	0000	13

spimaster.c estimated size: 13

C:\Program Files\Microchip\xc8\v2.20\pic\sources\c90\common\doprnt.c
		_sprintf       		CODE           	0688	0000	235

C:\Program Files\Microchip\xc8\v2.20\pic\sources\c90\common\doprnt.c estimated size: 235

C:\Program Files\Microchip\xc8\v2.20\pic\sources\c90\common\awmod.c
		___awmod       		CODE           	0D78	0000	90

C:\Program Files\Microchip\xc8\v2.20\pic\sources\c90\common\awmod.c estimated size: 90

shared
		__stringtab    		STRING         	0800	0000	17
		_dpowers       		STRING         	0810	0000	11
		__initialization		CODE           	0011	0000	29

shared estimated size: 57

master.c
		_main          		CODE           	056F	0000	282
		_intac         		CODE           	0C1C	0000	38

master.c estimated size: 320

C:\Program Files\Microchip\xc8\v2.20\pic\sources\c90\common\lwdiv.c
		___lwdiv       		CODE           	0D32	0000	71

C:\Program Files\Microchip\xc8\v2.20\pic\sources\c90\common\lwdiv.c estimated size: 71

C:\Program Files\Microchip\xc8\v2.20\pic\sources\c90\common\fltol.c
		___fltol       		CODE           	0772	0000	125

C:\Program Files\Microchip\xc8\v2.20\pic\sources\c90\common\fltol.c estimated size: 125

lcd.c
		_LCDCmd        		CODE           	07EE	0000	19
		_LCDWrite      		CODE           	0BE8	0000	17
		_LCD_Initialize		CODE           	0C95	0000	49
		_LCDStr        		CODE           	0C6A	0000	44
		_LCDChar       		CODE           	0C09	0000	20
		_LCDGoto       		CODE           	0CC5	0000	50

lcd.c estimated size: 199

configuracion.c
		_inter         		CODE           	0BD2	0000	11
		_setupm1       		CODE           	0BF8	0000	18

configuracion.c estimated size: 29

C:\Program Files\Microchip\xc8\v2.20\pic\sources\c90\common\sprcmul.c
		___flmul       		CODE           	0031	0000	866

C:\Program Files\Microchip\xc8\v2.20\pic\sources\c90\common\sprcmul.c estimated size: 866

C:\Program Files\Microchip\xc8\v2.20\pic\sources\c90\common\sprcdiv.c
		___fldiv       		CODE           	0392	0000	478

C:\Program Files\Microchip\xc8\v2.20\pic\sources\c90\common\sprcdiv.c estimated size: 478

C:\Program Files\Microchip\xc8\v2.20\pic\sources\c90\common\awdiv.c
		___awdiv       		CODE           	0DD1	0000	106

C:\Program Files\Microchip\xc8\v2.20\pic\sources\c90\common\awdiv.c estimated size: 106

