Microchip MPLAB XC8 Compiler V2.20

Linker command line:

-W-3 --edf=C:\Program Files\Microchip\xc8\v2.20\pic\dat\en_msgs.txt -cn \
  -h+dist/default/production\master.X.production.sym \
  --cmf=dist/default/production\master.X.production.cmf -z -Q16F887 \
  -oC:\Users\galic\AppData\Local\Temp\sk7g.2 --defsym=__MPLAB_BUILD=1 \
  -Mdist/default/production/master.X.production.map -E1 -ver=XC8 Compiler \
  --acfsm=1493 -ASTACK=0110h-016Fh -pstack=STACK -ACODE=00h-07FFhx4 \
  -ASTRCODE=00h-01FFFh -ASTRING=00h-0FFhx32 -ACONST=00h-0FFhx32 \
  -AENTRY=00h-0FFhx32 -ACOMMON=070h-07Fh -ABANK0=020h-06Fh \
  -ABANK1=0A0h-0EFh -ABANK2=0110h-016Fh -ABANK3=0190h-01EFh \
  -ARAM=020h-06Fh,0A0h-0EFh,0110h-016Fh,0190h-01EFh \
  -AABS1=020h-07Fh,0A0h-0EFh,0110h-016Fh,0190h-01EFh -ASFR0=00h-01Fh \
  -ASFR1=080h-09Fh -ASFR2=0100h-010Fh -ASFR3=0180h-018Fh \
  -ACONFIG=02007h-02008h -DCONFIG=2 -AIDLOC=02000h-02003h -DIDLOC=2 \
  -preset_vec=00h,intentry=04h,init,end_init -ppowerup=CODE -pcinit=CODE \
  -pfunctab=ENTRY -AEEDATA=00h-0FFh/02100h -peeprom_data=EEDATA -DEEDATA=2 \
  -DCODE=2 -DSTRCODE=2 -DSTRING=2 -DCONST=2 -DENTRY=2 -k \
  C:\Users\galic\AppData\Local\Temp\sk7g.o \
  dist/default/production\master.X.production.o 

Object code version is 3.11

Machine type is 16F887



                Name                               Link     Load   Length Selector   Space Scale
C:\Users\galic\AppData\Local\Temp\sk7g.o
                end_init                              E        E        3        8       0
                reset_vec                             0        0        3        0       0
                config                             2007     2007        2        0       4
dist/default/production\master.X.production.o
                cinit                                11       11       25        8       0
                intentry                              4        4        A        8       0
                config                             2007     2007        2        0       4
                text22                              B69      B69       25     16D2       0
                text21                              DDB      DDB       9D     1BB6       0
                text20                              CF2      CF2       6D     19E4       0
                text19                              AF7      AF7       10     15EE       0
                text18                              B18      B18       12     1630       0
                text17                              C3F      C3F       31     187E       0
                text16                              B2A      B2A       13     1654       0
                text15                              BE2      BE2       2D     17C4       0
                text14                              C0F      C0F       30     181E       0
                text13                              397      397      1DD        8       0
                text12                              B8E      B8E       29     171C       0
                text11                               36       36      361        8       0
                text10                              D5F      D5F       7C     1ABE       0
                text9                               732      732       BC        8       0
                text8                               AE1      AE1        A     15C2       0
                text7                               B07      B07       11     160E       0
                text6                               AEB      AEB        C     15D6       0
                text5                               CAC      CAC       46     1958       0
                text4                               C70      C70       3C     18E0       0
                text3                               BB7      BB7       2B     176E       0
                text2                               7EE      7EE       12        8       0
                text1                               E78      E78      188     1CF0       0
                maintext                            574      574      1BE        8       0
                cstackBANK0                          20       20       43       20       1
                cstackCOMMON                         70       70        8       70       1
                cstackBANK1                          E5       E5        6       A0       1
                clrtext                             AD9      AD9        8     15B2       0
                inittext                            B3D      B3D       13     167A       0
                dataBANK1                            CC       CC       19       A0       1
                bssBANK1                             A0       A0       2C       A0       1
                bssBANK0                             63       63        B       20       1
                bssCOMMON                            78       78        3       70       1
                strings                             800      800       3E     1000       0
                idataBANK1                          B50      B50       19     16A0       0

TOTAL           Name                               Link     Load   Length     Space
        CLASS   STACK          

        CLASS   CODE           
                end_init                              E        E        3         0
                cinit                                11       11       25         0
                intentry                              4        4        A         0
                reset_vec                             0        0        3         0
                text22                              B69      B69       25         0
                text21                              DDB      DDB       9D         0
                text20                              CF2      CF2       6D         0
                text19                              AF7      AF7       10         0
                text18                              B18      B18       12         0
                text17                              C3F      C3F       31         0
                text16                              B2A      B2A       13         0
                text15                              BE2      BE2       2D         0
                text14                              C0F      C0F       30         0
                text13                              397      397      1DD         0
                text12                              B8E      B8E       29         0
                text11                               36       36      361         0
                text10                              D5F      D5F       7C         0
                text9                               732      732       BC         0
                text8                               AE1      AE1        A         0
                text7                               B07      B07       11         0
                text6                               AEB      AEB        C         0
                text5                               CAC      CAC       46         0
                text4                               C70      C70       3C         0
                text3                               BB7      BB7       2B         0
                text2                               7EE      7EE       12         0
                text1                               E78      E78      188         0
                maintext                            574      574      1BE         0
                clrtext                             AD9      AD9        8         0
                inittext                            B3D      B3D       13         0
                idataBANK1                          B50      B50       19         0

        CLASS   STRCODE        

        CLASS   STRING         
                strings                             800      800       3E         0

        CLASS   CONST          

        CLASS   ENTRY          

        CLASS   COMMON         
                cstackCOMMON                         70       70        8         1
                bssCOMMON                            78       78        3         1

        CLASS   BANK0          
                cstackBANK0                          20       20       43         1
                bssBANK0                             63       63        B         1

        CLASS   BANK1          
                cstackBANK1                          E5       E5        6         1
                dataBANK1                            CC       CC       19         1
                bssBANK1                             A0       A0       2C         1

        CLASS   BANK2          

        CLASS   BANK3          

        CLASS   RAM            

        CLASS   ABS1           
                abs_s1                               7E       7E        2         1

        CLASS   SFR0           

        CLASS   SFR1           

        CLASS   SFR2           

        CLASS   SFR3           

        CLASS   CONFIG         
                config                             2007     2007        2         4

        CLASS   IDLOC          

        CLASS   EEDATA         



SEGMENTS        Name                           Load    Length   Top    Selector   Space  Class     Delta

                reset_vec                      000000  000003  000003         0       0  CODE        2
                intentry                       000004  0007FC  000800         8       0  CODE        2
                cstackBANK0                    000020  00004E  00006E        20       1  BANK0       1
                cstackCOMMON                   000070  00000B  00007B        70       1  COMMON      1
                bssBANK1                       0000A0  00004B  0000EB        A0       1  BANK1       1
                strings                        000800  00003E  00083E      1000       0  STRING      2
                clrtext                        000AD9  000008  000AE1      15B2       0  CODE        2
                text8                          000AE1  00000A  000AEB      15C2       0  CODE        2
                text6                          000AEB  00000C  000AF7      15D6       0  CODE        2
                text19                         000AF7  000010  000B07      15EE       0  CODE        2
                text7                          000B07  000011  000B18      160E       0  CODE        2
                text18                         000B18  000012  000B2A      1630       0  CODE        2
                text16                         000B2A  000013  000B3D      1654       0  CODE        2
                inittext                       000B3D  000013  000B50      167A       0  CODE        2
                idataBANK1                     000B50  000019  000B69      16A0       0  CODE        2
                text22                         000B69  000025  000B8E      16D2       0  CODE        2
                text12                         000B8E  000029  000BB7      171C       0  CODE        2
                text3                          000BB7  00002B  000BE2      176E       0  CODE        2
                text15                         000BE2  00002D  000C0F      17C4       0  CODE        2
                text14                         000C0F  000030  000C3F      181E       0  CODE        2
                text17                         000C3F  000031  000C70      187E       0  CODE        2
                text4                          000C70  00003C  000CAC      18E0       0  CODE        2
                text5                          000CAC  000046  000CF2      1958       0  CODE        2
                text20                         000CF2  00006D  000D5F      19E4       0  CODE        2
                text10                         000D5F  00007C  000DDB      1ABE       0  CODE        2
                text21                         000DDB  00009D  000E78      1BB6       0  CODE        2
                text1                          000E78  000188  001000      1CF0       0  CODE        2


UNUSED ADDRESS RANGES

        Name                Unused          Largest block    Delta
        BANK0            006E-006F              2           1
        BANK1            00EB-00EF              5           1
        BANK2            0110-016F             60           1
        BANK3            0190-01EF             60           1
        CODE             0003-0003              1           2
                         083E-0AD8            29B
                         1000-1FFF            800
        COMMON           007B-007D              3           1
        CONST            0003-0003              1           2
                         083E-0AD8            100
                         1000-1FFF            100
        EEDATA           2100-21FF            100           2
        ENTRY            0003-0003              1           2
                         083E-0AD8            100
                         1000-1FFF            100
        IDLOC            2000-2003              4           2
        RAM              006E-006F              2           1
                         00EB-00EF              5
                         0110-016F             60
                         0190-01EF             60
        SFR0             0000-001F             20           1
        SFR1             0080-009F             20           1
        SFR2             0100-010F             10           1
        SFR3             0180-018F             10           1
        STACK            0110-016F             60           1
        STRCODE          0003-0003              1           2
                         083E-0AD8            29B
                         1000-1FFF           1000
        STRING           0003-0003              1           2
                         083E-0AD8            100
                         1000-1FFF            100

                                  Symbol Table

?__Umul8_16              cstackCOMMON 0073
?___aldiv                cstackBANK0  0020
?___fldiv                cstackBANK0  003F
?___flmul                cstackBANK0  0025
?___fltol                cstackBANK0  0059
?___lwdiv                cstackCOMMON 0073
?___lwmod                cstackBANK0  0023
?___wmul                 cstackCOMMON 0073
?___xxtofl               cstackCOMMON 0073
?_sprintf                cstackBANK0  0027
CONUSARTM@baudrate       cstackBANK0  002E
CONUSARTM@p              cstackCOMMON 0074
LCDChar@ch               cstackCOMMON 0077
LCDCmd@ch                cstackCOMMON 0077
LCDGoto@ln               cstackBANK0  0020
LCDGoto@pos              cstackBANK0  0025
LCDStr@i                 cstackBANK0  0022
LCDStr@str               cstackBANK0  0020
LCDWrite@ch              cstackCOMMON 0074
LCDWrite@rs              cstackCOMMON 0073
_ANSEL                   (abs)        0188
_ANSELH                  (abs)        0189
_BAUDCTLbits             (abs)        0187
_CONUSARTM               text20       0CF2
_INTCONbits              (abs)        000B
_LCDChar                 text16       0B2A
_LCDCmd                  text18       0B18
_LCDGoto                 text17       0C3F
_LCDGoto$314             cstackBANK0  0023
_LCDStr                  text15       0BE2
_LCDWrite                text19       0AF7
_LCD_Initialize          text14       0C0F
_PIE1bits                (abs)        008C
_PIR1bits                (abs)        000C
_PORTA                   (abs)        0005
_PORTB                   (abs)        0006
_PORTCbits               (abs)        0007
_PORTD                   (abs)        0008
_PORTE                   (abs)        0009
_PORTEbits               (abs)        0009
_RCSTA                   (abs)        0018
_SPBRG                   (abs)        0099
_SSPBUF                  (abs)        0013
_SSPCON                  (abs)        0014
_SSPSTAT                 (abs)        0094
_SSPSTATbits             (abs)        0094
_TRISA                   (abs)        0085
_TRISB                   (abs)        0086
_TRISCbits               (abs)        0087
_TRISD                   (abs)        0088
_TRISE                   (abs)        0089
_TXREG                   (abs)        0019
_TXSTA                   (abs)        0098
__Habs1                  abs1         0000
__Hbank0                 bank0        0000
__Hbank1                 bank1        0000
__Hbank2                 bank2        0000
__Hbank3                 bank3        0000
__HbssBANK0              bssBANK0     0000
__HbssBANK1              bssBANK1     0000
__HbssCOMMON             bssCOMMON    0000
__Hcinit                 cinit        0036
__Hclrtext               clrtext      0000
__Hcode                  code         0000
__Hcommon                common       0000
__Hconfig                config       2009
__HcstackBANK0           cstackBANK0  0000
__HcstackBANK1           cstackBANK1  0000
__HcstackCOMMON          cstackCOMMON 0000
__HdataBANK1             dataBANK1    0000
__Heeprom_data           eeprom_data  0000
__Hend_init              end_init     0011
__Hfunctab               functab      0000
__HidataBANK1            idataBANK1   0000
__Hinit                  init         000E
__Hinittext              inittext     0000
__Hintentry              intentry     000E
__Hmaintext              maintext     0000
__Hpowerup               powerup      0000
__Hram                   ram          0000
__Hreset_vec             reset_vec    0003
__Hsfr0                  sfr0         0000
__Hsfr1                  sfr1         0000
__Hsfr2                  sfr2         0000
__Hsfr3                  sfr3         0000
__Hspace_0               (abs)        1000
__Hspace_1               (abs)        00EB
__Hspace_2               (abs)        0000
__Hspace_3               (abs)        0000
__Hspace_4               (abs)        4010
__Hstack                 stack        0000
__Hstrings               strings      0000
__Htext                  text         0000
__Labs1                  abs1         0000
__Lbank0                 bank0        0000
__Lbank1                 bank1        0000
__Lbank2                 bank2        0000
__Lbank3                 bank3        0000
__LbssBANK0              bssBANK0     0000
__LbssBANK1              bssBANK1     0000
__LbssCOMMON             bssCOMMON    0000
__Lcinit                 cinit        0011
__Lclrtext               clrtext      0000
__Lcode                  code         0000
__Lcommon                common       0000
__Lconfig                config       0000
__LcstackBANK0           cstackBANK0  0000
__LcstackBANK1           cstackBANK1  0000
__LcstackCOMMON          cstackCOMMON 0000
__LdataBANK1             dataBANK1    0000
__Leeprom_data           eeprom_data  0000
__Lend_init              end_init     000E
__Lfunctab               functab      0000
__LidataBANK1            idataBANK1   0000
__Linit                  init         000E
__Linittext              inittext     0000
__Lintentry              intentry     0004
__Lmaintext              maintext     0000
__Lpowerup               powerup      0000
__Lram                   ram          0000
__Lreset_vec             reset_vec    0000
__Lsfr0                  sfr0         0000
__Lsfr1                  sfr1         0000
__Lsfr2                  sfr2         0000
__Lsfr3                  sfr3         0000
__Lspace_0               (abs)        0000
__Lspace_1               (abs)        0000
__Lspace_2               (abs)        0000
__Lspace_3               (abs)        0000
__Lspace_4               (abs)        0000
__Lstack                 stack        0000
__Lstrings               strings      0000
__Ltext                  text         0000
__S0                     (abs)        1000
__S1                     (abs)        00EB
__S2                     (abs)        0000
__S3                     (abs)        0000
__Umul8_16               text12       0B8E
__Umul8_16@multiplicand  cstackCOMMON 0073
__Umul8_16@multiplier    cstackBANK0  0024
__Umul8_16@product       cstackBANK0  0020
__Umul8_16@word_mpld     cstackBANK0  0022
___aldiv                 text21       0DDB
___aldiv@counter         cstackBANK0  0028
___aldiv@dividend        cstackBANK0  0024
___aldiv@divisor         cstackBANK0  0020
___aldiv@quotient        cstackBANK0  002A
___aldiv@sign            cstackBANK0  0029
___fldiv                 text13       0397
___fldiv@a               cstackBANK0  003F
___fldiv@aexp            cstackBANK0  0058
___fldiv@b               cstackBANK0  0043
___fldiv@bexp            cstackBANK0  0057
___fldiv@grs             cstackBANK0  0053
___fldiv@new_exp         cstackBANK0  0051
___fldiv@rem             cstackBANK0  004C
___fldiv@sign            cstackBANK0  0050
___flmul                 text11       0036
___flmul@a               cstackBANK0  0029
___flmul@aexp            cstackBANK0  0037
___flmul@b               cstackBANK0  0025
___flmul@bexp            cstackBANK0  0038
___flmul@grs             cstackBANK0  0033
___flmul@prod            cstackBANK0  0039
___flmul@sign            cstackBANK0  0032
___flmul@temp            cstackBANK0  003D
___fltol                 text10       0D5F
___fltol@exp1            cstackBANK0  0062
___fltol@f1              cstackBANK0  0059
___fltol@sign1           cstackBANK0  0061
___int_sp                stack        0000
___latbits               (abs)        0002
___lwdiv                 text5        0CAC
___lwdiv@counter         cstackBANK0  0020
___lwdiv@dividend        cstackCOMMON 0075
___lwdiv@divisor         cstackCOMMON 0073
___lwdiv@quotient        cstackBANK0  0021
___lwmod                 text4        0C70
___lwmod@counter         cstackCOMMON 0077
___lwmod@dividend        cstackBANK0  0025
___lwmod@divisor         cstackBANK0  0023
___sp                    stack        0000
___stackhi               (abs)        0000
___stacklo               (abs)        0000
___wmul                  text3        0BB7
___wmul@multiplicand     cstackCOMMON 0075
___wmul@multiplier       cstackCOMMON 0073
___wmul@product          cstackBANK0  0020
___xxtofl                text9        0732
___xxtofl@arg            cstackBANK0  0026
___xxtofl@exp            cstackBANK0  0025
___xxtofl@sign           cstackBANK0  0024
___xxtofl@val            cstackCOMMON 0073
__end_of_CONUSARTM       text20       0D5F
__end_of_LCDChar         text16       0B3D
__end_of_LCDCmd          text18       0B2A
__end_of_LCDGoto         text17       0C70
__end_of_LCDStr          text15       0C0F
__end_of_LCDWrite        text19       0B07
__end_of_LCD_Initialize  text14       0C3F
__end_of__Umul8_16       text12       0BB7
__end_of___aldiv         text21       0E78
__end_of___fldiv         text13       0574
__end_of___flmul         text11       0397
__end_of___fltol         text10       0DDB
__end_of___lwdiv         text5        0CF2
__end_of___lwmod         text4        0CAC
__end_of___wmul          text3        0BE2
__end_of___xxtofl        text9        07EE
__end_of__initialization cinit        0032
__end_of__stringtab      strings      0810
__end_of_dpowers         strings      081A
__end_of_intac           text22       0B8E
__end_of_inter           text8        0AEB
__end_of_isdigit         text2        0800
__end_of_main            maintext     0732
__end_of_setupm1         text7        0B18
__end_of_spiconm         text6        0AF7
__end_of_sprintf         text1        1000
__initialization         cinit        0011
__pbssBANK0              bssBANK0     0063
__pbssBANK1              bssBANK1     00A0
__pbssCOMMON             bssCOMMON    0078
__pcstackBANK0           cstackBANK0  0020
__pcstackBANK1           cstackBANK1  00E5
__pcstackCOMMON          cstackCOMMON 0070
__pdataBANK1             dataBANK1    00CC
__pidataBANK1            idataBANK1   0B50
__pintentry              intentry     0004
__pmaintext              maintext     0574
__pstrings               strings      0800
__ptext1                 text1        0E78
__ptext10                text10       0D5F
__ptext11                text11       0036
__ptext12                text12       0B8E
__ptext13                text13       0397
__ptext14                text14       0C0F
__ptext15                text15       0BE2
__ptext16                text16       0B2A
__ptext17                text17       0C3F
__ptext18                text18       0B18
__ptext19                text19       0AF7
__ptext2                 text2        07EE
__ptext20                text20       0CF2
__ptext21                text21       0DDB
__ptext22                text22       0B69
__ptext3                 text3        0BB7
__ptext4                 text4        0C70
__ptext5                 text5        0CAC
__ptext6                 text6        0AEB
__ptext7                 text7        0B07
__ptext8                 text8        0AE1
__ptext9                 text9        0732
__size_of_CONUSARTM      (abs)        0000
__size_of_LCDChar        (abs)        0000
__size_of_LCDCmd         (abs)        0000
__size_of_LCDGoto        (abs)        0000
__size_of_LCDStr         (abs)        0000
__size_of_LCDWrite       (abs)        0000
__size_of_LCD_Initialize (abs)        0000
__size_of__Umul8_16      (abs)        0000
__size_of___aldiv        (abs)        0000
__size_of___fldiv        (abs)        0000
__size_of___flmul        (abs)        0000
__size_of___fltol        (abs)        0000
__size_of___lwdiv        (abs)        0000
__size_of___lwmod        (abs)        0000
__size_of___wmul         (abs)        0000
__size_of___xxtofl       (abs)        0000
__size_of_intac          (abs)        0000
__size_of_inter          (abs)        0000
__size_of_isdigit        (abs)        0000
__size_of_main           (abs)        0000
__size_of_setupm1        (abs)        0000
__size_of_spiconm        (abs)        0000
__size_of_sprintf        (abs)        0000
__stringbase             strings      080F
__stringtab              strings      0800
_contador2               bssBANK0     006A
_datos                   bssBANK1     00B8
_digitos                 bssBANK0     0063
_divisor                 bssBANK1     00B4
_dpowers                 strings      0810
_i                       bssBANK0     0068
_incre                   bssCOMMON    0078
_intac                   text22       0B69
_inter                   text8        0AE1
_isdigit                 text2        07EE
_isdigit$907             cstackCOMMON 0073
_main                    maintext     0574
_setupm1                 text7        0B07
_spiconm                 text6        0AEB
_sprintf                 text1        0E78
_temperatura             bssBANK0     0066
_voltage_int1            bssBANK0     006C
btemp                    (abs)        007E
clear_ram0               clrtext      0AD9
end_of_initialization    cinit        0032
init_fetch0              inittext     0B3D
init_ram0                inittext     0B41
interrupt_function       intentry     0004
intlevel0                functab      0000
intlevel1                functab      0000
intlevel2                functab      0000
intlevel3                functab      0000
intlevel4                functab      0000
intlevel5                functab      0000
isdigit@c                cstackCOMMON 0074
reset_vec                reset_vec    0000
saved_w                  (abs)        007E
sprintf@ap               cstackBANK0  0035
sprintf@c                cstackBANK0  003D
sprintf@f                cstackBANK0  0027
sprintf@flag             cstackBANK0  0037
sprintf@prec             cstackBANK0  0036
sprintf@sp               cstackBANK0  003A
sprintf@val              cstackBANK0  0038
sprintf@width            cstackBANK0  003B
start                    init         000E
start_initialization     cinit        0011
wtemp0                   (abs)        007E


FUNCTION INFORMATION:

 *************** function _main *****************
 Defined at:
		line 44 in file "master.c"
 Parameters:    Size  Location     Type
		None
 Auto vars:     Size  Location     Type
		None
 Return value:  Size  Location     Type
                  1    wreg      void 
 Registers used:
		wreg, fsr0l, fsr0h, status,2, status,0, btemp+1, pclath, cstack
 Tracked objects:
		On entry : 
		On exit  : 
		Unchanged: 
 Data sizes:     COMMON   BANK0   BANK1   BANK3   BANK2
      Params:         0       0       0       0       0
      Locals:         0       0       0       0       0
      Temps:          0       0       6       0       0
      Totals:         0       0       6       0       0
Total ram usage:        6 bytes
 Hardware stack levels required when called:    4
 This function calls:
		_CONUSARTM
		_LCDGoto
		_LCDStr
		_LCD_Initialize
		___fldiv
		___flmul
		___fltol
		___lwdiv
		___lwmod
		___xxtofl
		_inter
		_setupm1
		_spiconm
		_sprintf
 This function is called by:
		Startup code after reset
 This function uses a non-reentrant model


 *************** function _sprintf *****************
 Defined at:
		line 505 in file "C:\Program Files\Microchip\xc8\v2.20\pic\sources\c90\common\doprnt.c"
 Parameters:    Size  Location     Type
  sp              1    wreg     PTR unsigned char 
		 -> datos(20), 
  f               1    7[BANK0 ] PTR const unsigned char 
		 -> STR_1(19), 
 Auto vars:     Size  Location     Type
  sp              1   26[BANK0 ] PTR unsigned char 
		 -> datos(20), 
  tmpval          4    0        struct .
  width           2   27[BANK0 ] int 
  val             2   24[BANK0 ] unsigned int 
  cp              2    0        PTR const unsigned char 
  len             2    0        unsigned int 
  c               1   29[BANK0 ] unsigned char 
  flag            1   23[BANK0 ] unsigned char 
  prec            1   22[BANK0 ] char 
  ap              1   21[BANK0 ] PTR void [1]
		 -> ?_sprintf(2), 
 Return value:  Size  Location     Type
                  2    7[BANK0 ] int 
 Registers used:
		wreg, fsr0l, fsr0h, status,2, status,0, btemp+1, pclath, cstack
 Tracked objects:
		On entry : 
		On exit  : 
		Unchanged: 
 Data sizes:     COMMON   BANK0   BANK1   BANK3   BANK2
      Params:         0      11       0       0       0
      Locals:         0       9       0       0       0
      Temps:          0       3       0       0       0
      Totals:         0      23       0       0       0
Total ram usage:       23 bytes
 Hardware stack levels used:    1
 Hardware stack levels required when called:    2
 This function calls:
		___lwdiv
		___lwmod
		___wmul
		_isdigit
 This function is called by:
		_main
 This function uses a non-reentrant model


 *************** function _isdigit *****************
 Defined at:
		line 8 in file "C:\Program Files\Microchip\xc8\v2.20\pic\sources\c90\common\isdigit.c"
 Parameters:    Size  Location     Type
  c               1    wreg     unsigned char 
 Auto vars:     Size  Location     Type
  c               1    4[COMMON] unsigned char 
 Return value:  Size  Location     Type
		None               void
 Registers used:
		wreg, status,2, status,0
 Tracked objects:
		On entry : 
		On exit  : 
		Unchanged: 
 Data sizes:     COMMON   BANK0   BANK1   BANK3   BANK2
      Params:         0       0       0       0       0
      Locals:         2       0       0       0       0
      Temps:          0       0       0       0       0
      Totals:         2       0       0       0       0
Total ram usage:        2 bytes
 Hardware stack levels used:    1
 Hardware stack levels required when called:    1
 This function calls:
		Nothing
 This function is called by:
		_sprintf
 This function uses a non-reentrant model


 *************** function ___wmul *****************
 Defined at:
		line 15 in file "C:\Program Files\Microchip\xc8\v2.20\pic\sources\c90\common\Umul16.c"
 Parameters:    Size  Location     Type
  multiplier      2    3[COMMON] unsigned int 
  multiplicand    2    5[COMMON] unsigned int 
 Auto vars:     Size  Location     Type
  product         2    0[BANK0 ] unsigned int 
 Return value:  Size  Location     Type
                  2    3[COMMON] unsigned int 
 Registers used:
		wreg, status,2, status,0
 Tracked objects:
		On entry : 
		On exit  : 
		Unchanged: 
 Data sizes:     COMMON   BANK0   BANK1   BANK3   BANK2
      Params:         4       0       0       0       0
      Locals:         0       2       0       0       0
      Temps:          0       0       0       0       0
      Totals:         4       2       0       0       0
Total ram usage:        6 bytes
 Hardware stack levels used:    1
 Hardware stack levels required when called:    1
 This function calls:
		Nothing
 This function is called by:
		_sprintf
 This function uses a non-reentrant model


 *************** function ___lwmod *****************
 Defined at:
		line 5 in file "C:\Program Files\Microchip\xc8\v2.20\pic\sources\c90\common\lwmod.c"
 Parameters:    Size  Location     Type
  divisor         2    3[BANK0 ] unsigned int 
  dividend        2    5[BANK0 ] unsigned int 
 Auto vars:     Size  Location     Type
  counter         1    7[COMMON] unsigned char 
 Return value:  Size  Location     Type
                  2    3[BANK0 ] unsigned int 
 Registers used:
		wreg, status,2, status,0, btemp+1
 Tracked objects:
		On entry : 
		On exit  : 
		Unchanged: 
 Data sizes:     COMMON   BANK0   BANK1   BANK3   BANK2
      Params:         0       4       0       0       0
      Locals:         1       0       0       0       0
      Temps:          0       0       0       0       0
      Totals:         1       4       0       0       0
Total ram usage:        5 bytes
 Hardware stack levels used:    1
 Hardware stack levels required when called:    1
 This function calls:
		Nothing
 This function is called by:
		_main
		_sprintf
 This function uses a non-reentrant model


 *************** function ___lwdiv *****************
 Defined at:
		line 5 in file "C:\Program Files\Microchip\xc8\v2.20\pic\sources\c90\common\lwdiv.c"
 Parameters:    Size  Location     Type
  divisor         2    3[COMMON] unsigned int 
  dividend        2    5[COMMON] unsigned int 
 Auto vars:     Size  Location     Type
  quotient        2    1[BANK0 ] unsigned int 
  counter         1    0[BANK0 ] unsigned char 
 Return value:  Size  Location     Type
                  2    3[COMMON] unsigned int 
 Registers used:
		wreg, status,2, status,0, btemp+1
 Tracked objects:
		On entry : 
		On exit  : 
		Unchanged: 
 Data sizes:     COMMON   BANK0   BANK1   BANK3   BANK2
      Params:         4       0       0       0       0
      Locals:         0       3       0       0       0
      Temps:          0       0       0       0       0
      Totals:         4       3       0       0       0
Total ram usage:        7 bytes
 Hardware stack levels used:    1
 Hardware stack levels required when called:    1
 This function calls:
		Nothing
 This function is called by:
		_main
		_sprintf
 This function uses a non-reentrant model


 *************** function _spiconm *****************
 Defined at:
		line 3 in file "spimaster.c"
 Parameters:    Size  Location     Type
		None
 Auto vars:     Size  Location     Type
		None
 Return value:  Size  Location     Type
                  1    wreg      void 
 Registers used:
		wreg, status,2
 Tracked objects:
		On entry : 
		On exit  : 
		Unchanged: 
 Data sizes:     COMMON   BANK0   BANK1   BANK3   BANK2
      Params:         0       0       0       0       0
      Locals:         0       0       0       0       0
      Temps:          0       0       0       0       0
      Totals:         0       0       0       0       0
Total ram usage:        0 bytes
 Hardware stack levels used:    1
 Hardware stack levels required when called:    1
 This function calls:
		Nothing
 This function is called by:
		_main
 This function uses a non-reentrant model


 *************** function _setupm1 *****************
 Defined at:
		line 26 in file "configuracion.c"
 Parameters:    Size  Location     Type
		None
 Auto vars:     Size  Location     Type
		None
 Return value:  Size  Location     Type
                  1    wreg      void 
 Registers used:
		status,2
 Tracked objects:
		On entry : 
		On exit  : 
		Unchanged: 
 Data sizes:     COMMON   BANK0   BANK1   BANK3   BANK2
      Params:         0       0       0       0       0
      Locals:         0       0       0       0       0
      Temps:          0       0       0       0       0
      Totals:         0       0       0       0       0
Total ram usage:        0 bytes
 Hardware stack levels used:    1
 Hardware stack levels required when called:    1
 This function calls:
		Nothing
 This function is called by:
		_main
 This function uses a non-reentrant model


 *************** function _inter *****************
 Defined at:
		line 38 in file "configuracion.c"
 Parameters:    Size  Location     Type
		None
 Auto vars:     Size  Location     Type
		None
 Return value:  Size  Location     Type
                  1    wreg      void 
 Registers used:
		None
 Tracked objects:
		On entry : 
		On exit  : 
		Unchanged: 
 Data sizes:     COMMON   BANK0   BANK1   BANK3   BANK2
      Params:         0       0       0       0       0
      Locals:         0       0       0       0       0
      Temps:          0       0       0       0       0
      Totals:         0       0       0       0       0
Total ram usage:        0 bytes
 Hardware stack levels used:    1
 Hardware stack levels required when called:    1
 This function calls:
		Nothing
 This function is called by:
		_main
 This function uses a non-reentrant model


 *************** function ___xxtofl *****************
 Defined at:
		line 10 in file "C:\Program Files\Microchip\xc8\v2.20\pic\sources\c90\common\xxtofl.c"
 Parameters:    Size  Location     Type
  sign            1    wreg     unsigned char 
  val             4    3[COMMON] long 
 Auto vars:     Size  Location     Type
  sign            1    4[BANK0 ] unsigned char 
  arg             4    6[BANK0 ] unsigned long 
  exp             1    5[BANK0 ] unsigned char 
 Return value:  Size  Location     Type
                  4    3[COMMON] unsigned char 
 Registers used:
		wreg, status,2, status,0, btemp+1
 Tracked objects:
		On entry : 
		On exit  : 
		Unchanged: 
 Data sizes:     COMMON   BANK0   BANK1   BANK3   BANK2
      Params:         4       0       0       0       0
      Locals:         0       6       0       0       0
      Temps:          0       4       0       0       0
      Totals:         4      10       0       0       0
Total ram usage:       14 bytes
 Hardware stack levels used:    1
 Hardware stack levels required when called:    1
 This function calls:
		Nothing
 This function is called by:
		_main
 This function uses a non-reentrant model


 *************** function ___fltol *****************
 Defined at:
		line 43 in file "C:\Program Files\Microchip\xc8\v2.20\pic\sources\c90\common\fltol.c"
 Parameters:    Size  Location     Type
  f1              4   57[BANK0 ] unsigned char 
 Auto vars:     Size  Location     Type
  exp1            1   66[BANK0 ] unsigned char 
  sign1           1   65[BANK0 ] unsigned char 
 Return value:  Size  Location     Type
                  4   57[BANK0 ] long 
 Registers used:
		wreg, status,2, status,0, btemp+1
 Tracked objects:
		On entry : 
		On exit  : 
		Unchanged: 
 Data sizes:     COMMON   BANK0   BANK1   BANK3   BANK2
      Params:         0       4       0       0       0
      Locals:         0       2       0       0       0
      Temps:          0       4       0       0       0
      Totals:         0      10       0       0       0
Total ram usage:       10 bytes
 Hardware stack levels used:    1
 Hardware stack levels required when called:    1
 This function calls:
		Nothing
 This function is called by:
		_main
 This function uses a non-reentrant model


 *************** function ___flmul *****************
 Defined at:
		line 8 in file "C:\Program Files\Microchip\xc8\v2.20\pic\sources\c90\common\sprcmul.c"
 Parameters:    Size  Location     Type
  b               4    5[BANK0 ] long 
  a               4    9[BANK0 ] long 
 Auto vars:     Size  Location     Type
  prod            4   25[BANK0 ] struct .
  grs             4   19[BANK0 ] unsigned long 
  temp            2   29[BANK0 ] struct .
  bexp            1   24[BANK0 ] unsigned char 
  aexp            1   23[BANK0 ] unsigned char 
  sign            1   18[BANK0 ] unsigned char 
 Return value:  Size  Location     Type
                  4    5[BANK0 ] unsigned char 
 Registers used:
		wreg, status,2, status,0, btemp+1, pclath, cstack
 Tracked objects:
		On entry : 
		On exit  : 
		Unchanged: 
 Data sizes:     COMMON   BANK0   BANK1   BANK3   BANK2
      Params:         0       8       0       0       0
      Locals:         0      13       0       0       0
      Temps:          0       5       0       0       0
      Totals:         0      26       0       0       0
Total ram usage:       26 bytes
 Hardware stack levels used:    1
 Hardware stack levels required when called:    2
 This function calls:
		__Umul8_16
 This function is called by:
		_main
 This function uses a non-reentrant model


 *************** function __Umul8_16 *****************
 Defined at:
		line 4 in file "C:\Program Files\Microchip\xc8\v2.20\pic\sources\c90\common\Umul8_16.c"
 Parameters:    Size  Location     Type
  multiplier      1    wreg     unsigned char 
  multiplicand    1    3[COMMON] unsigned char 
 Auto vars:     Size  Location     Type
  multiplier      1    4[BANK0 ] unsigned char 
  word_mpld       2    2[BANK0 ] unsigned int 
  product         2    0[BANK0 ] unsigned int 
 Return value:  Size  Location     Type
                  2    3[COMMON] unsigned int 
 Registers used:
		wreg, status,2, status,0
 Tracked objects:
		On entry : 
		On exit  : 
		Unchanged: 
 Data sizes:     COMMON   BANK0   BANK1   BANK3   BANK2
      Params:         2       0       0       0       0
      Locals:         0       5       0       0       0
      Temps:          2       0       0       0       0
      Totals:         4       5       0       0       0
Total ram usage:        9 bytes
 Hardware stack levels used:    1
 Hardware stack levels required when called:    1
 This function calls:
		Nothing
 This function is called by:
		___flmul
 This function uses a non-reentrant model


 *************** function ___fldiv *****************
 Defined at:
		line 8 in file "C:\Program Files\Microchip\xc8\v2.20\pic\sources\c90\common\sprcdiv.c"
 Parameters:    Size  Location     Type
  a               4   31[BANK0 ] unsigned int 
  b               4   35[BANK0 ] unsigned int 
 Auto vars:     Size  Location     Type
  grs             4   51[BANK0 ] unsigned long 
  rem             4   44[BANK0 ] unsigned long 
  new_exp         2   49[BANK0 ] int 
  aexp            1   56[BANK0 ] unsigned char 
  bexp            1   55[BANK0 ] unsigned char 
  sign            1   48[BANK0 ] unsigned char 
 Return value:  Size  Location     Type
                  4   31[BANK0 ] unsigned char 
 Registers used:
		wreg, status,2, status,0, btemp+1
 Tracked objects:
		On entry : 
		On exit  : 
		Unchanged: 
 Data sizes:     COMMON   BANK0   BANK1   BANK3   BANK2
      Params:         0       8       0       0       0
      Locals:         0      13       0       0       0
      Temps:          0       5       0       0       0
      Totals:         0      26       0       0       0
Total ram usage:       26 bytes
 Hardware stack levels used:    1
 Hardware stack levels required when called:    1
 This function calls:
		Nothing
 This function is called by:
		_main
 This function uses a non-reentrant model


 *************** function _LCD_Initialize *****************
 Defined at:
		line 22 in file "lcd.c"
 Parameters:    Size  Location     Type
		None
 Auto vars:     Size  Location     Type
		None
 Return value:  Size  Location     Type
                  1    wreg      void 
 Registers used:
		wreg, status,2, status,0, pclath, cstack
 Tracked objects:
		On entry : 
		On exit  : 
		Unchanged: 
 Data sizes:     COMMON   BANK0   BANK1   BANK3   BANK2
      Params:         0       0       0       0       0
      Locals:         0       0       0       0       0
      Temps:          0       2       0       0       0
      Totals:         0       2       0       0       0
Total ram usage:        2 bytes
 Hardware stack levels used:    1
 Hardware stack levels required when called:    3
 This function calls:
		_LCDCmd
 This function is called by:
		_main
 This function uses a non-reentrant model


 *************** function _LCDStr *****************
 Defined at:
		line 85 in file "lcd.c"
 Parameters:    Size  Location     Type
  str             2    0[BANK0 ] PTR const unsigned char 
		 -> STR_2(17), datos(20), 
 Auto vars:     Size  Location     Type
  i               1    2[BANK0 ] unsigned char 
 Return value:  Size  Location     Type
                  1    wreg      void 
 Registers used:
		wreg, fsr0l, fsr0h, status,2, status,0, btemp+1, pclath, cstack
 Tracked objects:
		On entry : 
		On exit  : 
		Unchanged: 
 Data sizes:     COMMON   BANK0   BANK1   BANK3   BANK2
      Params:         0       2       0       0       0
      Locals:         0       1       0       0       0
      Temps:          0       0       0       0       0
      Totals:         0       3       0       0       0
Total ram usage:        3 bytes
 Hardware stack levels used:    1
 Hardware stack levels required when called:    3
 This function calls:
		_LCDChar
 This function is called by:
		_main
 This function uses a non-reentrant model


 *************** function _LCDChar *****************
 Defined at:
		line 69 in file "lcd.c"
 Parameters:    Size  Location     Type
  ch              1    wreg     unsigned char 
 Auto vars:     Size  Location     Type
  ch              1    7[COMMON] unsigned char 
 Return value:  Size  Location     Type
                  1    wreg      void 
 Registers used:
		wreg, status,2, status,0, pclath, cstack
 Tracked objects:
		On entry : 
		On exit  : 
		Unchanged: 
 Data sizes:     COMMON   BANK0   BANK1   BANK3   BANK2
      Params:         0       0       0       0       0
      Locals:         1       0       0       0       0
      Temps:          2       0       0       0       0
      Totals:         3       0       0       0       0
Total ram usage:        3 bytes
 Hardware stack levels used:    1
 Hardware stack levels required when called:    2
 This function calls:
		_LCDWrite
 This function is called by:
		_LCDStr
 This function uses a non-reentrant model


 *************** function _LCDGoto *****************
 Defined at:
		line 97 in file "lcd.c"
 Parameters:    Size  Location     Type
  pos             1    wreg     unsigned char 
  ln              1    0[BANK0 ] unsigned char 
 Auto vars:     Size  Location     Type
  pos             1    5[BANK0 ] unsigned char 
 Return value:  Size  Location     Type
                  1    wreg      void 
 Registers used:
		wreg, status,2, status,0, pclath, cstack
 Tracked objects:
		On entry : 
		On exit  : 
		Unchanged: 
 Data sizes:     COMMON   BANK0   BANK1   BANK3   BANK2
      Params:         0       1       0       0       0
      Locals:         0       3       0       0       0
      Temps:          0       2       0       0       0
      Totals:         0       6       0       0       0
Total ram usage:        6 bytes
 Hardware stack levels used:    1
 Hardware stack levels required when called:    3
 This function calls:
		_LCDCmd
 This function is called by:
		_main
 This function uses a non-reentrant model


 *************** function _LCDCmd *****************
 Defined at:
		line 77 in file "lcd.c"
 Parameters:    Size  Location     Type
  ch              1    wreg     unsigned char 
 Auto vars:     Size  Location     Type
  ch              1    7[COMMON] unsigned char 
 Return value:  Size  Location     Type
                  1    wreg      void 
 Registers used:
		wreg, status,2, status,0, pclath, cstack
 Tracked objects:
		On entry : 
		On exit  : 
		Unchanged: 
 Data sizes:     COMMON   BANK0   BANK1   BANK3   BANK2
      Params:         0       0       0       0       0
      Locals:         1       0       0       0       0
      Temps:          2       0       0       0       0
      Totals:         3       0       0       0       0
Total ram usage:        3 bytes
 Hardware stack levels used:    1
 Hardware stack levels required when called:    2
 This function calls:
		_LCDWrite
 This function is called by:
		_LCD_Initialize
		_LCDGoto
 This function uses a non-reentrant model


 *************** function _LCDWrite *****************
 Defined at:
		line 48 in file "lcd.c"
 Parameters:    Size  Location     Type
  ch              1    wreg     unsigned char 
  rs              1    3[COMMON] unsigned char 
 Auto vars:     Size  Location     Type
  ch              1    4[COMMON] unsigned char 
 Return value:  Size  Location     Type
                  1    wreg      void 
 Registers used:
		wreg, status,2, status,0
 Tracked objects:
		On entry : 
		On exit  : 
		Unchanged: 
 Data sizes:     COMMON   BANK0   BANK1   BANK3   BANK2
      Params:         1       0       0       0       0
      Locals:         1       0       0       0       0
      Temps:          0       0       0       0       0
      Totals:         2       0       0       0       0
Total ram usage:        2 bytes
 Hardware stack levels used:    1
 Hardware stack levels required when called:    1
 This function calls:
		Nothing
 This function is called by:
		_LCDChar
		_LCDCmd
 This function uses a non-reentrant model


 *************** function _CONUSARTM *****************
 Defined at:
		line 4 in file "EUSCON.c"
 Parameters:    Size  Location     Type
  baudrate        4   14[BANK0 ] const long 
 Auto vars:     Size  Location     Type
  p               4    4[COMMON] long 
 Return value:  Size  Location     Type
                  1    wreg      void 
 Registers used:
		wreg, status,2, status,0, btemp+1, pclath, cstack
 Tracked objects:
		On entry : 
		On exit  : 
		Unchanged: 
 Data sizes:     COMMON   BANK0   BANK1   BANK3   BANK2
      Params:         0       4       0       0       0
      Locals:         4       0       0       0       0
      Temps:          0      12       0       0       0
      Totals:         4      16       0       0       0
Total ram usage:       20 bytes
 Hardware stack levels used:    1
 Hardware stack levels required when called:    2
 This function calls:
		___aldiv
 This function is called by:
		_main
 This function uses a non-reentrant model


 *************** function ___aldiv *****************
 Defined at:
		line 5 in file "C:\Program Files\Microchip\xc8\v2.20\pic\sources\c90\common\aldiv.c"
 Parameters:    Size  Location     Type
  divisor         4    0[BANK0 ] long 
  dividend        4    4[BANK0 ] long 
 Auto vars:     Size  Location     Type
  quotient        4   10[BANK0 ] long 
  sign            1    9[BANK0 ] unsigned char 
  counter         1    8[BANK0 ] unsigned char 
 Return value:  Size  Location     Type
                  4    0[BANK0 ] long 
 Registers used:
		wreg, status,2, status,0, btemp+1
 Tracked objects:
		On entry : 
		On exit  : 
		Unchanged: 
 Data sizes:     COMMON   BANK0   BANK1   BANK3   BANK2
      Params:         0       8       0       0       0
      Locals:         0       6       0       0       0
      Temps:          1       0       0       0       0
      Totals:         1      14       0       0       0
Total ram usage:       15 bytes
 Hardware stack levels used:    1
 Hardware stack levels required when called:    1
 This function calls:
		Nothing
 This function is called by:
		_CONUSARTM
 This function uses a non-reentrant model


 *************** function _intac *****************
 Defined at:
		line 28 in file "master.c"
 Parameters:    Size  Location     Type
		None
 Auto vars:     Size  Location     Type
		None
 Return value:  Size  Location     Type
                  1    wreg      void 
 Registers used:
		wreg, fsr0l, fsr0h, status,2, status,0
 Tracked objects:
		On entry : 
		On exit  : 
		Unchanged: 
 Data sizes:     COMMON   BANK0   BANK1   BANK3   BANK2
      Params:         0       0       0       0       0
      Locals:         0       0       0       0       0
      Temps:          3       0       0       0       0
      Totals:         3       0       0       0       0
Total ram usage:        3 bytes
 Hardware stack levels used:    1
 This function calls:
		Nothing
 This function is called by:
		Interrupt level 1
 This function uses a non-reentrant model



MODULE INFORMATION

Module		Function		Class		Link	Load	Size
C:\Program Files\Microchip\xc8\v2.20\pic\sources\c90\common\aldiv.c
		___aldiv       		CODE           	0DDB	0000	158

C:\Program Files\Microchip\xc8\v2.20\pic\sources\c90\common\aldiv.c estimated size: 158

C:\Program Files\Microchip\xc8\v2.20\pic\sources\c90\common\isdigit.c
		_isdigit       		CODE           	07EE	0000	19

C:\Program Files\Microchip\xc8\v2.20\pic\sources\c90\common\isdigit.c estimated size: 19

C:\Program Files\Microchip\xc8\v2.20\pic\sources\c90\common\Umul8_16.c
		__Umul8_16     		CODE           	0B8E	0000	42

C:\Program Files\Microchip\xc8\v2.20\pic\sources\c90\common\Umul8_16.c estimated size: 42

EUSCON.c
		_CONUSARTM     		CODE           	0CF2	0000	110

EUSCON.c estimated size: 110

C:\Program Files\Microchip\xc8\v2.20\pic\sources\c90\common\xxtofl.c
		___xxtofl      		CODE           	0732	0000	189

C:\Program Files\Microchip\xc8\v2.20\pic\sources\c90\common\xxtofl.c estimated size: 189

C:\Program Files\Microchip\xc8\v2.20\pic\sources\c90\common\lwmod.c
		___lwmod       		CODE           	0C70	0000	61

C:\Program Files\Microchip\xc8\v2.20\pic\sources\c90\common\lwmod.c estimated size: 61

spimaster.c
		_spiconm       		CODE           	0AEB	0000	13

spimaster.c estimated size: 13

C:\Program Files\Microchip\xc8\v2.20\pic\sources\c90\common\doprnt.c
		_sprintf       		CODE           	0E78	0000	393

C:\Program Files\Microchip\xc8\v2.20\pic\sources\c90\common\doprnt.c estimated size: 393

shared
		__stringtab    		STRING         	0800	0000	17
		_dpowers       		STRING         	0810	0000	11
		__initialization		CODE           	0011	0000	34

shared estimated size: 62

master.c
		_main          		CODE           	0574	0000	447
		_intac         		CODE           	0B69	0000	38

master.c estimated size: 485

C:\Program Files\Microchip\xc8\v2.20\pic\sources\c90\common\Umul16.c
		___wmul        		CODE           	0BB7	0000	44

C:\Program Files\Microchip\xc8\v2.20\pic\sources\c90\common\Umul16.c estimated size: 44

C:\Program Files\Microchip\xc8\v2.20\pic\sources\c90\common\lwdiv.c
		___lwdiv       		CODE           	0CAC	0000	71

C:\Program Files\Microchip\xc8\v2.20\pic\sources\c90\common\lwdiv.c estimated size: 71

C:\Program Files\Microchip\xc8\v2.20\pic\sources\c90\common\fltol.c
		___fltol       		CODE           	0D5F	0000	125

C:\Program Files\Microchip\xc8\v2.20\pic\sources\c90\common\fltol.c estimated size: 125

lcd.c
		_LCDCmd        		CODE           	0B18	0000	19
		_LCDWrite      		CODE           	0AF7	0000	17
		_LCD_Initialize		CODE           	0C0F	0000	49
		_LCDStr        		CODE           	0BE2	0000	46
		_LCDChar       		CODE           	0B2A	0000	20
		_LCDGoto       		CODE           	0C3F	0000	50

lcd.c estimated size: 201

configuracion.c
		_inter         		CODE           	0AE1	0000	11
		_setupm1       		CODE           	0B07	0000	18

configuracion.c estimated size: 29

C:\Program Files\Microchip\xc8\v2.20\pic\sources\c90\common\sprcmul.c
		___flmul       		CODE           	0036	0000	866

C:\Program Files\Microchip\xc8\v2.20\pic\sources\c90\common\sprcmul.c estimated size: 866

C:\Program Files\Microchip\xc8\v2.20\pic\sources\c90\common\sprcdiv.c
		___fldiv       		CODE           	0397	0000	478

C:\Program Files\Microchip\xc8\v2.20\pic\sources\c90\common\sprcdiv.c estimated size: 478

